2026-09-21 15:46:13,601 [MainThread] ============================================================
2026-09-21 15:46:13,601 [MainThread] RDS MySQL DDL Concurrent DML Verification Suite
2026-09-21 15:46:13,601 [MainThread] ============================================================
2026-09-21 15:46:13,601 [MainThread] 
### Phase 1: Individual Test Cases ###
2026-09-21 15:46:13,601 [MainThread] === Max Column Count Test (1017 columns) ===
2026-09-21 15:46:15,205 [MainThread] Max column test results: {
  "instant": {
    "success": true,
    "duration": 0.2854,
    "error": null,
    "data_check": "(1015,)"
  },
  "inplace": {
    "success": true,
    "duration": 0.1815,
    "error": null,
    "data_check": "(1015,)"
  }
}
2026-09-21 15:46:15,206 [MainThread] === Consecutive INSTANT Performance Test ===
2026-09-21 15:46:25,183 [MainThread] Consecutive INSTANT results: {
  "add_10_cols": {
    "duration": 0.389
  },
  "qps_after_10": {
    "qps": 60.02,
    "duration": 1.6661
  },
  "insert_qps_after_10": {
    "qps": 5515.45
  },
  "add_30_cols": {
    "duration": 1.1696
  },
  "qps_after_30": {
    "qps": 53.17,
    "duration": 1.8808
  },
  "insert_qps_after_30": {
    "qps": 5178.1
  },
  "add_50_cols": {
    "duration": 2.1033
  },
  "qps_after_50": {
    "qps": 59.41,
    "duration": 1.6833
  },
  "insert_qps_after_50": {
    "qps": 5226.33
  }
}
2026-09-21 15:46:25,184 [MainThread] === DDL Fuzz Memory Leak Test (1000 rounds) ===
2026-09-21 15:46:25,542 [MainThread] Fuzz round 0: innodb memory = 0.00 MB
2026-09-21 15:46:38,517 [MainThread] Fuzz round 50: innodb memory = 0.00 MB
2026-09-21 15:46:51,608 [MainThread] Fuzz round 100: innodb memory = 0.00 MB
2026-09-21 15:47:04,739 [MainThread] Fuzz round 150: innodb memory = 0.00 MB
2026-09-21 15:47:17,833 [MainThread] Fuzz round 200: innodb memory = 0.00 MB
2026-09-21 15:47:30,860 [MainThread] Fuzz round 250: innodb memory = 0.00 MB
2026-09-21 15:47:43,880 [MainThread] Fuzz round 300: innodb memory = 0.00 MB
2026-09-21 15:47:56,939 [MainThread] Fuzz round 350: innodb memory = 0.00 MB
2026-09-21 15:48:10,038 [MainThread] Fuzz round 400: innodb memory = 0.00 MB
2026-09-21 15:48:23,192 [MainThread] Fuzz round 450: innodb memory = 0.00 MB
2026-09-21 15:48:36,271 [MainThread] Fuzz round 500: innodb memory = 0.00 MB
2026-09-21 15:48:49,337 [MainThread] Fuzz round 550: innodb memory = 0.00 MB
2026-09-21 15:49:02,361 [MainThread] Fuzz round 600: innodb memory = 0.00 MB
2026-09-21 15:49:15,558 [MainThread] Fuzz round 650: innodb memory = 0.00 MB
2026-09-21 15:49:28,716 [MainThread] Fuzz round 700: innodb memory = 0.00 MB
2026-09-21 15:49:41,742 [MainThread] Fuzz round 750: innodb memory = 0.00 MB
2026-09-21 15:49:54,804 [MainThread] Fuzz round 800: innodb memory = 0.00 MB
2026-09-21 15:50:07,981 [MainThread] Fuzz round 850: innodb memory = 0.00 MB
2026-09-21 15:50:21,159 [MainThread] Fuzz round 900: innodb memory = 0.00 MB
2026-09-21 15:50:34,259 [MainThread] Fuzz round 950: innodb memory = 0.00 MB
2026-09-21 15:50:47,149 [MainThread] DDL Fuzz results: verdict=NO_LEAK, growth=0%
2026-09-21 15:50:47,150 [MainThread] === Consecutive ALTER Chain Test ===
2026-09-21 15:50:48,412 [MainThread] Chain test results: {
  "SMALLINT": {
    "success": true,
    "duration": 0.0449,
    "error": null,
    "new_range_insert": "OK"
  },
  "MEDIUMINT": {
    "success": true,
    "duration": 0.0462,
    "error": null,
    "new_range_insert": "OK"
  },
  "INT": {
    "success": true,
    "duration": 0.0419,
    "error": null,
    "new_range_insert": "OK"
  },
  "BIGINT": {
    "success": true,
    "duration": 0.0428,
    "error": null,
    "new_range_insert": "OK"
  },
  "verification": "PASS",
  "u_SMALLINT UNSIGNED": {
    "success": true,
    "error": null
  },
  "u_MEDIUMINT UNSIGNED": {
    "success": true,
    "error": null
  },
  "u_INT UNSIGNED": {
    "success": true,
    "error": null
  },
  "u_BIGINT UNSIGNED": {
    "success": true,
    "error": null
  },
  "u_verification": "PASS"
}
2026-09-21 15:50:48,412 [MainThread] === Multi-Column ALTER Test ===
2026-09-21 15:50:48,907 [MainThread] Multi-column results: {
  "inplace": {
    "success": false,
    "duration": 0.033,
    "error": "(1846, 'ALGORITHM=INPLACE is not supported. Reason: Cannot change column type INPLACE. Try ALGORITHM=COPY.')"
  },
  "instant": {
    "success": true,
    "duration": 0.0358,
    "error": null
  }
}
2026-09-21 15:50:48,907 [MainThread] === Same-Key Delete-Reinsert + Transaction Rollback ===
2026-09-21 15:50:53,473 [MainThread] Same-key test results: {
  "ddl": {
    "success": true,
    "duration": 0.0471,
    "error": null
  },
  "verification": "PASS",
  "unique_check": "PASS"
}
2026-09-21 15:50:53,474 [MainThread] === Unique Key Replay Conflict Test ===
2026-09-21 15:50:58,374 [MainThread] Unique conflict test results: {
  "ddl": {
    "success": true,
    "duration": 0.0539,
    "error": null
  },
  "verification": "PASS",
  "unique_check": "PASS"
}
2026-09-21 15:50:58,374 [MainThread] === Virtual Generated Column Test ===
2026-09-21 15:50:58,893 [MainThread] Virtual column results: {
  "inplace_shared": {
    "success": true,
    "duration": 0.0484,
    "error": null,
    "post_data": "((1, 100, 200), (2, -1, -2), (3, 0, 0), (4, 2147483647, 4294967294), (5, None, None), (6, 2147483648, 4294967296))",
    "gen_check": "(2147483648, 4294967296)"
  },
  "lock_none_expected_fail": {
    "success": true,
    "error": null,
    "expected": "FAIL"
  },
  "instant_expected_fail": {
    "success": true,
    "error": null,
    "expected": "FAIL"
  }
}
2026-09-21 15:50:58,893 [MainThread] === Index Scenario Test ===
2026-09-21 15:50:59,496 [MainThread] Index test results: {
  "ddl": {
    "success": true,
    "duration": 0.0507,
    "error": null
  },
  "idx_asc_works": true,
  "idx_desc_works": true,
  "verification": "PASS"
}
2026-09-21 15:50:59,496 [MainThread] === View-Dependent Table Test ===
2026-09-21 15:51:00,079 [MainThread] View test results: {
  "pre_v1": "((1, 100, 'hello'),)",
  "pre_v2": "((1, 200), (2, -2), (3, 0))",
  "ddl": {
    "success": true,
    "error": null
  },
  "post_v1": "((1, 100, 'hello'),)",
  "post_v2": "((1, 200), (2, -2), (3, 0))",
  "v1_match": true,
  "v2_match": true,
  "v1_with_new": "((1, 100, 'hello'), (4, 2147483648, 'new'))",
  "alter_view_rejected": true
}
2026-09-21 15:51:00,080 [MainThread] === Temporary Table Test ===
2026-09-21 15:51:00,343 [MainThread] Temp table results: {
  "instant": {
    "success": false,
    "error": "(1845, 'ALGORITHM=INSTANT is not supported for this operation. Try ALGORITHM=COPY.')",
    "expected": "FAIL"
  },
  "inplace": {
    "success": false,
    "error": "(1845, 'ALGORITHM=INPLACE is not supported for this operation. Try ALGORITHM=COPY.')",
    "expected": "FAIL"
  },
  "table_usable": true,
  "data_intact": "((1, 100, 'hello'), (2, -1, None))"
}
2026-09-21 15:51:00,343 [MainThread] === Consecutive DDL Performance Stability ===
2026-09-21 15:51:16,556 [MainThread] Consecutive DDL perf: {
  "rounds": [
    {
      "round": 0,
      "duration": 0.0449,
      "success": true
    },
    {
      "round": 1,
      "duration": 0.1153,
      "success": true
    },
    {
      "round": 2,
      "duration": 0.039,
      "success": true
    },
    {
      "round": 3,
      "duration": 0.0444,
      "success": true
    },
    {
      "round": 4,
      "duration": 0.1132,
      "success": true
    },
    {
      "round": 5,
      "duration": 0.0386,
      "success": true
    },
    {
      "round": 6,
      "duration": 0.0438,
      "success": true
    },
    {
      "round": 7,
      "duration": 0.1133,
      "success": true
    },
    {
      "round": 8,
      "duration": 0.039,
      "success": true
    },
    {
      "round": 9,
      "duration": 0.0437,
      "success": true
    },
    {
      "round": 10,
      "duration": 0.1203,
      "success": true
    },
    {
      "round": 11,
      "duration": 0.0387,
      "success": true
    },
    {
      "round": 12,
      "duration": 0.0439,
      "success": true
    },
    {
      "round": 13,
      "duration": 0.1146,
      "success": true
    },
    {
      "round": 14,
      "duration": 0.0389,
      "success": true
    },
    {
      "round": 15,
      "duration": 0.0453,
      "success": true
    },
    {
      "round": 16,
      "duration": 0.1118,
      "success": true
    },
    {
      "round": 17,
      "duration": 0.0395,
      "success": true
    },
    {
      "round": 18,
      "duration": 0.0458,
      "success": true
    },
    {
      "round": 19,
      "duration": 0.1119,
      "success": true
    },
    {
      "round": 20,
      "duration": 0.0387,
      "success": true
    },
    {
      "round": 21,
      "duration": 0.0441,
      "success": true
    },
    {
      "round": 22,
      "duration": 0.1115,
      "success": true
    },
    {
      "round": 23,
      "duration": 0.0386,
      "success": true
    },
    {
      "round": 24,
      "duration": 0.0515,
      "success": true
    },
    {
      "round": 25,
      "duration": 0.1197,
      "success": true
    },
    {
      "round": 26,
      "duration": 0.0388,
      "success": true
    },
    {
      "round": 27,
      "duration": 0.0436,
      "success": true
    },
    {
      "round": 28,
      "duration": 0.1231,
      "success": true
    },
    {
      "round": 29,
      "duration": 0.0401,
      "success": true
    }
  ],
  "first_5_avg": 0.0714,
  "last_5_avg": 0.0731,
  "degradation": 2.38,
  "verdict": "STABLE"
}
2026-09-21 15:51:16,557 [MainThread] === VARCHAR Boundary + Tail Space Semantics ===
2026-09-21 15:51:23,379 [MainThread] VARCHAR boundary results: {
  "VAR-255L-DYN": {
    "success": true,
    "duration": 0.0418,
    "verification": "PASS"
  },
  "VAR-255L-CMP": {
    "success": true,
    "duration": 0.0447,
    "verification": "PASS"
  },
  "VAR-255L-RED": {
    "success": true,
    "duration": 0.0433,
    "verification": "PASS"
  },
  "VAR-255L-PRS": {
    "success": true,
    "duration": 0.0421,
    "verification": "PASS"
  },
  "VAR-85U3-DYN": {
    "success": true,
    "duration": 0.0437,
    "verification": "PASS"
  },
  "VAR-63U4-DYN": {
    "success": true,
    "duration": 0.0415,
    "verification": "PASS"
  },
  "CHAR-PAD": {
    "success": true,
    "duration": 0.0423,
    "verification": "PASS"
  },
  "CHAR-NOPAD": {
    "success": true,
    "duration": 0.0368,
    "verification": "PASS"
  }
}
2026-09-21 15:51:23,379 [MainThread] === DECIMAL 9-bit Encoding Boundary ===
2026-09-21 15:51:30,767 [MainThread] DECIMAL boundary results: {
  "DEC-9to10_D2": {
    "success": false,
    "error": "(1846, 'ALGORITHM=INPLACE is not supported. Reason: Cannot change column type INPLACE. Try ALGORITHM=COPY.')"
  },
  "DEC-18to19_D2": {
    "success": false,
    "error": "(1846, 'ALGORITHM=INPLACE is not supported. Reason: Cannot change column type INPLACE. Try ALGORITHM=COPY.')"
  },
  "DEC-27to28_D2": {
    "success": false,
    "error": "(1846, 'ALGORITHM=INPLACE is not supported. Reason: Cannot change column type INPLACE. Try ALGORITHM=COPY.')"
  },
  "DEC-36to37_D2": {
    "success": false,
    "error": "(1846, 'ALGORITHM=INPLACE is not supported. Reason: Cannot change column type INPLACE. Try ALGORITHM=COPY.')"
  },
  "DEC-45to46_D2": {
    "success": false,
    "error": "(1846, 'ALGORITHM=INPLACE is not supported. Reason: Cannot change column type INPLACE. Try ALGORITHM=COPY.')"
  },
  "DEC-54to55_D2": {
    "success": false,
    "error": "(1846, 'ALGORITHM=INPLACE is not supported. Reason: Cannot change column type INPLACE. Try ALGORITHM=COPY.')"
  },
  "DEC-1to2_D0": {
    "success": false,
    "error": "(1846, 'ALGORITHM=INPLACE is not supported. Reason: Cannot change column type INPLACE. Try ALGORITHM=COPY.')"
  },
  "DEC-1to2_D1": {
    "success": false,
    "error": "(1846, 'ALGORITHM=INPLACE is not supported. Reason: Cannot change column type INPLACE. Try ALGORITHM=COPY.')"
  },
  "DEC-64to65_D30": {
    "success": false,
    "error": "(1846, 'ALGORITHM=INPLACE is not supported. Reason: Cannot change column type INPLACE. Try ALGORITHM=COPY.')"
  },
  "DEC-31to33_D30": {
    "success": false,
    "error": "(1846, 'ALGORITHM=INPLACE is not supported. Reason: Cannot change column type INPLACE. Try ALGORITHM=COPY.')"
  },
  "DEC-10to12_D2": {
    "success": false,
    "error": "(1846, 'ALGORITHM=INPLACE is not supported. Reason: Cannot change column type INPLACE. Try ALGORITHM=COPY.')"
  },
  "DEC-18to20_D0": {
    "success": false,
    "error": "(1846, 'ALGORITHM=INPLACE is not supported. Reason: Cannot change column type INPLACE. Try ALGORITHM=COPY.')"
  }
}
2026-09-21 15:51:30,767 [MainThread] 
### Phase 2: Concurrent DML Tests ###
2026-09-21 15:51:30,802 [MainThread] Running CD-INT-S-INPLACE...
2026-09-21 15:51:30,803 [MainThread] [CD-INT-S-INPLACE] Starting setup...
2026-09-21 15:51:31,621 [MainThread] [CD-INT-S-INPLACE] Starting 4 DML workers...
2026-09-21 15:51:32,629 [MainThread] [CD-INT-S-INPLACE] Firing DDL...
2026-09-21 15:51:32,735 [MainThread] [CD-INT-S-INPLACE] DDL succeeded in 0.03s
2026-09-21 15:51:32,736 [MainThread] [CD-INT-S-INPLACE] Post-DDL DML for 5s...
2026-09-21 15:51:40,356 [MainThread] [CD-INT-S-INPLACE] Verifying...
2026-09-21 15:51:40,714 [MainThread] [CD-INT-S-INPLACE] Done: PASS (DDL=SUCCESS, DML ops=685, errors=2)
2026-09-21 15:51:40,714 [MainThread] Running CD-INT-S-INSTANT...
2026-09-21 15:51:40,714 [MainThread] [CD-INT-S-INSTANT] Starting setup...
2026-09-21 15:51:41,648 [MainThread] [CD-INT-S-INSTANT] Starting 4 DML workers...
2026-09-21 15:51:42,659 [MainThread] [CD-INT-S-INSTANT] Firing DDL...
2026-09-21 15:51:42,755 [MainThread] [CD-INT-S-INSTANT] DDL succeeded in 0.02s
2026-09-21 15:51:42,755 [MainThread] [CD-INT-S-INSTANT] Post-DDL DML for 5s...
2026-09-21 15:51:50,412 [MainThread] [CD-INT-S-INSTANT] Verifying...
2026-09-21 15:51:50,742 [MainThread] [CD-INT-S-INSTANT] Done: PASS (DDL=SUCCESS, DML ops=669, errors=1)
2026-09-21 15:51:50,743 [MainThread] Running CD-INT-U-INPLACE...
2026-09-21 15:51:50,743 [MainThread] [CD-INT-U-INPLACE] Starting setup...
2026-09-21 15:51:51,495 [MainThread] [CD-INT-U-INPLACE] Starting 4 DML workers...
2026-09-21 15:51:52,503 [MainThread] [CD-INT-U-INPLACE] Firing DDL...
2026-09-21 15:51:52,602 [MainThread] [CD-INT-U-INPLACE] DDL succeeded in 0.03s
2026-09-21 15:51:52,603 [MainThread] [CD-INT-U-INPLACE] Post-DDL DML for 5s...
2026-09-21 15:52:00,060 [MainThread] [CD-INT-U-INPLACE] Verifying...
2026-09-21 15:52:00,386 [MainThread] [CD-INT-U-INPLACE] Done: PASS (DDL=SUCCESS, DML ops=672, errors=2)
2026-09-21 15:52:00,386 [MainThread] Running CD-INT-U-INSTANT...
2026-09-21 15:52:00,386 [MainThread] [CD-INT-U-INSTANT] Starting setup...
2026-09-21 15:52:01,129 [MainThread] [CD-INT-U-INSTANT] Starting 4 DML workers...
2026-09-21 15:52:02,136 [MainThread] [CD-INT-U-INSTANT] Firing DDL...
2026-09-21 15:52:02,235 [MainThread] [CD-INT-U-INSTANT] DDL succeeded in 0.02s
2026-09-21 15:52:02,236 [MainThread] [CD-INT-U-INSTANT] Post-DDL DML for 5s...
2026-09-21 15:52:09,888 [MainThread] [CD-INT-U-INSTANT] Verifying...
2026-09-21 15:52:10,225 [MainThread] [CD-INT-U-INSTANT] Done: PASS (DDL=SUCCESS, DML ops=696, errors=1)
2026-09-21 15:52:10,226 [MainThread] Running CD-TINY-S-INPLACE...
2026-09-21 15:52:10,226 [MainThread] [CD-TINY-S-INPLACE] Starting setup...
2026-09-21 15:52:10,991 [MainThread] [CD-TINY-S-INPLACE] Starting 4 DML workers...
2026-09-21 15:52:11,997 [MainThread] [CD-TINY-S-INPLACE] Firing DDL...
2026-09-21 15:52:12,104 [MainThread] [CD-TINY-S-INPLACE] DDL succeeded in 0.03s
2026-09-21 15:52:12,104 [MainThread] [CD-TINY-S-INPLACE] Post-DDL DML for 5s...
2026-09-21 15:52:19,765 [MainThread] [CD-TINY-S-INPLACE] Verifying...
2026-09-21 15:52:20,172 [MainThread] [CD-TINY-S-INPLACE] Done: PASS (DDL=SUCCESS, DML ops=667, errors=1)
2026-09-21 15:52:20,173 [MainThread] Running CD-TINY-S-INSTANT...
2026-09-21 15:52:20,173 [MainThread] [CD-TINY-S-INSTANT] Starting setup...
2026-09-21 15:52:20,962 [MainThread] [CD-TINY-S-INSTANT] Starting 4 DML workers...
2026-09-21 15:52:21,966 [MainThread] [CD-TINY-S-INSTANT] Firing DDL...
2026-09-21 15:52:22,069 [MainThread] [CD-TINY-S-INSTANT] DDL succeeded in 0.03s
2026-09-21 15:52:22,069 [MainThread] [CD-TINY-S-INSTANT] Post-DDL DML for 5s...
2026-09-21 15:52:29,673 [MainThread] [CD-TINY-S-INSTANT] Verifying...
2026-09-21 15:52:30,017 [MainThread] [CD-TINY-S-INSTANT] Done: PASS (DDL=SUCCESS, DML ops=663, errors=2)
2026-09-21 15:52:30,017 [MainThread] Running CD-TINY-U-INPLACE...
2026-09-21 15:52:30,017 [MainThread] [CD-TINY-U-INPLACE] Starting setup...
2026-09-21 15:52:30,741 [MainThread] [CD-TINY-U-INPLACE] Starting 4 DML workers...
2026-09-21 15:52:31,750 [MainThread] [CD-TINY-U-INPLACE] Firing DDL...
2026-09-21 15:52:31,869 [MainThread] [CD-TINY-U-INPLACE] DDL succeeded in 0.03s
2026-09-21 15:52:31,870 [MainThread] [CD-TINY-U-INPLACE] Post-DDL DML for 5s...
2026-09-21 15:52:39,374 [MainThread] [CD-TINY-U-INPLACE] Verifying...
2026-09-21 15:52:39,727 [MainThread] [CD-TINY-U-INPLACE] Done: PASS (DDL=SUCCESS, DML ops=713, errors=1)
2026-09-21 15:52:39,727 [MainThread] Running CD-TINY-U-INSTANT...
2026-09-21 15:52:39,727 [MainThread] [CD-TINY-U-INSTANT] Starting setup...
2026-09-21 15:52:40,338 [MainThread] [CD-TINY-U-INSTANT] Starting 4 DML workers...
2026-09-21 15:52:41,349 [MainThread] [CD-TINY-U-INSTANT] Firing DDL...
2026-09-21 15:52:41,451 [MainThread] [CD-TINY-U-INSTANT] DDL succeeded in 0.03s
2026-09-21 15:52:41,452 [MainThread] [CD-TINY-U-INSTANT] Post-DDL DML for 5s...
2026-09-21 15:52:48,976 [MainThread] [CD-TINY-U-INSTANT] Verifying...
2026-09-21 15:52:49,293 [MainThread] [CD-TINY-U-INSTANT] Done: PASS (DDL=SUCCESS, DML ops=711, errors=2)
2026-09-21 15:52:49,293 [MainThread] Running CD-CHAR-L1-INPLACE...
2026-09-21 15:52:49,294 [MainThread] [CD-CHAR-L1-INPLACE] Starting setup...
2026-09-21 15:52:49,870 [MainThread] [CD-CHAR-L1-INPLACE] Starting 4 DML workers...
2026-09-21 15:52:50,881 [MainThread] [CD-CHAR-L1-INPLACE] Firing DDL...
2026-09-21 15:52:50,987 [MainThread] [CD-CHAR-L1-INPLACE] DDL succeeded in 0.03s
2026-09-21 15:52:50,988 [MainThread] [CD-CHAR-L1-INPLACE] Post-DDL DML for 5s...
2026-09-21 15:52:58,583 [MainThread] [CD-CHAR-L1-INPLACE] Verifying...
2026-09-21 15:52:58,927 [MainThread] [CD-CHAR-L1-INPLACE] Done: PASS (DDL=SUCCESS, DML ops=630, errors=2)
2026-09-21 15:52:58,928 [MainThread] Running CD-CHAR-L1-INSTANT...
2026-09-21 15:52:58,928 [MainThread] [CD-CHAR-L1-INSTANT] Starting setup...
2026-09-21 15:52:59,655 [MainThread] [CD-CHAR-L1-INSTANT] Starting 4 DML workers...
2026-09-21 15:53:00,659 [MainThread] [CD-CHAR-L1-INSTANT] Firing DDL...
2026-09-21 15:53:00,761 [MainThread] [CD-CHAR-L1-INSTANT] DDL succeeded in 0.02s
2026-09-21 15:53:00,761 [MainThread] [CD-CHAR-L1-INSTANT] Post-DDL DML for 5s...
2026-09-21 15:53:08,365 [MainThread] [CD-CHAR-L1-INSTANT] Verifying...
2026-09-21 15:53:08,676 [MainThread] [CD-CHAR-L1-INSTANT] Done: PASS (DDL=SUCCESS, DML ops=667, errors=0)
2026-09-21 15:53:08,676 [MainThread] Running CD-CHAR-63U-INPLACE...
2026-09-21 15:53:08,676 [MainThread] [CD-CHAR-63U-INPLACE] Starting setup...
2026-09-21 15:53:09,576 [MainThread] [CD-CHAR-63U-INPLACE] Starting 4 DML workers...
2026-09-21 15:53:10,586 [MainThread] [CD-CHAR-63U-INPLACE] Firing DDL...
2026-09-21 15:53:10,683 [MainThread] [CD-CHAR-63U-INPLACE] DDL succeeded in 0.03s
2026-09-21 15:53:10,683 [MainThread] [CD-CHAR-63U-INPLACE] Post-DDL DML for 5s...
2026-09-21 15:53:18,426 [MainThread] [CD-CHAR-63U-INPLACE] Verifying...
2026-09-21 15:53:18,780 [MainThread] [CD-CHAR-63U-INPLACE] Done: PASS (DDL=SUCCESS, DML ops=673, errors=2)
2026-09-21 15:53:18,780 [MainThread] Running CD-CHAR-63U-INSTANT...
2026-09-21 15:53:18,780 [MainThread] [CD-CHAR-63U-INSTANT] Starting setup...
2026-09-21 15:53:19,593 [MainThread] [CD-CHAR-63U-INSTANT] Starting 4 DML workers...
2026-09-21 15:53:20,599 [MainThread] [CD-CHAR-63U-INSTANT] Firing DDL...
2026-09-21 15:53:20,697 [MainThread] [CD-CHAR-63U-INSTANT] DDL succeeded in 0.02s
2026-09-21 15:53:20,698 [MainThread] [CD-CHAR-63U-INSTANT] Post-DDL DML for 5s...
2026-09-21 15:53:28,284 [MainThread] [CD-CHAR-63U-INSTANT] Verifying...
2026-09-21 15:53:28,591 [MainThread] [CD-CHAR-63U-INSTANT] Done: PASS (DDL=SUCCESS, DML ops=654, errors=3)
2026-09-21 15:53:28,592 [MainThread] Running CD-CHAR-254U-INPLACE...
2026-09-21 15:53:28,592 [MainThread] [CD-CHAR-254U-INPLACE] Starting setup...
2026-09-21 15:53:29,323 [MainThread] [CD-CHAR-254U-INPLACE] Starting 4 DML workers...
2026-09-21 15:53:30,328 [MainThread] [CD-CHAR-254U-INPLACE] Firing DDL...
2026-09-21 15:53:30,423 [MainThread] [CD-CHAR-254U-INPLACE] DDL succeeded in 0.03s
2026-09-21 15:53:30,423 [MainThread] [CD-CHAR-254U-INPLACE] Post-DDL DML for 5s...
2026-09-21 15:53:38,086 [MainThread] [CD-CHAR-254U-INPLACE] Verifying...
2026-09-21 15:53:38,421 [MainThread] [CD-CHAR-254U-INPLACE] Done: PASS (DDL=SUCCESS, DML ops=626, errors=0)
2026-09-21 15:53:38,422 [MainThread] Running CD-CHAR-254U-INSTANT...
2026-09-21 15:53:38,422 [MainThread] [CD-CHAR-254U-INSTANT] Starting setup...
2026-09-21 15:53:39,104 [MainThread] [CD-CHAR-254U-INSTANT] Starting 4 DML workers...
2026-09-21 15:53:40,112 [MainThread] [CD-CHAR-254U-INSTANT] Firing DDL...
2026-09-21 15:53:40,206 [MainThread] [CD-CHAR-254U-INSTANT] DDL succeeded in 0.02s
2026-09-21 15:53:40,206 [MainThread] [CD-CHAR-254U-INSTANT] Post-DDL DML for 5s...
2026-09-21 15:53:47,824 [MainThread] [CD-CHAR-254U-INSTANT] Verifying...
2026-09-21 15:53:48,171 [MainThread] [CD-CHAR-254U-INSTANT] Done: PASS (DDL=SUCCESS, DML ops=660, errors=1)
2026-09-21 15:53:48,171 [MainThread] Running CD-VAR-L1-INPLACE...
2026-09-21 15:53:48,171 [MainThread] [CD-VAR-L1-INPLACE] Starting setup...
2026-09-21 15:53:48,940 [MainThread] [CD-VAR-L1-INPLACE] Starting 4 DML workers...
2026-09-21 15:53:49,949 [MainThread] [CD-VAR-L1-INPLACE] Firing DDL...
2026-09-21 15:53:50,043 [MainThread] [CD-VAR-L1-INPLACE] DDL succeeded in 0.02s
2026-09-21 15:53:50,044 [MainThread] [CD-VAR-L1-INPLACE] Post-DDL DML for 5s...
2026-09-21 15:53:57,583 [MainThread] [CD-VAR-L1-INPLACE] Verifying...
2026-09-21 15:53:57,948 [MainThread] [CD-VAR-L1-INPLACE] Done: PASS (DDL=SUCCESS, DML ops=680, errors=1)
2026-09-21 15:53:57,948 [MainThread] Running CD-VAR-L1-INSTANT...
2026-09-21 15:53:57,948 [MainThread] [CD-VAR-L1-INSTANT] Starting setup...
2026-09-21 15:53:58,729 [MainThread] [CD-VAR-L1-INSTANT] Starting 4 DML workers...
2026-09-21 15:53:59,737 [MainThread] [CD-VAR-L1-INSTANT] Firing DDL...
2026-09-21 15:53:59,834 [MainThread] [CD-VAR-L1-INSTANT] DDL succeeded in 0.02s
2026-09-21 15:53:59,834 [MainThread] [CD-VAR-L1-INSTANT] Post-DDL DML for 5s...
2026-09-21 15:54:07,376 [MainThread] [CD-VAR-L1-INSTANT] Verifying...
2026-09-21 15:54:07,684 [MainThread] [CD-VAR-L1-INSTANT] Done: PASS (DDL=SUCCESS, DML ops=632, errors=1)
2026-09-21 15:54:07,685 [MainThread] Running CD-VAR-254L-INPLACE...
2026-09-21 15:54:07,685 [MainThread] [CD-VAR-254L-INPLACE] Starting setup...
2026-09-21 15:54:08,357 [MainThread] [CD-VAR-254L-INPLACE] Starting 4 DML workers...
2026-09-21 15:54:09,359 [MainThread] [CD-VAR-254L-INPLACE] Firing DDL...
2026-09-21 15:54:09,463 [MainThread] [CD-VAR-254L-INPLACE] DDL succeeded in 0.02s
2026-09-21 15:54:09,463 [MainThread] [CD-VAR-254L-INPLACE] Post-DDL DML for 5s...
2026-09-21 15:54:17,054 [MainThread] [CD-VAR-254L-INPLACE] Verifying...
2026-09-21 15:54:17,386 [MainThread] [CD-VAR-254L-INPLACE] Done: PASS (DDL=SUCCESS, DML ops=622, errors=2)
2026-09-21 15:54:17,386 [MainThread] Running CD-VAR-254L-INSTANT...
2026-09-21 15:54:17,386 [MainThread] [CD-VAR-254L-INSTANT] Starting setup...
2026-09-21 15:54:18,061 [MainThread] [CD-VAR-254L-INSTANT] Starting 4 DML workers...
2026-09-21 15:54:19,072 [MainThread] [CD-VAR-254L-INSTANT] Firing DDL...
2026-09-21 15:54:19,178 [MainThread] [CD-VAR-254L-INSTANT] DDL succeeded in 0.03s
2026-09-21 15:54:19,178 [MainThread] [CD-VAR-254L-INSTANT] Post-DDL DML for 5s...
2026-09-21 15:54:26,694 [MainThread] [CD-VAR-254L-INSTANT] Verifying...
2026-09-21 15:54:27,009 [MainThread] [CD-VAR-254L-INSTANT] Done: PASS (DDL=SUCCESS, DML ops=628, errors=3)
2026-09-21 15:54:27,010 [MainThread] Running CD-VAR-255L-INPLACE...
2026-09-21 15:54:27,010 [MainThread] [CD-VAR-255L-INPLACE] Starting setup...
2026-09-21 15:54:27,705 [MainThread] [CD-VAR-255L-INPLACE] Starting 4 DML workers...
2026-09-21 15:54:28,714 [MainThread] [CD-VAR-255L-INPLACE] Firing DDL...
2026-09-21 15:54:28,814 [MainThread] [CD-VAR-255L-INPLACE] DDL succeeded in 0.03s
2026-09-21 15:54:28,815 [MainThread] [CD-VAR-255L-INPLACE] Post-DDL DML for 5s...
2026-09-21 15:54:36,348 [MainThread] [CD-VAR-255L-INPLACE] Verifying...
2026-09-21 15:54:36,635 [MainThread] [CD-VAR-255L-INPLACE] Done: PASS (DDL=SUCCESS, DML ops=679, errors=1)
2026-09-21 15:54:36,636 [MainThread] Running CD-VAR-255L-INSTANT...
2026-09-21 15:54:36,636 [MainThread] [CD-VAR-255L-INSTANT] Starting setup...
2026-09-21 15:54:37,282 [MainThread] [CD-VAR-255L-INSTANT] Starting 4 DML workers...
2026-09-21 15:54:38,290 [MainThread] [CD-VAR-255L-INSTANT] Firing DDL...
2026-09-21 15:54:38,397 [MainThread] [CD-VAR-255L-INSTANT] DDL succeeded in 0.03s
2026-09-21 15:54:38,397 [MainThread] [CD-VAR-255L-INSTANT] Post-DDL DML for 5s...
2026-09-21 15:54:45,891 [MainThread] [CD-VAR-255L-INSTANT] Verifying...
2026-09-21 15:54:46,209 [MainThread] [CD-VAR-255L-INSTANT] Done: PASS (DDL=SUCCESS, DML ops=635, errors=1)
2026-09-21 15:54:46,209 [MainThread] Running CD-VAR-85U3-INPLACE...
2026-09-21 15:54:46,210 [MainThread] [CD-VAR-85U3-INPLACE] Starting setup...
2026-09-21 15:54:46,963 [MainThread] [CD-VAR-85U3-INPLACE] Starting 4 DML workers...
2026-09-21 15:54:47,965 [MainThread] [CD-VAR-85U3-INPLACE] Firing DDL...
2026-09-21 15:54:48,061 [MainThread] [CD-VAR-85U3-INPLACE] DDL succeeded in 0.03s
2026-09-21 15:54:48,062 [MainThread] [CD-VAR-85U3-INPLACE] Post-DDL DML for 5s...
2026-09-21 15:54:55,559 [MainThread] [CD-VAR-85U3-INPLACE] Verifying...
2026-09-21 15:54:55,873 [MainThread] [CD-VAR-85U3-INPLACE] Done: PASS (DDL=SUCCESS, DML ops=621, errors=1)
2026-09-21 15:54:55,873 [MainThread] Running CD-VAR-85U3-INSTANT...
2026-09-21 15:54:55,873 [MainThread] [CD-VAR-85U3-INSTANT] Starting setup...
2026-09-21 15:54:56,561 [MainThread] [CD-VAR-85U3-INSTANT] Starting 4 DML workers...
2026-09-21 15:54:57,572 [MainThread] [CD-VAR-85U3-INSTANT] Firing DDL...
2026-09-21 15:54:57,675 [MainThread] [CD-VAR-85U3-INSTANT] DDL succeeded in 0.02s
2026-09-21 15:54:57,675 [MainThread] [CD-VAR-85U3-INSTANT] Post-DDL DML for 5s...
2026-09-21 15:55:05,191 [MainThread] [CD-VAR-85U3-INSTANT] Verifying...
2026-09-21 15:55:05,542 [MainThread] [CD-VAR-85U3-INSTANT] Done: PASS (DDL=SUCCESS, DML ops=634, errors=1)
2026-09-21 15:55:05,543 [MainThread] Running CD-VAR-63U4-INPLACE...
2026-09-21 15:55:05,543 [MainThread] [CD-VAR-63U4-INPLACE] Starting setup...
2026-09-21 15:55:06,472 [MainThread] [CD-VAR-63U4-INPLACE] Starting 4 DML workers...
2026-09-21 15:55:07,482 [MainThread] [CD-VAR-63U4-INPLACE] Firing DDL...
2026-09-21 15:55:07,608 [MainThread] [CD-VAR-63U4-INPLACE] DDL succeeded in 0.03s
2026-09-21 15:55:07,609 [MainThread] [CD-VAR-63U4-INPLACE] Post-DDL DML for 5s...
2026-09-21 15:55:15,207 [MainThread] [CD-VAR-63U4-INPLACE] Verifying...
2026-09-21 15:55:15,539 [MainThread] [CD-VAR-63U4-INPLACE] Done: PASS (DDL=SUCCESS, DML ops=646, errors=1)
2026-09-21 15:55:15,539 [MainThread] Running CD-VAR-63U4-INSTANT...
2026-09-21 15:55:15,540 [MainThread] [CD-VAR-63U4-INSTANT] Starting setup...
2026-09-21 15:55:16,481 [MainThread] [CD-VAR-63U4-INSTANT] Starting 4 DML workers...
2026-09-21 15:55:17,491 [MainThread] [CD-VAR-63U4-INSTANT] Firing DDL...
2026-09-21 15:55:17,593 [MainThread] [CD-VAR-63U4-INSTANT] DDL succeeded in 0.03s
2026-09-21 15:55:17,594 [MainThread] [CD-VAR-63U4-INSTANT] Post-DDL DML for 5s...
2026-09-21 15:55:25,144 [MainThread] [CD-VAR-63U4-INSTANT] Verifying...
2026-09-21 15:55:25,487 [MainThread] [CD-VAR-63U4-INSTANT] Done: PASS (DDL=SUCCESS, DML ops=641, errors=0)
2026-09-21 15:55:25,488 [MainThread] Running CD-VAR-100U4-INPLACE...
2026-09-21 15:55:25,488 [MainThread] [CD-VAR-100U4-INPLACE] Starting setup...
2026-09-21 15:55:26,307 [MainThread] [CD-VAR-100U4-INPLACE] Starting 4 DML workers...
2026-09-21 15:55:27,316 [MainThread] [CD-VAR-100U4-INPLACE] Firing DDL...
2026-09-21 15:55:27,408 [MainThread] [CD-VAR-100U4-INPLACE] DDL succeeded in 0.02s
2026-09-21 15:55:27,409 [MainThread] [CD-VAR-100U4-INPLACE] Post-DDL DML for 5s...
2026-09-21 15:55:35,001 [MainThread] [CD-VAR-100U4-INPLACE] Verifying...
2026-09-21 15:55:35,323 [MainThread] [CD-VAR-100U4-INPLACE] Done: PASS (DDL=SUCCESS, DML ops=656, errors=2)
2026-09-21 15:55:35,323 [MainThread] Running CD-VAR-100U4-INSTANT...
2026-09-21 15:55:35,323 [MainThread] [CD-VAR-100U4-INSTANT] Starting setup...
2026-09-21 15:55:36,065 [MainThread] [CD-VAR-100U4-INSTANT] Starting 4 DML workers...
2026-09-21 15:55:37,077 [MainThread] [CD-VAR-100U4-INSTANT] Firing DDL...
2026-09-21 15:55:37,164 [MainThread] [CD-VAR-100U4-INSTANT] DDL succeeded in 0.02s
2026-09-21 15:55:37,165 [MainThread] [CD-VAR-100U4-INSTANT] Post-DDL DML for 5s...
2026-09-21 15:55:44,748 [MainThread] [CD-VAR-100U4-INSTANT] Verifying...
2026-09-21 15:55:45,096 [MainThread] [CD-VAR-100U4-INSTANT] Done: PASS (DDL=SUCCESS, DML ops=631, errors=0)
2026-09-21 15:55:45,096 [MainThread] Running CD-BIN-10-INPLACE...
2026-09-21 15:55:45,097 [MainThread] [CD-BIN-10-INPLACE] Starting setup...
2026-09-21 15:55:45,962 [MainThread] [CD-BIN-10-INPLACE] Starting 4 DML workers...
2026-09-21 15:55:46,964 [MainThread] [CD-BIN-10-INPLACE] Firing DDL...
2026-09-21 15:55:47,063 [MainThread] [CD-BIN-10-INPLACE] DDL succeeded in 0.03s
2026-09-21 15:55:47,063 [MainThread] [CD-BIN-10-INPLACE] Post-DDL DML for 5s...
2026-09-21 15:55:54,551 [MainThread] [CD-BIN-10-INPLACE] Verifying...
2026-09-21 15:55:54,883 [MainThread] [CD-BIN-10-INPLACE] Done: PASS (DDL=SUCCESS, DML ops=602, errors=1)
2026-09-21 15:55:54,883 [MainThread] Running CD-BIN-10-INSTANT...
2026-09-21 15:55:54,884 [MainThread] [CD-BIN-10-INSTANT] Starting setup...
2026-09-21 15:55:55,800 [MainThread] [CD-BIN-10-INSTANT] Starting 4 DML workers...
2026-09-21 15:55:56,806 [MainThread] [CD-BIN-10-INSTANT] Firing DDL...
2026-09-21 15:55:56,909 [MainThread] [CD-BIN-10-INSTANT] DDL succeeded in 0.02s
2026-09-21 15:55:56,909 [MainThread] [CD-BIN-10-INSTANT] Post-DDL DML for 5s...
2026-09-21 15:56:04,440 [MainThread] [CD-BIN-10-INSTANT] Verifying...
2026-09-21 15:56:04,771 [MainThread] [CD-BIN-10-INSTANT] Done: DDL_UNEXPECTED (DDL=SUCCESS, DML ops=623, errors=2)
2026-09-21 15:56:04,771 [MainThread] Running CD-BIN-40-INPLACE...
2026-09-21 15:56:04,771 [MainThread] [CD-BIN-40-INPLACE] Starting setup...
2026-09-21 15:56:05,714 [MainThread] [CD-BIN-40-INPLACE] Starting 4 DML workers...
2026-09-21 15:56:06,725 [MainThread] [CD-BIN-40-INPLACE] Firing DDL...
2026-09-21 15:56:06,831 [MainThread] [CD-BIN-40-INPLACE] DDL succeeded in 0.03s
2026-09-21 15:56:06,831 [MainThread] [CD-BIN-40-INPLACE] Post-DDL DML for 5s...
2026-09-21 15:56:14,295 [MainThread] [CD-BIN-40-INPLACE] Verifying...
2026-09-21 15:56:14,599 [MainThread] [CD-BIN-40-INPLACE] Done: PASS (DDL=SUCCESS, DML ops=644, errors=1)
2026-09-21 15:56:14,600 [MainThread] Running CD-BIN-40-INSTANT...
2026-09-21 15:56:14,600 [MainThread] [CD-BIN-40-INSTANT] Starting setup...
2026-09-21 15:56:15,411 [MainThread] [CD-BIN-40-INSTANT] Starting 4 DML workers...
2026-09-21 15:56:16,422 [MainThread] [CD-BIN-40-INSTANT] Firing DDL...
2026-09-21 15:56:16,533 [MainThread] [CD-BIN-40-INSTANT] DDL succeeded in 0.03s
2026-09-21 15:56:16,533 [MainThread] [CD-BIN-40-INSTANT] Post-DDL DML for 5s...
2026-09-21 15:56:23,984 [MainThread] [CD-BIN-40-INSTANT] Verifying...
2026-09-21 15:56:24,306 [MainThread] [CD-BIN-40-INSTANT] Done: DDL_UNEXPECTED (DDL=SUCCESS, DML ops=644, errors=0)
2026-09-21 15:56:24,306 [MainThread] Running CD-VBIN-20-INPLACE...
2026-09-21 15:56:24,306 [MainThread] [CD-VBIN-20-INPLACE] Starting setup...
2026-09-21 15:56:25,128 [MainThread] [CD-VBIN-20-INPLACE] Starting 4 DML workers...
2026-09-21 15:56:26,139 [MainThread] [CD-VBIN-20-INPLACE] Firing DDL...
2026-09-21 15:56:26,232 [MainThread] [CD-VBIN-20-INPLACE] DDL succeeded in 0.02s
2026-09-21 15:56:26,233 [MainThread] [CD-VBIN-20-INPLACE] Post-DDL DML for 5s...
2026-09-21 15:56:33,761 [MainThread] [CD-VBIN-20-INPLACE] Verifying...
2026-09-21 15:56:34,088 [MainThread] [CD-VBIN-20-INPLACE] Done: PASS (DDL=SUCCESS, DML ops=670, errors=1)
2026-09-21 15:56:34,088 [MainThread] Running CD-VBIN-20-INSTANT...
2026-09-21 15:56:34,088 [MainThread] [CD-VBIN-20-INSTANT] Starting setup...
2026-09-21 15:56:34,781 [MainThread] [CD-VBIN-20-INSTANT] Starting 4 DML workers...
2026-09-21 15:56:35,789 [MainThread] [CD-VBIN-20-INSTANT] Firing DDL...
2026-09-21 15:56:35,881 [MainThread] [CD-VBIN-20-INSTANT] DDL succeeded in 0.02s
2026-09-21 15:56:35,881 [MainThread] [CD-VBIN-20-INSTANT] Post-DDL DML for 5s...
2026-09-21 15:56:43,358 [MainThread] [CD-VBIN-20-INSTANT] Verifying...
2026-09-21 15:56:43,700 [MainThread] [CD-VBIN-20-INSTANT] Done: DDL_UNEXPECTED (DDL=SUCCESS, DML ops=659, errors=2)
2026-09-21 15:56:43,700 [MainThread] Running CD-VBIN-100-INPLACE...
2026-09-21 15:56:43,701 [MainThread] [CD-VBIN-100-INPLACE] Starting setup...
2026-09-21 15:56:44,579 [MainThread] [CD-VBIN-100-INPLACE] Starting 4 DML workers...
2026-09-21 15:56:45,585 [MainThread] [CD-VBIN-100-INPLACE] Firing DDL...
2026-09-21 15:56:45,685 [MainThread] [CD-VBIN-100-INPLACE] DDL succeeded in 0.02s
2026-09-21 15:56:45,685 [MainThread] [CD-VBIN-100-INPLACE] Post-DDL DML for 5s...
2026-09-21 15:56:53,167 [MainThread] [CD-VBIN-100-INPLACE] Verifying...
2026-09-21 15:56:53,519 [MainThread] [CD-VBIN-100-INPLACE] Done: PASS (DDL=SUCCESS, DML ops=657, errors=1)
2026-09-21 15:56:53,520 [MainThread] Running CD-VBIN-100-INSTANT...
2026-09-21 15:56:53,520 [MainThread] [CD-VBIN-100-INSTANT] Starting setup...
2026-09-21 15:56:54,356 [MainThread] [CD-VBIN-100-INSTANT] Starting 4 DML workers...
2026-09-21 15:56:55,360 [MainThread] [CD-VBIN-100-INSTANT] Firing DDL...
2026-09-21 15:56:55,457 [MainThread] [CD-VBIN-100-INSTANT] DDL succeeded in 0.02s
2026-09-21 15:56:55,458 [MainThread] [CD-VBIN-100-INSTANT] Post-DDL DML for 5s...
2026-09-21 15:57:02,936 [MainThread] [CD-VBIN-100-INSTANT] Verifying...
2026-09-21 15:57:03,263 [MainThread] [CD-VBIN-100-INSTANT] Done: DDL_UNEXPECTED (DDL=SUCCESS, DML ops=675, errors=1)
2026-09-21 15:57:03,263 [MainThread] Running CD-DEC-102-INPLACE...
2026-09-21 15:57:03,263 [MainThread] [CD-DEC-102-INPLACE] Starting setup...
2026-09-21 15:57:04,155 [MainThread] [CD-DEC-102-INPLACE] Starting 4 DML workers...
2026-09-21 15:57:05,166 [MainThread] [CD-DEC-102-INPLACE] Firing DDL...
2026-09-21 15:57:05,257 [MainThread] [CD-DEC-102-INPLACE] DDL failed (expected=True): (1846, 'ALGORITHM=INPLACE is not supported. Reason: Cannot change column type INPLACE. Try ALGORITHM=COPY.')
2026-09-21 15:57:05,257 [MainThread] [CD-DEC-102-INPLACE] Post-DDL DML for 5s...
2026-09-21 15:57:12,838 [MainThread] [CD-DEC-102-INPLACE] Verifying...
2026-09-21 15:57:13,162 [MainThread] [CD-DEC-102-INPLACE] Done: DDL_UNEXPECTED (DDL=FAIL, DML ops=746, errors=1)
2026-09-21 15:57:13,162 [MainThread] Running CD-DEC-102-INSTANT...
2026-09-21 15:57:13,162 [MainThread] [CD-DEC-102-INSTANT] Starting setup...
2026-09-21 15:57:14,071 [MainThread] [CD-DEC-102-INSTANT] Starting 4 DML workers...
2026-09-21 15:57:15,079 [MainThread] [CD-DEC-102-INSTANT] Firing DDL...
2026-09-21 15:57:15,173 [MainThread] [CD-DEC-102-INSTANT] DDL failed (expected=False): (1846, 'ALGORITHM=INSTANT is not supported. Reason: Need to rebuild the table to change column type. Try ALGORITHM=COPY/INPLACE.')
2026-09-21 15:57:15,174 [MainThread] [CD-DEC-102-INSTANT] Post-DDL DML for 5s...
2026-09-21 15:57:22,740 [MainThread] [CD-DEC-102-INSTANT] Verifying...
2026-09-21 15:57:23,059 [MainThread] [CD-DEC-102-INSTANT] Done: PASS (DDL=FAIL_EXPECTED, DML ops=695, errors=2)
2026-09-21 15:57:23,060 [MainThread] Running CD-DEC-180-INPLACE...
2026-09-21 15:57:23,060 [MainThread] [CD-DEC-180-INPLACE] Starting setup...
2026-09-21 15:57:23,648 [MainThread] [CD-DEC-180-INPLACE] Starting 4 DML workers...
2026-09-21 15:57:24,655 [MainThread] [CD-DEC-180-INPLACE] Firing DDL...
2026-09-21 15:57:24,764 [MainThread] [CD-DEC-180-INPLACE] DDL failed (expected=True): (1846, 'ALGORITHM=INPLACE is not supported. Reason: Cannot change column type INPLACE. Try ALGORITHM=COPY.')
2026-09-21 15:57:24,765 [MainThread] [CD-DEC-180-INPLACE] Post-DDL DML for 5s...
2026-09-21 15:57:32,223 [MainThread] [CD-DEC-180-INPLACE] Verifying...
2026-09-21 15:57:32,573 [MainThread] [CD-DEC-180-INPLACE] Done: DDL_UNEXPECTED (DDL=FAIL, DML ops=745, errors=2)
2026-09-21 15:57:32,573 [MainThread] Running CD-DEC-180-INSTANT...
2026-09-21 15:57:32,574 [MainThread] [CD-DEC-180-INSTANT] Starting setup...
2026-09-21 15:57:33,108 [MainThread] [CD-DEC-180-INSTANT] Starting 4 DML workers...
2026-09-21 15:57:34,118 [MainThread] [CD-DEC-180-INSTANT] Firing DDL...
2026-09-21 15:57:34,257 [MainThread] [CD-DEC-180-INSTANT] DDL failed (expected=False): (1846, 'ALGORITHM=INSTANT is not supported. Reason: Need to rebuild the table to change column type. Try ALGORITHM=COPY/INPLACE.')
2026-09-21 15:57:34,258 [MainThread] [CD-DEC-180-INSTANT] Post-DDL DML for 5s...
2026-09-21 15:57:41,804 [MainThread] [CD-DEC-180-INSTANT] Verifying...
2026-09-21 15:57:42,109 [MainThread] [CD-DEC-180-INSTANT] Done: PASS (DDL=FAIL_EXPECTED, DML ops=731, errors=1)
2026-09-21 15:57:42,109 [MainThread] Running CD-DEC-6430-INPLACE...
2026-09-21 15:57:42,109 [MainThread] [CD-DEC-6430-INPLACE] Starting setup...
2026-09-21 15:57:43,159 [MainThread] [CD-DEC-6430-INPLACE] Starting 4 DML workers...
2026-09-21 15:57:44,162 [MainThread] [CD-DEC-6430-INPLACE] Firing DDL...
2026-09-21 15:57:44,265 [MainThread] [CD-DEC-6430-INPLACE] DDL failed (expected=True): (1846, 'ALGORITHM=INPLACE is not supported. Reason: Cannot change column type INPLACE. Try ALGORITHM=COPY.')
2026-09-21 15:57:44,266 [MainThread] [CD-DEC-6430-INPLACE] Post-DDL DML for 5s...
2026-09-21 15:57:51,778 [MainThread] [CD-DEC-6430-INPLACE] Verifying...
2026-09-21 15:57:52,116 [MainThread] [CD-DEC-6430-INPLACE] Done: DDL_UNEXPECTED (DDL=FAIL, DML ops=697, errors=2)
2026-09-21 15:57:52,117 [MainThread] Running CD-DEC-6430-INSTANT...
2026-09-21 15:57:52,117 [MainThread] [CD-DEC-6430-INSTANT] Starting setup...
2026-09-21 15:57:53,064 [MainThread] [CD-DEC-6430-INSTANT] Starting 4 DML workers...
2026-09-21 15:57:54,070 [MainThread] [CD-DEC-6430-INSTANT] Firing DDL...
2026-09-21 15:57:54,159 [MainThread] [CD-DEC-6430-INSTANT] DDL failed (expected=False): (1846, 'ALGORITHM=INSTANT is not supported. Reason: Need to rebuild the table to change column type. Try ALGORITHM=COPY/INPLACE.')
2026-09-21 15:57:54,160 [MainThread] [CD-DEC-6430-INSTANT] Post-DDL DML for 5s...
2026-09-21 15:58:01,670 [MainThread] [CD-DEC-6430-INSTANT] Verifying...
2026-09-21 15:58:02,060 [MainThread] [CD-DEC-6430-INSTANT] Done: PASS (DDL=FAIL_EXPECTED, DML ops=711, errors=1)
2026-09-21 15:58:02,060 [MainThread] Running CD-TEXT-T2T-INPLACE...
2026-09-21 15:58:02,060 [MainThread] [CD-TEXT-T2T-INPLACE] Starting setup...
2026-09-21 15:58:03,016 [MainThread] [CD-TEXT-T2T-INPLACE] Starting 4 DML workers...
2026-09-21 15:58:04,028 [MainThread] [CD-TEXT-T2T-INPLACE] Firing DDL...
2026-09-21 15:58:04,124 [MainThread] [CD-TEXT-T2T-INPLACE] DDL failed (expected=True): (1846, 'ALGORITHM=INPLACE is not supported. Reason: Cannot change column type INPLACE. Try ALGORITHM=COPY.')
2026-09-21 15:58:04,125 [MainThread] [CD-TEXT-T2T-INPLACE] Post-DDL DML for 5s...
2026-09-21 15:58:11,813 [MainThread] [CD-TEXT-T2T-INPLACE] Verifying...
2026-09-21 15:58:12,203 [MainThread] [CD-TEXT-T2T-INPLACE] Done: DDL_UNEXPECTED (DDL=FAIL, DML ops=703, errors=2)
2026-09-21 15:58:12,204 [MainThread] Running CD-TEXT-T2T-INSTANT...
2026-09-21 15:58:12,204 [MainThread] [CD-TEXT-T2T-INSTANT] Starting setup...
2026-09-21 15:58:13,015 [MainThread] [CD-TEXT-T2T-INSTANT] Starting 4 DML workers...
2026-09-21 15:58:14,021 [MainThread] [CD-TEXT-T2T-INSTANT] Firing DDL...
2026-09-21 15:58:14,117 [MainThread] [CD-TEXT-T2T-INSTANT] DDL failed (expected=True): (1846, 'ALGORITHM=INSTANT is not supported. Reason: Need to rebuild the table to change column type. Try ALGORITHM=COPY/INPLACE.')
2026-09-21 15:58:14,118 [MainThread] [CD-TEXT-T2T-INSTANT] Post-DDL DML for 5s...
2026-09-21 15:58:21,987 [MainThread] [CD-TEXT-T2T-INSTANT] Verifying...
2026-09-21 15:58:22,315 [MainThread] [CD-TEXT-T2T-INSTANT] Done: DDL_UNEXPECTED (DDL=FAIL, DML ops=719, errors=1)
2026-09-21 15:58:22,315 [MainThread] Running CD-TEXT-T2M-INPLACE...
2026-09-21 15:58:22,315 [MainThread] [CD-TEXT-T2M-INPLACE] Starting setup...
2026-09-21 15:58:23,758 [MainThread] [CD-TEXT-T2M-INPLACE] Starting 4 DML workers...
2026-09-21 15:58:24,766 [MainThread] [CD-TEXT-T2M-INPLACE] Firing DDL...
2026-09-21 15:58:24,874 [MainThread] [CD-TEXT-T2M-INPLACE] DDL failed (expected=True): (1846, 'ALGORITHM=INPLACE is not supported. Reason: Cannot change column type INPLACE. Try ALGORITHM=COPY.')
2026-09-21 15:58:24,875 [MainThread] [CD-TEXT-T2M-INPLACE] Post-DDL DML for 5s...
2026-09-21 15:58:32,501 [MainThread] [CD-TEXT-T2M-INPLACE] Verifying...
2026-09-21 15:58:32,841 [MainThread] [CD-TEXT-T2M-INPLACE] Done: DDL_UNEXPECTED (DDL=FAIL, DML ops=518, errors=1)
2026-09-21 15:58:32,842 [MainThread] Running CD-TEXT-T2M-INSTANT...
2026-09-21 15:58:32,842 [MainThread] [CD-TEXT-T2M-INSTANT] Starting setup...
2026-09-21 15:58:34,246 [MainThread] [CD-TEXT-T2M-INSTANT] Starting 4 DML workers...
2026-09-21 15:58:35,257 [MainThread] [CD-TEXT-T2M-INSTANT] Firing DDL...
2026-09-21 15:58:35,358 [MainThread] [CD-TEXT-T2M-INSTANT] DDL failed (expected=True): (1846, 'ALGORITHM=INSTANT is not supported. Reason: Need to rebuild the table to change column type. Try ALGORITHM=COPY/INPLACE.')
2026-09-21 15:58:35,358 [MainThread] [CD-TEXT-T2M-INSTANT] Post-DDL DML for 5s...
2026-09-21 15:58:42,933 [MainThread] [CD-TEXT-T2M-INSTANT] Verifying...
2026-09-21 15:58:43,262 [MainThread] [CD-TEXT-T2M-INSTANT] Done: DDL_UNEXPECTED (DDL=FAIL, DML ops=504, errors=1)
2026-09-21 15:58:43,263 [MainThread] Running CD-TEXT-M2L-INPLACE...
2026-09-21 15:58:43,263 [MainThread] [CD-TEXT-M2L-INPLACE] Starting setup...
2026-09-21 15:58:44,729 [MainThread] [CD-TEXT-M2L-INPLACE] Starting 4 DML workers...
2026-09-21 15:58:45,740 [MainThread] [CD-TEXT-M2L-INPLACE] Firing DDL...
2026-09-21 15:58:45,840 [MainThread] [CD-TEXT-M2L-INPLACE] DDL failed (expected=True): (1846, 'ALGORITHM=INPLACE is not supported. Reason: Cannot change column type INPLACE. Try ALGORITHM=COPY.')
2026-09-21 15:58:45,840 [MainThread] [CD-TEXT-M2L-INPLACE] Post-DDL DML for 5s...
2026-09-21 15:58:53,372 [MainThread] [CD-TEXT-M2L-INPLACE] Verifying...
2026-09-21 15:58:53,764 [MainThread] [CD-TEXT-M2L-INPLACE] Done: DDL_UNEXPECTED (DDL=FAIL, DML ops=521, errors=1)
2026-09-21 15:58:53,764 [MainThread] Running CD-TEXT-M2L-INSTANT...
2026-09-21 15:58:53,765 [MainThread] [CD-TEXT-M2L-INSTANT] Starting setup...
2026-09-21 15:58:55,263 [MainThread] [CD-TEXT-M2L-INSTANT] Starting 4 DML workers...
2026-09-21 15:58:56,271 [MainThread] [CD-TEXT-M2L-INSTANT] Firing DDL...
2026-09-21 15:58:56,380 [MainThread] [CD-TEXT-M2L-INSTANT] DDL failed (expected=True): (1846, 'ALGORITHM=INSTANT is not supported. Reason: Need to rebuild the table to change column type. Try ALGORITHM=COPY/INPLACE.')
2026-09-21 15:58:56,381 [MainThread] [CD-TEXT-M2L-INSTANT] Post-DDL DML for 5s...
2026-09-21 15:59:06,616 [MainThread] [CD-TEXT-M2L-INSTANT] Verifying...
2026-09-21 15:59:06,936 [MainThread] [CD-TEXT-M2L-INSTANT] Done: DDL_UNEXPECTED (DDL=FAIL, DML ops=450, errors=3)
2026-09-21 15:59:06,937 [MainThread] Running CD-BLOB-T2B-INPLACE...
2026-09-21 15:59:06,937 [MainThread] [CD-BLOB-T2B-INPLACE] Starting setup...
2026-09-21 15:59:07,865 [MainThread] [CD-BLOB-T2B-INPLACE] Starting 4 DML workers...
2026-09-21 15:59:08,867 [MainThread] [CD-BLOB-T2B-INPLACE] Firing DDL...
2026-09-21 15:59:08,952 [MainThread] [CD-BLOB-T2B-INPLACE] DDL failed (expected=True): (1846, 'ALGORITHM=INPLACE is not supported. Reason: Cannot change column type INPLACE. Try ALGORITHM=COPY.')
2026-09-21 15:59:08,953 [MainThread] [CD-BLOB-T2B-INPLACE] Post-DDL DML for 5s...
2026-09-21 15:59:16,812 [MainThread] [CD-BLOB-T2B-INPLACE] Verifying...
2026-09-21 15:59:17,143 [MainThread] [CD-BLOB-T2B-INPLACE] Done: DDL_UNEXPECTED (DDL=FAIL, DML ops=620, errors=0)
2026-09-21 15:59:17,144 [MainThread] Running CD-BLOB-T2B-INSTANT...
2026-09-21 15:59:17,144 [MainThread] [CD-BLOB-T2B-INSTANT] Starting setup...
2026-09-21 15:59:18,124 [MainThread] [CD-BLOB-T2B-INSTANT] Starting 4 DML workers...
2026-09-21 15:59:19,135 [MainThread] [CD-BLOB-T2B-INSTANT] Firing DDL...
2026-09-21 15:59:19,237 [MainThread] [CD-BLOB-T2B-INSTANT] DDL failed (expected=True): (1846, 'ALGORITHM=INSTANT is not supported. Reason: Need to rebuild the table to change column type. Try ALGORITHM=COPY/INPLACE.')
2026-09-21 15:59:19,238 [MainThread] [CD-BLOB-T2B-INSTANT] Post-DDL DML for 5s...
2026-09-21 15:59:27,086 [MainThread] [CD-BLOB-T2B-INSTANT] Verifying...
2026-09-21 15:59:27,392 [MainThread] [CD-BLOB-T2B-INSTANT] Done: DDL_UNEXPECTED (DDL=FAIL, DML ops=654, errors=0)
2026-09-21 15:59:27,393 [MainThread] Running CD-BLOB-B2M-INPLACE...
2026-09-21 15:59:27,393 [MainThread] [CD-BLOB-B2M-INPLACE] Starting setup...
2026-09-21 15:59:29,067 [MainThread] [CD-BLOB-B2M-INPLACE] Starting 4 DML workers...
2026-09-21 15:59:30,073 [MainThread] [CD-BLOB-B2M-INPLACE] Firing DDL...
2026-09-21 15:59:30,170 [MainThread] [CD-BLOB-B2M-INPLACE] DDL failed (expected=True): (1846, 'ALGORITHM=INPLACE is not supported. Reason: Cannot change column type INPLACE. Try ALGORITHM=COPY.')
2026-09-21 15:59:30,170 [MainThread] [CD-BLOB-B2M-INPLACE] Post-DDL DML for 5s...
2026-09-21 15:59:37,921 [MainThread] [CD-BLOB-B2M-INPLACE] Verifying...
2026-09-21 15:59:38,243 [MainThread] [CD-BLOB-B2M-INPLACE] Done: DDL_UNEXPECTED (DDL=FAIL, DML ops=501, errors=2)
2026-09-21 15:59:38,244 [MainThread] Running CD-BLOB-B2M-INSTANT...
2026-09-21 15:59:38,244 [MainThread] [CD-BLOB-B2M-INSTANT] Starting setup...
2026-09-21 15:59:39,523 [MainThread] [CD-BLOB-B2M-INSTANT] Starting 4 DML workers...
2026-09-21 15:59:40,533 [MainThread] [CD-BLOB-B2M-INSTANT] Firing DDL...
2026-09-21 15:59:40,709 [MainThread] [CD-BLOB-B2M-INSTANT] DDL failed (expected=True): (1846, 'ALGORITHM=INSTANT is not supported. Reason: Need to rebuild the table to change column type. Try ALGORITHM=COPY/INPLACE.')
2026-09-21 15:59:40,709 [MainThread] [CD-BLOB-B2M-INSTANT] Post-DDL DML for 5s...
2026-09-21 15:59:48,393 [MainThread] [CD-BLOB-B2M-INSTANT] Verifying...
2026-09-21 15:59:48,730 [MainThread] [CD-BLOB-B2M-INSTANT] Done: DDL_UNEXPECTED (DDL=FAIL, DML ops=552, errors=0)
2026-09-21 15:59:48,731 [MainThread] Running CD-BLOB-M2L-INPLACE...
2026-09-21 15:59:48,731 [MainThread] [CD-BLOB-M2L-INPLACE] Starting setup...
2026-09-21 15:59:50,343 [MainThread] [CD-BLOB-M2L-INPLACE] Starting 4 DML workers...
2026-09-21 15:59:51,349 [MainThread] [CD-BLOB-M2L-INPLACE] Firing DDL...
2026-09-21 15:59:51,447 [MainThread] [CD-BLOB-M2L-INPLACE] DDL failed (expected=True): (1846, 'ALGORITHM=INPLACE is not supported. Reason: Cannot change column type INPLACE. Try ALGORITHM=COPY.')
2026-09-21 15:59:51,447 [MainThread] [CD-BLOB-M2L-INPLACE] Post-DDL DML for 5s...
2026-09-21 15:59:59,020 [MainThread] [CD-BLOB-M2L-INPLACE] Verifying...
2026-09-21 15:59:59,352 [MainThread] [CD-BLOB-M2L-INPLACE] Done: DDL_UNEXPECTED (DDL=FAIL, DML ops=538, errors=1)
2026-09-21 15:59:59,352 [MainThread] Running CD-BLOB-M2L-INSTANT...
2026-09-21 15:59:59,352 [MainThread] [CD-BLOB-M2L-INSTANT] Starting setup...
2026-09-21 16:00:01,021 [MainThread] [CD-BLOB-M2L-INSTANT] Starting 4 DML workers...
2026-09-21 16:00:02,029 [MainThread] [CD-BLOB-M2L-INSTANT] Firing DDL...
2026-09-21 16:00:02,142 [MainThread] [CD-BLOB-M2L-INSTANT] DDL failed (expected=True): (1846, 'ALGORITHM=INSTANT is not supported. Reason: Need to rebuild the table to change column type. Try ALGORITHM=COPY/INPLACE.')
2026-09-21 16:00:02,143 [MainThread] [CD-BLOB-M2L-INSTANT] Post-DDL DML for 5s...
2026-09-21 16:00:09,718 [MainThread] [CD-BLOB-M2L-INSTANT] Verifying...
2026-09-21 16:00:10,012 [MainThread] [CD-BLOB-M2L-INSTANT] Done: DDL_UNEXPECTED (DDL=FAIL, DML ops=546, errors=0)
2026-09-21 16:00:10,012 [MainThread] Running CD-BIT-1to8-INPLACE...
2026-09-21 16:00:10,012 [MainThread] [CD-BIT-1to8-INPLACE] Starting setup...
2026-09-21 16:00:10,591 [MainThread] [CD-BIT-1to8-INPLACE] Starting 4 DML workers...
2026-09-21 16:00:11,602 [MainThread] [CD-BIT-1to8-INPLACE] Firing DDL...
2026-09-21 16:00:11,703 [MainThread] [CD-BIT-1to8-INPLACE] DDL failed (expected=True): (1846, 'ALGORITHM=INPLACE is not supported. Reason: Cannot change column type INPLACE. Try ALGORITHM=COPY.')
2026-09-21 16:00:11,704 [MainThread] [CD-BIT-1to8-INPLACE] Post-DDL DML for 5s...
2026-09-21 16:00:19,182 [MainThread] [CD-BIT-1to8-INPLACE] Verifying...
2026-09-21 16:00:19,518 [MainThread] [CD-BIT-1to8-INPLACE] Done: DDL_UNEXPECTED (DDL=FAIL, DML ops=629, errors=2)
2026-09-21 16:00:19,518 [MainThread] Running CD-BIT-1to8-INSTANT...
2026-09-21 16:00:19,519 [MainThread] [CD-BIT-1to8-INSTANT] Starting setup...
2026-09-21 16:00:20,076 [MainThread] [CD-BIT-1to8-INSTANT] Starting 4 DML workers...
2026-09-21 16:00:21,081 [MainThread] [CD-BIT-1to8-INSTANT] Firing DDL...
2026-09-21 16:00:21,188 [MainThread] [CD-BIT-1to8-INSTANT] DDL failed (expected=True): (1846, 'ALGORITHM=INSTANT is not supported. Reason: Need to rebuild the table to change column type. Try ALGORITHM=COPY/INPLACE.')
2026-09-21 16:00:21,188 [MainThread] [CD-BIT-1to8-INSTANT] Post-DDL DML for 5s...
2026-09-21 16:00:28,641 [MainThread] [CD-BIT-1to8-INSTANT] Verifying...
2026-09-21 16:00:28,938 [MainThread] [CD-BIT-1to8-INSTANT] Done: DDL_UNEXPECTED (DDL=FAIL, DML ops=676, errors=0)
2026-09-21 16:00:28,939 [MainThread] Running CD-BIT-8to16-INPLACE...
2026-09-21 16:00:28,939 [MainThread] [CD-BIT-8to16-INPLACE] Starting setup...
2026-09-21 16:00:29,687 [MainThread] [CD-BIT-8to16-INPLACE] Starting 4 DML workers...
2026-09-21 16:00:30,697 [MainThread] [CD-BIT-8to16-INPLACE] Firing DDL...
2026-09-21 16:00:30,789 [MainThread] [CD-BIT-8to16-INPLACE] DDL failed (expected=True): (1846, 'ALGORITHM=INPLACE is not supported. Reason: Cannot change column type INPLACE. Try ALGORITHM=COPY.')
2026-09-21 16:00:30,790 [MainThread] [CD-BIT-8to16-INPLACE] Post-DDL DML for 5s...
2026-09-21 16:00:38,267 [MainThread] [CD-BIT-8to16-INPLACE] Verifying...
2026-09-21 16:00:38,620 [MainThread] [CD-BIT-8to16-INPLACE] Done: DDL_UNEXPECTED (DDL=FAIL, DML ops=652, errors=0)
2026-09-21 16:00:38,620 [MainThread] Running CD-BIT-8to16-INSTANT...
2026-09-21 16:00:38,620 [MainThread] [CD-BIT-8to16-INSTANT] Starting setup...
2026-09-21 16:00:39,349 [MainThread] [CD-BIT-8to16-INSTANT] Starting 4 DML workers...
2026-09-21 16:00:40,354 [MainThread] [CD-BIT-8to16-INSTANT] Firing DDL...
2026-09-21 16:00:40,442 [MainThread] [CD-BIT-8to16-INSTANT] DDL failed (expected=True): (1846, 'ALGORITHM=INSTANT is not supported. Reason: Need to rebuild the table to change column type. Try ALGORITHM=COPY/INPLACE.')
2026-09-21 16:00:40,443 [MainThread] [CD-BIT-8to16-INSTANT] Post-DDL DML for 5s...
2026-09-21 16:00:47,897 [MainThread] [CD-BIT-8to16-INSTANT] Verifying...
2026-09-21 16:00:48,188 [MainThread] [CD-BIT-8to16-INSTANT] Done: DDL_UNEXPECTED (DDL=FAIL, DML ops=705, errors=0)
2026-09-21 16:00:48,188 [MainThread] Running CD-BIT-16to32-INPLACE...
2026-09-21 16:00:48,188 [MainThread] [CD-BIT-16to32-INPLACE] Starting setup...
2026-09-21 16:00:48,859 [MainThread] [CD-BIT-16to32-INPLACE] Starting 4 DML workers...
2026-09-21 16:00:49,864 [MainThread] [CD-BIT-16to32-INPLACE] Firing DDL...
2026-09-21 16:00:49,959 [MainThread] [CD-BIT-16to32-INPLACE] DDL failed (expected=True): (1846, 'ALGORITHM=INPLACE is not supported. Reason: Cannot change column type INPLACE. Try ALGORITHM=COPY.')
2026-09-21 16:00:49,959 [MainThread] [CD-BIT-16to32-INPLACE] Post-DDL DML for 5s...
2026-09-21 16:00:57,397 [MainThread] [CD-BIT-16to32-INPLACE] Verifying...
2026-09-21 16:00:57,741 [MainThread] [CD-BIT-16to32-INPLACE] Done: DDL_UNEXPECTED (DDL=FAIL, DML ops=651, errors=0)
2026-09-21 16:00:57,741 [MainThread] Running CD-BIT-16to32-INSTANT...
2026-09-21 16:00:57,741 [MainThread] [CD-BIT-16to32-INSTANT] Starting setup...
2026-09-21 16:00:58,521 [MainThread] [CD-BIT-16to32-INSTANT] Starting 4 DML workers...
2026-09-21 16:00:59,528 [MainThread] [CD-BIT-16to32-INSTANT] Firing DDL...
2026-09-21 16:00:59,620 [MainThread] [CD-BIT-16to32-INSTANT] DDL failed (expected=True): (1846, 'ALGORITHM=INSTANT is not supported. Reason: Need to rebuild the table to change column type. Try ALGORITHM=COPY/INPLACE.')
2026-09-21 16:00:59,621 [MainThread] [CD-BIT-16to32-INSTANT] Post-DDL DML for 5s...
2026-09-21 16:01:07,041 [MainThread] [CD-BIT-16to32-INSTANT] Verifying...
2026-09-21 16:01:07,345 [MainThread] [CD-BIT-16to32-INSTANT] Done: DDL_UNEXPECTED (DDL=FAIL, DML ops=664, errors=1)
2026-09-21 16:01:07,345 [MainThread] Running CD-BIT-32to64-INPLACE...
2026-09-21 16:01:07,345 [MainThread] [CD-BIT-32to64-INPLACE] Starting setup...
2026-09-21 16:01:08,053 [MainThread] [CD-BIT-32to64-INPLACE] Starting 4 DML workers...
2026-09-21 16:01:09,063 [MainThread] [CD-BIT-32to64-INPLACE] Firing DDL...
2026-09-21 16:01:09,170 [MainThread] [CD-BIT-32to64-INPLACE] DDL failed (expected=True): (1846, 'ALGORITHM=INPLACE is not supported. Reason: Cannot change column type INPLACE. Try ALGORITHM=COPY.')
2026-09-21 16:01:09,170 [MainThread] [CD-BIT-32to64-INPLACE] Post-DDL DML for 5s...
2026-09-21 16:01:16,621 [MainThread] [CD-BIT-32to64-INPLACE] Verifying...
2026-09-21 16:01:16,975 [MainThread] [CD-BIT-32to64-INPLACE] Done: DDL_UNEXPECTED (DDL=FAIL, DML ops=684, errors=2)
2026-09-21 16:01:16,975 [MainThread] Running CD-BIT-32to64-INSTANT...
2026-09-21 16:01:16,975 [MainThread] [CD-BIT-32to64-INSTANT] Starting setup...
2026-09-21 16:01:17,743 [MainThread] [CD-BIT-32to64-INSTANT] Starting 4 DML workers...
2026-09-21 16:01:18,746 [MainThread] [CD-BIT-32to64-INSTANT] Firing DDL...
2026-09-21 16:01:18,838 [MainThread] [CD-BIT-32to64-INSTANT] DDL failed (expected=True): (1846, 'ALGORITHM=INSTANT is not supported. Reason: Need to rebuild the table to change column type. Try ALGORITHM=COPY/INPLACE.')
2026-09-21 16:01:18,838 [MainThread] [CD-BIT-32to64-INSTANT] Post-DDL DML for 5s...
2026-09-21 16:01:26,337 [MainThread] [CD-BIT-32to64-INSTANT] Verifying...
2026-09-21 16:01:26,661 [MainThread] [CD-BIT-32to64-INSTANT] Done: DDL_UNEXPECTED (DDL=FAIL, DML ops=669, errors=1)
2026-09-21 16:01:26,661 [MainThread] 
### Phase 3: Row Format Tests ###
2026-09-21 16:01:26,661 [MainThread] Running RF-DYN-INPLACE...
2026-09-21 16:01:26,661 [MainThread] [RF-DYN-INPLACE] Starting setup...
2026-09-21 16:01:27,256 [MainThread] [RF-DYN-INPLACE] Starting 3 DML workers...
2026-09-21 16:01:28,268 [MainThread] [RF-DYN-INPLACE] Firing DDL...
2026-09-21 16:01:28,370 [MainThread] [RF-DYN-INPLACE] DDL succeeded in 0.03s
2026-09-21 16:01:28,371 [MainThread] [RF-DYN-INPLACE] Post-DDL DML for 5s...
2026-09-21 16:01:35,683 [MainThread] [RF-DYN-INPLACE] Verifying...
2026-09-21 16:01:36,086 [MainThread] [RF-DYN-INPLACE] Done: PASS (DDL=SUCCESS, DML ops=419, errors=2)
2026-09-21 16:01:36,086 [MainThread] Running RF-DYN-INSTANT...
2026-09-21 16:01:36,087 [MainThread] [RF-DYN-INSTANT] Starting setup...
2026-09-21 16:01:36,757 [MainThread] [RF-DYN-INSTANT] Starting 3 DML workers...
2026-09-21 16:01:37,765 [MainThread] [RF-DYN-INSTANT] Firing DDL...
2026-09-21 16:01:37,858 [MainThread] [RF-DYN-INSTANT] DDL succeeded in 0.02s
2026-09-21 16:01:37,859 [MainThread] [RF-DYN-INSTANT] Post-DDL DML for 5s...
2026-09-21 16:01:45,173 [MainThread] [RF-DYN-INSTANT] Verifying...
2026-09-21 16:01:45,534 [MainThread] [RF-DYN-INSTANT] Done: PASS (DDL=SUCCESS, DML ops=405, errors=0)
2026-09-21 16:01:45,534 [MainThread] Running RF-COM-INPLACE...
2026-09-21 16:01:45,534 [MainThread] [RF-COM-INPLACE] Starting setup...
2026-09-21 16:01:46,188 [MainThread] [RF-COM-INPLACE] Starting 3 DML workers...
2026-09-21 16:01:47,196 [MainThread] [RF-COM-INPLACE] Firing DDL...
2026-09-21 16:01:47,304 [MainThread] [RF-COM-INPLACE] DDL succeeded in 0.03s
2026-09-21 16:01:47,304 [MainThread] [RF-COM-INPLACE] Post-DDL DML for 5s...
2026-09-21 16:01:54,641 [MainThread] [RF-COM-INPLACE] Verifying...
2026-09-21 16:01:54,986 [MainThread] [RF-COM-INPLACE] Done: PASS (DDL=SUCCESS, DML ops=397, errors=2)
2026-09-21 16:01:54,987 [MainThread] Running RF-COM-INSTANT...
2026-09-21 16:01:54,987 [MainThread] [RF-COM-INSTANT] Starting setup...
2026-09-21 16:01:55,587 [MainThread] [RF-COM-INSTANT] Starting 3 DML workers...
2026-09-21 16:01:56,597 [MainThread] [RF-COM-INSTANT] Firing DDL...
2026-09-21 16:01:56,695 [MainThread] [RF-COM-INSTANT] DDL succeeded in 0.02s
2026-09-21 16:01:56,695 [MainThread] [RF-COM-INSTANT] Post-DDL DML for 5s...
2026-09-21 16:02:04,043 [MainThread] [RF-COM-INSTANT] Verifying...
2026-09-21 16:02:04,361 [MainThread] [RF-COM-INSTANT] Done: PASS (DDL=SUCCESS, DML ops=414, errors=1)
2026-09-21 16:02:04,361 [MainThread] Running RF-RED-INPLACE...
2026-09-21 16:02:04,361 [MainThread] [RF-RED-INPLACE] Starting setup...
2026-09-21 16:02:05,005 [MainThread] [RF-RED-INPLACE] Starting 3 DML workers...
2026-09-21 16:02:06,011 [MainThread] [RF-RED-INPLACE] Firing DDL...
2026-09-21 16:02:06,106 [MainThread] [RF-RED-INPLACE] DDL succeeded in 0.03s
2026-09-21 16:02:06,107 [MainThread] [RF-RED-INPLACE] Post-DDL DML for 5s...
2026-09-21 16:02:13,554 [MainThread] [RF-RED-INPLACE] Verifying...
2026-09-21 16:02:13,886 [MainThread] [RF-RED-INPLACE] Done: PASS (DDL=SUCCESS, DML ops=399, errors=2)
2026-09-21 16:02:13,886 [MainThread] Running RF-RED-INSTANT...
2026-09-21 16:02:13,887 [MainThread] [RF-RED-INSTANT] Starting setup...
2026-09-21 16:02:14,402 [MainThread] [RF-RED-INSTANT] Starting 3 DML workers...
2026-09-21 16:02:15,408 [MainThread] [RF-RED-INSTANT] Firing DDL...
2026-09-21 16:02:15,510 [MainThread] [RF-RED-INSTANT] DDL succeeded in 0.03s
2026-09-21 16:02:15,510 [MainThread] [RF-RED-INSTANT] Post-DDL DML for 5s...
2026-09-21 16:02:22,866 [MainThread] [RF-RED-INSTANT] Verifying...
2026-09-21 16:02:23,178 [MainThread] [RF-RED-INSTANT] Done: PASS (DDL=SUCCESS, DML ops=418, errors=3)
2026-09-21 16:02:23,178 [MainThread] Running RF-COM-INPLACE...
2026-09-21 16:02:23,178 [MainThread] [RF-COM-INPLACE] Starting setup...
2026-09-21 16:02:23,890 [MainThread] [RF-COM-INPLACE] Starting 3 DML workers...
2026-09-21 16:02:24,897 [MainThread] [RF-COM-INPLACE] Firing DDL...
2026-09-21 16:02:25,004 [MainThread] [RF-COM-INPLACE] DDL succeeded in 0.03s
2026-09-21 16:02:25,005 [MainThread] [RF-COM-INPLACE] Post-DDL DML for 5s...
2026-09-21 16:02:32,321 [MainThread] [RF-COM-INPLACE] Verifying...
2026-09-21 16:02:32,650 [MainThread] [RF-COM-INPLACE] Done: PASS (DDL=SUCCESS, DML ops=411, errors=1)
2026-09-21 16:02:32,651 [MainThread] Running RF-COM-INSTANT...
2026-09-21 16:02:32,651 [MainThread] [RF-COM-INSTANT] Starting setup...
2026-09-21 16:02:33,290 [MainThread] [RF-COM-INSTANT] Starting 3 DML workers...
2026-09-21 16:02:34,296 [MainThread] [RF-COM-INSTANT] Firing DDL...
2026-09-21 16:02:34,397 [MainThread] [RF-COM-INSTANT] DDL failed (expected=True): (1845, 'ALGORITHM=INSTANT is not supported for this operation. Try ALGORITHM=COPY/INPLACE.')
2026-09-21 16:02:34,397 [MainThread] [RF-COM-INSTANT] Post-DDL DML for 5s...
2026-09-21 16:02:41,678 [MainThread] [RF-COM-INSTANT] Verifying...
2026-09-21 16:02:41,982 [MainThread] [RF-COM-INSTANT] Done: DDL_UNEXPECTED (DDL=FAIL, DML ops=460, errors=0)
2026-09-21 16:02:41,983 [MainThread] 
### Phase 4: Table Size Tests ###
2026-09-21 16:02:41,983 [MainThread] Running TS-NARROW-INPLACE...
2026-09-21 16:02:41,983 [MainThread] [TS-NARROW-INPLACE] Starting setup...
2026-09-21 16:02:42,396 [MainThread] [TS-NARROW-INPLACE] Starting 3 DML workers...
2026-09-21 16:02:43,402 [MainThread] [TS-NARROW-INPLACE] Firing DDL...
2026-09-21 16:02:43,502 [MainThread] [TS-NARROW-INPLACE] DDL succeeded in 0.03s
2026-09-21 16:02:43,502 [MainThread] [TS-NARROW-INPLACE] Post-DDL DML for 5s...
2026-09-21 16:02:50,774 [MainThread] [TS-NARROW-INPLACE] Verifying...
2026-09-21 16:02:51,089 [MainThread] [TS-NARROW-INPLACE] Done: PASS (DDL=SUCCESS, DML ops=413, errors=2)
2026-09-21 16:02:51,090 [MainThread] Running TS-NARROW-INSTANT...
2026-09-21 16:02:51,090 [MainThread] [TS-NARROW-INSTANT] Starting setup...
2026-09-21 16:02:51,574 [MainThread] [TS-NARROW-INSTANT] Starting 3 DML workers...
2026-09-21 16:02:52,580 [MainThread] [TS-NARROW-INSTANT] Firing DDL...
2026-09-21 16:02:52,672 [MainThread] [TS-NARROW-INSTANT] DDL succeeded in 0.02s
2026-09-21 16:02:52,672 [MainThread] [TS-NARROW-INSTANT] Post-DDL DML for 5s...
2026-09-21 16:02:59,937 [MainThread] [TS-NARROW-INSTANT] Verifying...
2026-09-21 16:03:00,276 [MainThread] [TS-NARROW-INSTANT] Done: PASS (DDL=SUCCESS, DML ops=405, errors=1)
2026-09-21 16:03:00,276 [MainThread] Running TS-WIDE-INPLACE...
2026-09-21 16:03:00,276 [MainThread] [TS-WIDE-INPLACE] Starting setup...
2026-09-21 16:03:00,635 [MainThread] [TS-WIDE-INPLACE] Starting 3 DML workers...
2026-09-21 16:03:01,647 [MainThread] [TS-WIDE-INPLACE] Firing DDL...
2026-09-21 16:03:01,761 [MainThread] [TS-WIDE-INPLACE] DDL succeeded in 0.04s
2026-09-21 16:03:01,762 [MainThread] [TS-WIDE-INPLACE] Post-DDL DML for 5s...
2026-09-21 16:03:09,024 [MainThread] [TS-WIDE-INPLACE] Verifying...
2026-09-21 16:03:09,336 [MainThread] [TS-WIDE-INPLACE] Done: PASS (DDL=SUCCESS, DML ops=425, errors=1)
2026-09-21 16:03:09,337 [MainThread] Running TS-WIDE-INSTANT...
2026-09-21 16:03:09,337 [MainThread] [TS-WIDE-INSTANT] Starting setup...
2026-09-21 16:03:09,741 [MainThread] [TS-WIDE-INSTANT] Starting 3 DML workers...
2026-09-21 16:03:10,742 [MainThread] [TS-WIDE-INSTANT] Firing DDL...
2026-09-21 16:03:10,859 [MainThread] [TS-WIDE-INSTANT] DDL succeeded in 0.03s
2026-09-21 16:03:10,859 [MainThread] [TS-WIDE-INSTANT] Post-DDL DML for 5s...
2026-09-21 16:03:18,110 [MainThread] [TS-WIDE-INSTANT] Verifying...
2026-09-21 16:03:18,459 [MainThread] [TS-WIDE-INSTANT] Done: PASS (DDL=SUCCESS, DML ops=409, errors=2)
2026-09-21 16:03:18,459 [MainThread] Running TS-MAXROW-INPLACE...
2026-09-21 16:03:18,459 [MainThread] [TS-MAXROW-INPLACE] Starting setup...
2026-09-21 16:03:18,809 [MainThread] [TS-MAXROW-INPLACE] Starting 2 DML workers...
2026-09-21 16:03:19,814 [MainThread] [TS-MAXROW-INPLACE] Firing DDL...
2026-09-21 16:03:19,927 [MainThread] [TS-MAXROW-INPLACE] DDL succeeded in 0.03s
2026-09-21 16:03:19,928 [MainThread] [TS-MAXROW-INPLACE] Post-DDL DML for 5s...
2026-09-21 16:03:27,188 [MainThread] [TS-MAXROW-INPLACE] Verifying...
2026-09-21 16:03:27,503 [MainThread] [TS-MAXROW-INPLACE] Done: PASS (DDL=SUCCESS, DML ops=263, errors=2)
2026-09-21 16:03:27,504 [MainThread] Running TS-MAXROW-INSTANT...
2026-09-21 16:03:27,504 [MainThread] [TS-MAXROW-INSTANT] Starting setup...
2026-09-21 16:03:27,861 [MainThread] [TS-MAXROW-INSTANT] Starting 2 DML workers...
2026-09-21 16:03:28,870 [MainThread] [TS-MAXROW-INSTANT] Firing DDL...
2026-09-21 16:03:28,992 [MainThread] [TS-MAXROW-INSTANT] DDL succeeded in 0.03s
2026-09-21 16:03:28,993 [MainThread] [TS-MAXROW-INSTANT] Post-DDL DML for 5s...
2026-09-21 16:03:36,268 [MainThread] [TS-MAXROW-INSTANT] Verifying...
2026-09-21 16:03:36,611 [MainThread] [TS-MAXROW-INSTANT] Done: PASS (DDL=SUCCESS, DML ops=271, errors=1)
2026-09-21 16:03:36,611 [MainThread] 
### Phase 5: Large Table Test ###
2026-09-21 16:03:36,611 [MainThread] === Large Table (50M+ rows) INPLACE + Concurrent DML ===
2026-09-21 16:03:36,850 [MainThread] Populating 50M+ rows...
2026-09-21 16:03:37,085 [MainThread]   Row count: 5
2026-09-21 16:03:37,287 [MainThread]   Row count: 21
2026-09-21 16:03:37,487 [MainThread]   Row count: 62
2026-09-21 16:03:37,690 [MainThread]   Row count: 244
2026-09-21 16:03:37,897 [MainThread]   Row count: 868
2026-09-21 16:03:37,955 [MainThread] Current row count: 1136
2026-09-21 16:03:38,023 [MainThread]   Doubled to 2272 rows
2026-09-21 16:03:38,097 [MainThread]   Doubled to 4544 rows
2026-09-21 16:03:38,191 [MainThread]   Doubled to 9088 rows
2026-09-21 16:03:38,320 [MainThread]   Doubled to 18176 rows
2026-09-21 16:03:38,498 [MainThread]   Doubled to 36352 rows
2026-09-21 16:03:38,950 [MainThread]   Doubled to 72704 rows
2026-09-21 16:03:39,677 [MainThread]   Doubled to 145408 rows
2026-09-21 16:03:40,820 [MainThread]   Doubled to 290816 rows
2026-09-21 16:03:43,155 [MainThread]   Doubled to 581632 rows
2026-09-21 16:03:47,480 [MainThread]   Doubled to 1163264 rows
2026-09-21 16:03:55,904 [MainThread]   Doubled to 2326528 rows
2026-09-21 16:04:12,743 [MainThread]   Doubled to 4653056 rows
2026-09-21 16:04:47,923 [MainThread]   Doubled to 9306112 rows
2026-09-21 16:05:57,863 [MainThread]   Doubled to 18612224 rows
2026-09-21 16:08:20,616 [MainThread]   Doubled to 37224448 rows
