2026-09-21 20:47:14,297 [MainThread] ============================================================
2026-09-21 20:47:14,297 [MainThread] RDS MySQL DDL Large Table Verification Suite (Large Only)
2026-09-21 20:47:14,297 [MainThread] ============================================================
2026-09-21 20:47:14,297 [MainThread] QUICK MODE: reduced to 100K rows per test
2026-09-21 20:47:14,297 [MainThread] 
### Large Table Tests: 41 entries ###
2026-09-21 20:47:14,297 [MainThread] === Large Table Tests: All Types ===
2026-09-21 20:47:14,297 [MainThread] === Large Table [INT-BIGINT-IP] INT->BIGINT INPLACE 100000 rows ===
2026-09-21 20:47:14,508 [MainThread] Populating 100000 rows...
2026-09-21 20:47:14,555 [MainThread]   t_large: initial 9 rows
2026-09-21 20:47:15,571 [MainThread]   t_large: final 100000 rows
2026-09-21 20:47:15,571 [MainThread] Syncing to Oracle table...
2026-09-21 20:47:19,329 [MainThread] Firing INPLACE ALTER on 100000 row table...
2026-09-21 20:47:19,595 [MainThread] DDL completed in 0.27s (success=True)
2026-09-21 20:47:30,806 [MainThread] [LT-INT-BIGINT-IP] verification=PASS, ddl=0.27s, ops=1548
2026-09-21 20:47:30,806 [MainThread] === Large Table [INT-BIGINT-IT] INT->BIGINT INSTANT 100000 rows ===
2026-09-21 20:47:31,006 [MainThread] Populating 100000 rows...
2026-09-21 20:47:31,052 [MainThread]   t_large: initial 9 rows
2026-09-21 20:47:31,876 [MainThread]   t_large: final 100000 rows
2026-09-21 20:47:31,876 [MainThread] Syncing to Oracle table...
2026-09-21 20:47:35,400 [MainThread] Firing INSTANT ALTER on 100000 row table...
2026-09-21 20:47:35,462 [MainThread] DDL completed in 0.06s (success=True)
2026-09-21 20:47:46,930 [MainThread] [LT-INT-BIGINT-IT] verification=PASS, ddl=0.06s, ops=1336
2026-09-21 20:47:46,930 [MainThread] === Large Table [TINY-SMALL-IT] TINYINT->SMALLINT INSTANT 100000 rows ===
2026-09-21 20:47:47,179 [MainThread] Populating 100000 rows...
2026-09-21 20:47:47,236 [MainThread]   t_large: initial 9 rows
2026-09-21 20:47:48,206 [MainThread]   t_large: final 100000 rows
2026-09-21 20:47:48,206 [MainThread] Syncing to Oracle table...
2026-09-21 20:47:51,792 [MainThread] Firing INSTANT ALTER on 100000 row table...
2026-09-21 20:47:51,839 [MainThread] DDL completed in 0.05s (success=True)
2026-09-21 20:48:02,390 [MainThread] [LT-TINY-SMALL-IT] verification=PASS, ddl=0.05s, ops=1370
2026-09-21 20:48:02,390 [MainThread] === Large Table [TINY-INT-IT] TINYINT->INT INSTANT 100000 rows ===
2026-09-21 20:48:02,630 [MainThread] Populating 100000 rows...
2026-09-21 20:48:02,681 [MainThread]   t_large: initial 9 rows
2026-09-21 20:48:03,692 [MainThread]   t_large: final 100000 rows
2026-09-21 20:48:03,693 [MainThread] Syncing to Oracle table...
2026-09-21 20:48:07,210 [MainThread] Firing INSTANT ALTER on 100000 row table...
2026-09-21 20:48:07,250 [MainThread] DDL completed in 0.04s (success=True)
2026-09-21 20:48:18,747 [MainThread] [LT-TINY-INT-IT] verification=PASS, ddl=0.04s, ops=1324
2026-09-21 20:48:18,747 [MainThread] === Large Table [SMALL-MED-IP] SMALLINT->MEDIUMINT INPLACE 100000 rows ===
2026-09-21 20:48:18,949 [MainThread] Populating 100000 rows...
2026-09-21 20:48:18,994 [MainThread]   t_large: initial 9 rows
2026-09-21 20:48:19,966 [MainThread]   t_large: final 100000 rows
2026-09-21 20:48:19,966 [MainThread] Syncing to Oracle table...
2026-09-21 20:48:23,585 [MainThread] Firing INPLACE ALTER on 100000 row table...
2026-09-21 20:48:23,826 [MainThread] DDL completed in 0.24s (success=True)
2026-09-21 20:48:35,008 [MainThread] [LT-SMALL-MED-IP] verification=PASS, ddl=0.24s, ops=1575
2026-09-21 20:48:35,008 [MainThread] === Large Table [SMALL-MED-IT] SMALLINT->MEDIUMINT INSTANT 100000 rows ===
2026-09-21 20:48:35,244 [MainThread] Populating 100000 rows...
2026-09-21 20:48:35,298 [MainThread]   t_large: initial 9 rows
2026-09-21 20:48:36,191 [MainThread]   t_large: final 100000 rows
2026-09-21 20:48:36,191 [MainThread] Syncing to Oracle table...
2026-09-21 20:48:39,672 [MainThread] Firing INSTANT ALTER on 100000 row table...
2026-09-21 20:48:39,714 [MainThread] DDL completed in 0.04s (success=True)
2026-09-21 20:48:50,267 [MainThread] [LT-SMALL-MED-IT] verification=PASS, ddl=0.04s, ops=1409
2026-09-21 20:48:50,267 [MainThread] === Large Table [MED-INT-IP] MEDIUMINT->INT INPLACE 100000 rows ===
2026-09-21 20:48:50,492 [MainThread] Populating 100000 rows...
2026-09-21 20:48:50,540 [MainThread]   t_large: initial 9 rows
2026-09-21 20:48:51,713 [MainThread]   t_large: final 100000 rows
2026-09-21 20:48:51,713 [MainThread] Syncing to Oracle table...
2026-09-21 20:48:55,486 [MainThread] Firing INPLACE ALTER on 100000 row table...
2026-09-21 20:48:55,727 [MainThread] DDL completed in 0.24s (success=True)
2026-09-21 20:49:06,947 [MainThread] [LT-MED-INT-IP] verification=PASS, ddl=0.24s, ops=1554
2026-09-21 20:49:06,948 [MainThread] === Large Table [MED-INT-IT] MEDIUMINT->INT INSTANT 100000 rows ===
2026-09-21 20:49:07,179 [MainThread] Populating 100000 rows...
2026-09-21 20:49:07,232 [MainThread]   t_large: initial 9 rows
2026-09-21 20:49:08,144 [MainThread]   t_large: final 100000 rows
2026-09-21 20:49:08,144 [MainThread] Syncing to Oracle table...
2026-09-21 20:49:11,655 [MainThread] Firing INSTANT ALTER on 100000 row table...
2026-09-21 20:49:11,695 [MainThread] DDL completed in 0.04s (success=True)
2026-09-21 20:49:23,152 [MainThread] [LT-MED-INT-IT] verification=PASS, ddl=0.04s, ops=1451
2026-09-21 20:49:23,153 [MainThread] === Large Table [INTU-BIGINTU-IP] INT UNSIGNED->BIGINT UNSIGNED INPLACE 100000 rows ===
2026-09-21 20:49:23,384 [MainThread] Populating 100000 rows...
2026-09-21 20:49:23,438 [MainThread]   t_large: initial 9 rows
2026-09-21 20:49:24,461 [MainThread]   t_large: final 100000 rows
2026-09-21 20:49:24,462 [MainThread] Syncing to Oracle table...
2026-09-21 20:49:28,141 [MainThread] Firing INPLACE ALTER on 100000 row table...
2026-09-21 20:49:28,422 [MainThread] DDL completed in 0.28s (success=True)
2026-09-21 20:49:39,637 [MainThread] [LT-INTU-BIGINTU-IP] verification=PASS, ddl=0.28s, ops=1612
2026-09-21 20:49:39,637 [MainThread] === Large Table [INTU-BIGINTU-IT] INT UNSIGNED->BIGINT UNSIGNED INSTANT 100000 rows ===
2026-09-21 20:49:39,894 [MainThread] Populating 100000 rows...
2026-09-21 20:49:39,949 [MainThread]   t_large: initial 9 rows
2026-09-21 20:49:40,926 [MainThread]   t_large: final 100000 rows
2026-09-21 20:49:40,926 [MainThread] Syncing to Oracle table...
2026-09-21 20:49:44,529 [MainThread] Firing INSTANT ALTER on 100000 row table...
2026-09-21 20:49:44,578 [MainThread] DDL completed in 0.05s (success=True)
2026-09-21 20:49:56,144 [MainThread] [LT-INTU-BIGINTU-IT] verification=PASS, ddl=0.05s, ops=1416
2026-09-21 20:49:56,144 [MainThread] === Large Table [TINYU-SMALLU-IT] TINYINT UNSIGNED->SMALLINT UNSIGNED INSTANT 100000 rows ===
2026-09-21 20:49:56,361 [MainThread] Populating 100000 rows...
2026-09-21 20:49:56,411 [MainThread]   t_large: initial 9 rows
2026-09-21 20:49:57,273 [MainThread]   t_large: final 100000 rows
2026-09-21 20:49:57,273 [MainThread] Syncing to Oracle table...
2026-09-21 20:50:00,811 [MainThread] Firing INSTANT ALTER on 100000 row table...
2026-09-21 20:50:00,860 [MainThread] DDL completed in 0.05s (success=True)
2026-09-21 20:50:12,309 [MainThread] [LT-TINYU-SMALLU-IT] verification=PASS, ddl=0.05s, ops=1343
2026-09-21 20:50:12,310 [MainThread] === Large Table [CHAR1-2-IP] CHAR(1)->CHAR(2) INPLACE 100000 rows ===
2026-09-21 20:50:12,547 [MainThread] Populating 100000 rows...
2026-09-21 20:50:12,603 [MainThread]   t_large: initial 5 rows
2026-09-21 20:50:13,710 [MainThread]   t_large: final 100000 rows
2026-09-21 20:50:13,710 [MainThread] Syncing to Oracle table...
2026-09-21 20:50:17,453 [MainThread] Firing INPLACE ALTER on 100000 row table...
2026-09-21 20:50:17,766 [MainThread] DDL completed in 0.31s (success=True)
2026-09-21 20:50:28,941 [MainThread] [LT-CHAR1-2-IP] verification=PASS, ddl=0.31s, ops=1489
2026-09-21 20:50:28,942 [MainThread] === Large Table [CHAR1-2-IT] CHAR(1)->CHAR(2) INSTANT 100000 rows ===
2026-09-21 20:50:29,201 [MainThread] Populating 100000 rows...
2026-09-21 20:50:29,255 [MainThread]   t_large: initial 5 rows
2026-09-21 20:50:30,194 [MainThread]   t_large: final 100000 rows
2026-09-21 20:50:30,194 [MainThread] Syncing to Oracle table...
2026-09-21 20:50:33,706 [MainThread] Firing INSTANT ALTER on 100000 row table...
2026-09-21 20:50:33,762 [MainThread] DDL completed in 0.06s (success=True)
2026-09-21 20:50:45,233 [MainThread] [LT-CHAR1-2-IT] verification=PASS, ddl=0.06s, ops=1320
2026-09-21 20:50:45,234 [MainThread] === Large Table [CHAR63-64-IT] CHAR(63)->CHAR(64) INSTANT 100000 rows ===
2026-09-21 20:50:45,498 [MainThread] Populating 100000 rows...
2026-09-21 20:50:45,561 [MainThread]   t_large: initial 5 rows
2026-09-21 20:50:46,671 [MainThread]   t_large: final 100000 rows
2026-09-21 20:50:46,671 [MainThread] Syncing to Oracle table...
2026-09-21 20:50:50,285 [MainThread] Firing INSTANT ALTER on 100000 row table...
2026-09-21 20:50:50,331 [MainThread] DDL completed in 0.05s (success=True)
2026-09-21 20:51:01,958 [MainThread] [LT-CHAR63-64-IT] verification=PASS, ddl=0.05s, ops=1291
2026-09-21 20:51:01,958 [MainThread] === Large Table [CHAR254-255-IP] CHAR(254)->CHAR(255) INPLACE 100000 rows ===
2026-09-21 20:51:02,181 [MainThread] Populating 100000 rows...
2026-09-21 20:51:02,233 [MainThread]   t_large: initial 5 rows
2026-09-21 20:51:03,962 [MainThread]   t_large: final 100000 rows
2026-09-21 20:51:03,962 [MainThread] Syncing to Oracle table...
2026-09-21 20:51:08,148 [MainThread] Firing INPLACE ALTER on 100000 row table...
2026-09-21 20:51:11,716 [MainThread] DDL completed in 3.57s (success=True)
2026-09-21 20:51:22,957 [MainThread] [LT-CHAR254-255-IP] verification=PASS, ddl=3.57s, ops=1791
2026-09-21 20:51:22,957 [MainThread] === Large Table [VAR254-255-IP] VARCHAR(254)->VARCHAR(255) INPLACE 100000 rows ===
2026-09-21 20:51:23,259 [MainThread] Populating 100000 rows...
2026-09-21 20:51:23,324 [MainThread]   t_large: initial 5 rows
2026-09-21 20:51:24,706 [MainThread]   t_large: final 100000 rows
2026-09-21 20:51:24,706 [MainThread] Syncing to Oracle table...
2026-09-21 20:51:28,497 [MainThread] Firing INPLACE ALTER on 100000 row table...
2026-09-21 20:51:28,541 [MainThread] DDL completed in 0.04s (success=True)
2026-09-21 20:51:40,062 [MainThread] [LT-VAR254-255-IP] verification=PASS, ddl=0.04s, ops=1502
2026-09-21 20:51:40,063 [MainThread] === Large Table [VAR254-255-IT] VARCHAR(254)->VARCHAR(255) INSTANT 100000 rows ===
2026-09-21 20:51:40,297 [MainThread] Populating 100000 rows...
2026-09-21 20:51:40,352 [MainThread]   t_large: initial 5 rows
2026-09-21 20:51:41,400 [MainThread]   t_large: final 100000 rows
2026-09-21 20:51:41,400 [MainThread] Syncing to Oracle table...
2026-09-21 20:51:44,900 [MainThread] Firing INSTANT ALTER on 100000 row table...
2026-09-21 20:51:44,940 [MainThread] DDL completed in 0.04s (success=True)
2026-09-21 20:51:56,375 [MainThread] [LT-VAR254-255-IT] verification=PASS, ddl=0.04s, ops=1299
2026-09-21 20:51:56,375 [MainThread] === Large Table [VAR255-256-IP] VARCHAR(255)->VARCHAR(256) INPLACE 100000 rows ===
2026-09-21 20:51:56,593 [MainThread] Populating 100000 rows...
2026-09-21 20:51:56,643 [MainThread]   t_large: initial 5 rows
2026-09-21 20:51:57,820 [MainThread]   t_large: final 100000 rows
2026-09-21 20:51:57,820 [MainThread] Syncing to Oracle table...
2026-09-21 20:52:01,545 [MainThread] Firing INPLACE ALTER on 100000 row table...
2026-09-21 20:52:01,781 [MainThread] DDL completed in 0.24s (success=True)
2026-09-21 20:52:13,020 [MainThread] [LT-VAR255-256-IP] verification=PASS, ddl=0.24s, ops=1549
2026-09-21 20:52:13,020 [MainThread] === Large Table [VAR255-256-IT] VARCHAR(255)->VARCHAR(256) INSTANT 100000 rows ===
2026-09-21 20:52:13,279 [MainThread] Populating 100000 rows...
2026-09-21 20:52:13,334 [MainThread]   t_large: initial 5 rows
2026-09-21 20:52:14,413 [MainThread]   t_large: final 100000 rows
2026-09-21 20:52:14,413 [MainThread] Syncing to Oracle table...
2026-09-21 20:52:17,908 [MainThread] Firing INSTANT ALTER on 100000 row table...
2026-09-21 20:52:17,955 [MainThread] DDL completed in 0.05s (success=True)
2026-09-21 20:52:29,451 [MainThread] [LT-VAR255-256-IT] verification=PASS, ddl=0.05s, ops=1341
2026-09-21 20:52:29,451 [MainThread] === Large Table [VAR100-200-IP] VARCHAR(100)->VARCHAR(200) INPLACE 100000 rows ===
2026-09-21 20:52:29,696 [MainThread] Populating 100000 rows...
2026-09-21 20:52:29,752 [MainThread]   t_large: initial 5 rows
2026-09-21 20:52:30,952 [MainThread]   t_large: final 100000 rows
2026-09-21 20:52:30,952 [MainThread] Syncing to Oracle table...
2026-09-21 20:52:34,638 [MainThread] Firing INPLACE ALTER on 100000 row table...
2026-09-21 20:52:34,692 [MainThread] DDL completed in 0.05s (success=True)
2026-09-21 20:52:46,194 [MainThread] [LT-VAR100-200-IP] verification=PASS, ddl=0.05s, ops=1447
2026-09-21 20:52:46,195 [MainThread] === Large Table [VAR100-200-IT] VARCHAR(100)->VARCHAR(200) INSTANT 100000 rows ===
2026-09-21 20:52:46,430 [MainThread] Populating 100000 rows...
2026-09-21 20:52:46,487 [MainThread]   t_large: initial 5 rows
2026-09-21 20:52:47,508 [MainThread]   t_large: final 100000 rows
2026-09-21 20:52:47,508 [MainThread] Syncing to Oracle table...
2026-09-21 20:52:51,060 [MainThread] Firing INSTANT ALTER on 100000 row table...
2026-09-21 20:52:51,113 [MainThread] DDL completed in 0.05s (success=True)
2026-09-21 20:53:02,620 [MainThread] [LT-VAR100-200-IT] verification=PASS, ddl=0.05s, ops=1329
2026-09-21 20:53:02,620 [MainThread] === Large Table [BIN10-20-IP] BINARY(10)->BINARY(20) INPLACE 100000 rows ===
2026-09-21 20:53:02,908 [MainThread] Populating 100000 rows...
2026-09-21 20:53:02,972 [MainThread]   t_large: initial 5 rows
2026-09-21 20:53:04,169 [MainThread]   t_large: final 100000 rows
2026-09-21 20:53:04,169 [MainThread] Syncing to Oracle table...
2026-09-21 20:53:07,910 [MainThread] Firing INPLACE ALTER on 100000 row table...
2026-09-21 20:53:08,216 [MainThread] DDL completed in 0.31s (success=True)
2026-09-21 20:53:19,356 [MainThread] [LT-BIN10-20-IP] verification=PASS, ddl=0.31s, ops=1557
2026-09-21 20:53:19,356 [MainThread] === Large Table [BIN10-20-IT] BINARY(10)->BINARY(20) INSTANT 100000 rows ===
2026-09-21 20:53:19,611 [MainThread] Populating 100000 rows...
2026-09-21 20:53:19,671 [MainThread]   t_large: initial 5 rows
2026-09-21 20:53:20,838 [MainThread]   t_large: final 100000 rows
2026-09-21 20:53:20,839 [MainThread] Syncing to Oracle table...
2026-09-21 20:53:24,502 [MainThread] Firing INSTANT ALTER on 100000 row table...
2026-09-21 20:53:24,546 [MainThread] DDL completed in 0.04s (success=True)
2026-09-21 20:53:36,119 [MainThread] [LT-BIN10-20-IT] verification=FAIL: ddl_match=False, mismatches=0, dml_err=0.00%, new_range=True, count_diff=0, ddl=0.04s, ops=1326
2026-09-21 20:53:36,119 [MainThread] === Large Table [BIN40-80-IP] BINARY(40)->BINARY(80) INPLACE 100000 rows ===
2026-09-21 20:53:36,367 [MainThread] Populating 100000 rows...
2026-09-21 20:53:36,425 [MainThread]   t_large: initial 5 rows
2026-09-21 20:53:37,651 [MainThread]   t_large: final 100000 rows
2026-09-21 20:53:37,651 [MainThread] Syncing to Oracle table...
2026-09-21 20:53:41,413 [MainThread] Firing INPLACE ALTER on 100000 row table...
2026-09-21 20:53:41,835 [MainThread] DDL completed in 0.42s (success=True)
2026-09-21 20:53:52,872 [MainThread] [LT-BIN40-80-IP] verification=PASS, ddl=0.42s, ops=1608
2026-09-21 20:53:52,872 [MainThread] === Large Table [VBIN20-40-IP] VARBINARY(20)->VARBINARY(40) INPLACE 100000 rows ===
2026-09-21 20:53:53,124 [MainThread] Populating 100000 rows...
2026-09-21 20:53:53,176 [MainThread]   t_large: initial 5 rows
2026-09-21 20:53:54,330 [MainThread]   t_large: final 100000 rows
2026-09-21 20:53:54,330 [MainThread] Syncing to Oracle table...
2026-09-21 20:53:58,052 [MainThread] Firing INPLACE ALTER on 100000 row table...
2026-09-21 20:53:58,095 [MainThread] DDL completed in 0.04s (success=True)
2026-09-21 20:54:09,511 [MainThread] [LT-VBIN20-40-IP] verification=PASS, ddl=0.04s, ops=1454
2026-09-21 20:54:09,511 [MainThread] === Large Table [VBIN20-40-IT] VARBINARY(20)->VARBINARY(40) INSTANT 100000 rows ===
2026-09-21 20:54:09,769 [MainThread] Populating 100000 rows...
2026-09-21 20:54:09,828 [MainThread]   t_large: initial 5 rows
2026-09-21 20:54:10,823 [MainThread]   t_large: final 100000 rows
2026-09-21 20:54:10,823 [MainThread] Syncing to Oracle table...
2026-09-21 20:54:14,368 [MainThread] Firing INSTANT ALTER on 100000 row table...
2026-09-21 20:54:14,420 [MainThread] DDL completed in 0.05s (success=True)
2026-09-21 20:54:25,796 [MainThread] [LT-VBIN20-40-IT] verification=FAIL: ddl_match=False, mismatches=0, dml_err=0.00%, new_range=True, count_diff=0, ddl=0.05s, ops=1422
2026-09-21 20:54:25,797 [MainThread] === Large Table [VBIN100-200-IP] VARBINARY(100)->VARBINARY(200) INPLACE 100000 rows ===
2026-09-21 20:54:26,048 [MainThread] Populating 100000 rows...
2026-09-21 20:54:26,108 [MainThread]   t_large: initial 5 rows
2026-09-21 20:54:27,282 [MainThread]   t_large: final 100000 rows
2026-09-21 20:54:27,282 [MainThread] Syncing to Oracle table...
2026-09-21 20:54:31,070 [MainThread] Firing INPLACE ALTER on 100000 row table...
2026-09-21 20:54:31,112 [MainThread] DDL completed in 0.04s (success=True)
2026-09-21 20:54:42,498 [MainThread] [LT-VBIN100-200-IP] verification=PASS, ddl=0.04s, ops=1481
2026-09-21 20:54:42,498 [MainThread] === Large Table [DEC10-12-IP] DECIMAL(10,2)->DECIMAL(12,2) INPLACE 100000 rows ===
2026-09-21 20:54:42,760 [MainThread] Populating 100000 rows...
2026-09-21 20:54:42,817 [MainThread]   t_large: initial 6 rows
2026-09-21 20:54:44,093 [MainThread]   t_large: final 100000 rows
2026-09-21 20:54:44,093 [MainThread] Syncing to Oracle table...
2026-09-21 20:54:47,756 [MainThread] Firing INPLACE ALTER on 100000 row table...
2026-09-21 20:54:47,793 [MainThread] DDL completed in 0.04s (success=False)
2026-09-21 20:54:58,882 [MainThread] [LT-DEC10-12-IP] verification=FAIL: DDL failed unexpectedly: (1846, 'ALGORITHM=INPLACE is not supported. Reason: Cannot change column type INPLACE. Try ALGORITHM=COPY.'), ddl=0.04s, ops=1405
2026-09-21 20:54:58,883 [MainThread] === Large Table [DEC10-12-IT] DECIMAL(10,2)->DECIMAL(12,2) INSTANT 100000 rows ===
2026-09-21 20:54:59,100 [MainThread] Populating 100000 rows...
2026-09-21 20:54:59,149 [MainThread]   t_large: initial 6 rows
2026-09-21 20:55:00,078 [MainThread]   t_large: final 100000 rows
2026-09-21 20:55:00,079 [MainThread] Syncing to Oracle table...
2026-09-21 20:55:03,587 [MainThread] Firing INSTANT ALTER on 100000 row table...
2026-09-21 20:55:03,622 [MainThread] DDL completed in 0.03s (success=False)
2026-09-21 20:55:13,751 [MainThread] [LT-DEC10-12-IT] verification=PASS, ddl=0.03s, ops=1270
2026-09-21 20:55:13,752 [MainThread] === Large Table [DEC18-20-IP] DECIMAL(18,0)->DECIMAL(20,0) INPLACE 100000 rows ===
2026-09-21 20:55:13,992 [MainThread] Populating 100000 rows...
2026-09-21 20:55:14,048 [MainThread]   t_large: initial 6 rows
2026-09-21 20:55:15,239 [MainThread]   t_large: final 100000 rows
2026-09-21 20:55:15,239 [MainThread] Syncing to Oracle table...
2026-09-21 20:55:18,905 [MainThread] Firing INPLACE ALTER on 100000 row table...
2026-09-21 20:55:18,944 [MainThread] DDL completed in 0.04s (success=False)
2026-09-21 20:55:30,032 [MainThread] [LT-DEC18-20-IP] verification=FAIL: DDL failed unexpectedly: (1846, 'ALGORITHM=INPLACE is not supported. Reason: Cannot change column type INPLACE. Try ALGORITHM=COPY.'), ddl=0.04s, ops=1477
2026-09-21 20:55:30,032 [MainThread] === Large Table [DEC1-2-IT] DECIMAL(1,0)->DECIMAL(2,0) INSTANT 100000 rows ===
2026-09-21 20:55:30,307 [MainThread] Populating 100000 rows...
2026-09-21 20:55:30,366 [MainThread]   t_large: initial 6 rows
2026-09-21 20:55:31,392 [MainThread]   t_large: final 100000 rows
2026-09-21 20:55:31,393 [MainThread] Syncing to Oracle table...
2026-09-21 20:55:35,062 [MainThread] Firing INSTANT ALTER on 100000 row table...
2026-09-21 20:55:35,103 [MainThread] DDL completed in 0.04s (success=False)
2026-09-21 20:55:46,186 [MainThread] [LT-DEC1-2-IT] verification=PASS, ddl=0.04s, ops=1297
2026-09-21 20:55:46,186 [MainThread] === Large Table [TEXT-T-IP] TINYTEXT->TEXT INPLACE 100000 rows ===
2026-09-21 20:55:46,494 [MainThread] === Large Table [TEXT-T-IT] TINYTEXT->TEXT INSTANT 100000 rows ===
2026-09-21 20:55:46,739 [MainThread] Populating 100000 rows...
2026-09-21 20:55:46,794 [MainThread]   t_large: initial 5 rows
2026-09-21 20:55:48,004 [MainThread]   t_large: final 100000 rows
2026-09-21 20:55:48,005 [MainThread] Syncing to Oracle table...
2026-09-21 20:55:51,728 [MainThread] Firing INSTANT ALTER on 100000 row table...
2026-09-21 20:55:51,768 [MainThread] DDL completed in 0.04s (success=False)
2026-09-21 20:56:02,851 [MainThread] [LT-TEXT-T-IT] verification=PASS, ddl=0.04s, ops=1184
2026-09-21 20:56:02,851 [MainThread] === Large Table [TEXT-MT-IP] TEXT->MEDIUMTEXT INPLACE 100000 rows ===
2026-09-21 20:56:03,086 [MainThread] === Large Table [BLOB-B-IP] TINYBLOB->BLOB INPLACE 100000 rows ===
2026-09-21 20:56:03,333 [MainThread] === Large Table [BLOB-B-IT] TINYBLOB->BLOB INSTANT 100000 rows ===
2026-09-21 20:56:03,559 [MainThread] Populating 100000 rows...
2026-09-21 20:56:03,611 [MainThread]   t_large: initial 5 rows
2026-09-21 20:56:04,643 [MainThread]   t_large: final 100000 rows
2026-09-21 20:56:04,643 [MainThread] Syncing to Oracle table...
2026-09-21 20:56:08,267 [MainThread] Firing INSTANT ALTER on 100000 row table...
2026-09-21 20:56:08,303 [MainThread] DDL completed in 0.04s (success=False)
2026-09-21 20:56:19,397 [MainThread] [LT-BLOB-B-IT] verification=PASS, ddl=0.04s, ops=1299
2026-09-21 20:56:19,398 [MainThread] === Large Table [BLOB-MB-IP] BLOB->MEDIUMBLOB INPLACE 100000 rows ===
2026-09-21 20:56:19,681 [MainThread] === Large Table [BIT1-8-IP] BIT(1)->BIT(8) INPLACE 100000 rows ===
2026-09-21 20:56:19,904 [MainThread] Populating 100000 rows...
2026-09-21 20:56:19,954 [MainThread]   t_large: initial 3 rows
2026-09-21 20:56:21,097 [MainThread]   t_large: final 100000 rows
2026-09-21 20:56:21,098 [MainThread] Syncing to Oracle table...
2026-09-21 20:56:24,827 [MainThread] Firing INPLACE ALTER on 100000 row table...
2026-09-21 20:56:24,858 [MainThread] DDL completed in 0.03s (success=False)
2026-09-21 20:56:35,938 [MainThread] [LT-BIT1-8-IP] verification=FAIL: DDL failed unexpectedly: (1846, 'ALGORITHM=INPLACE is not supported. Reason: Cannot change column type INPLACE. Try ALGORITHM=COPY.'), ddl=0.03s, ops=1503
2026-09-21 20:56:35,938 [MainThread] === Large Table [BIT1-8-IT] BIT(1)->BIT(8) INSTANT 100000 rows ===
2026-09-21 20:56:36,187 [MainThread] Populating 100000 rows...
2026-09-21 20:56:36,245 [MainThread]   t_large: initial 3 rows
2026-09-21 20:56:37,331 [MainThread]   t_large: final 100000 rows
2026-09-21 20:56:37,331 [MainThread] Syncing to Oracle table...
2026-09-21 20:56:40,845 [MainThread] Firing INSTANT ALTER on 100000 row table...
2026-09-21 20:56:40,885 [MainThread] DDL completed in 0.04s (success=False)
2026-09-21 20:56:51,954 [MainThread] [LT-BIT1-8-IT] verification=PASS, ddl=0.04s, ops=1311
2026-09-21 20:56:51,954 [MainThread] === Large Table [BIT8-16-IP] BIT(8)->BIT(16) INPLACE 100000 rows ===
2026-09-21 20:56:52,162 [MainThread] Populating 100000 rows...
2026-09-21 20:56:52,211 [MainThread]   t_large: initial 5 rows
2026-09-21 20:56:53,238 [MainThread]   t_large: final 100000 rows
2026-09-21 20:56:53,239 [MainThread] Syncing to Oracle table...
2026-09-21 20:56:56,992 [MainThread] Firing INPLACE ALTER on 100000 row table...
2026-09-21 20:56:57,021 [MainThread] DDL completed in 0.03s (success=False)
2026-09-21 20:57:07,133 [MainThread] [LT-BIT8-16-IP] verification=FAIL: DDL failed unexpectedly: (1846, 'ALGORITHM=INPLACE is not supported. Reason: Cannot change column type INPLACE. Try ALGORITHM=COPY.'), ddl=0.03s, ops=1405
2026-09-21 20:57:07,133 [MainThread] === Large Table [BIT16-32-IT] BIT(16)->BIT(32) INSTANT 100000 rows ===
2026-09-21 20:57:07,379 [MainThread] Populating 100000 rows...
2026-09-21 20:57:07,433 [MainThread]   t_large: initial 5 rows
2026-09-21 20:57:08,385 [MainThread]   t_large: final 100000 rows
2026-09-21 20:57:08,386 [MainThread] Syncing to Oracle table...
2026-09-21 20:57:12,038 [MainThread] Firing INSTANT ALTER on 100000 row table...
2026-09-21 20:57:12,077 [MainThread] DDL completed in 0.04s (success=False)
2026-09-21 20:57:23,162 [MainThread] [LT-BIT16-32-IT] verification=PASS, ddl=0.04s, ops=1331
2026-09-21 20:57:23,162 [MainThread] Large table summary: 41 total, 31 PASS, 6 FAIL, 4 errors
2026-09-21 20:57:23,172 [MainThread] 
============================================================
2026-09-21 20:57:23,173 [MainThread] LARGE TABLE SUMMARY: 41 total, 31 PASS, 6 FAIL, 4 errors
2026-09-21 20:57:23,173 [MainThread] CSV: /Users/yuyu/PyCharmMiscProject/outputs/ddl_verify_20260919/concurrent_dml/results/large_table_summary.csv
2026-09-21 20:57:23,173 [MainThread] JSON: /Users/yuyu/PyCharmMiscProject/outputs/ddl_verify_20260919/concurrent_dml/results/large_table_detailed.json
2026-09-21 20:57:23,173 [MainThread] ============================================================
