2026-09-21 20:14:58,735 [MainThread] ============================================================
2026-09-21 20:14:58,735 [MainThread] RDS MySQL DDL Large Table Verification Suite (Large Only)
2026-09-21 20:14:58,735 [MainThread] ============================================================
2026-09-21 20:14:58,735 [MainThread] QUICK MODE: reduced to 100K rows per test
2026-09-21 20:14:58,735 [MainThread] 
### Large Table Tests: 41 entries ###
2026-09-21 20:14:58,735 [MainThread] === Large Table Tests: All Types ===
2026-09-21 20:14:58,735 [MainThread] === Large Table [INT-BIGINT-IP] INT->BIGINT INPLACE 100000 rows ===
2026-09-21 20:14:58,999 [MainThread] Populating 100000 rows...
2026-09-21 20:14:59,059 [MainThread]   t_large: initial 11 rows
2026-09-21 20:15:00,295 [MainThread]   t_large: final 100020 rows
2026-09-21 20:15:00,295 [MainThread] Syncing to Oracle table...
2026-09-21 20:15:03,394 [MainThread] Firing INPLACE ALTER on 100020 row table...
2026-09-21 20:15:03,700 [MainThread] DDL completed in 0.31s (success=True)
2026-09-21 20:15:14,658 [MainThread] [LT-INT-BIGINT-IP] verification=FAIL: ddl_expected_match=True, count_diff=100062, mismatches=0, dml_error_rate=14.07%, ddl=0.31s, ops=1471
2026-09-21 20:15:14,658 [MainThread] === Large Table [INT-BIGINT-IT] INT->BIGINT INSTANT 100000 rows ===
2026-09-21 20:15:14,948 [MainThread] Populating 100000 rows...
2026-09-21 20:15:15,000 [MainThread]   t_large: initial 11 rows
2026-09-21 20:15:15,876 [MainThread]   t_large: final 100017 rows
2026-09-21 20:15:15,876 [MainThread] Syncing to Oracle table...
2026-09-21 20:15:18,971 [MainThread] Firing INSTANT ALTER on 100017 row table...
2026-09-21 20:15:19,010 [MainThread] DDL completed in 0.04s (success=True)
2026-09-21 20:15:30,228 [MainThread] [LT-INT-BIGINT-IT] verification=FAIL: ddl_expected_match=True, count_diff=100046, mismatches=0, dml_error_rate=6.48%, ddl=0.04s, ops=1203
2026-09-21 20:15:30,228 [MainThread] === Large Table [TINY-SMALL-IT] TINYINT->SMALLINT INSTANT 100000 rows ===
2026-09-21 20:15:30,465 [MainThread] Populating 100000 rows...
2026-09-21 20:15:30,522 [MainThread]   t_large: initial 11 rows
2026-09-21 20:15:31,436 [MainThread]   t_large: final 100015 rows
2026-09-21 20:15:31,436 [MainThread] Syncing to Oracle table...
2026-09-21 20:15:34,534 [MainThread] Firing INSTANT ALTER on 100015 row table...
2026-09-21 20:15:34,586 [MainThread] DDL completed in 0.05s (success=True)
2026-09-21 20:15:45,873 [MainThread] [LT-TINY-SMALL-IT] verification=FAIL: ddl_expected_match=True, count_diff=100029, mismatches=0, dml_error_rate=6.03%, ddl=0.05s, ops=1344
2026-09-21 20:15:45,873 [MainThread] === Large Table [TINY-INT-IT] TINYINT->INT INSTANT 100000 rows ===
2026-09-21 20:15:46,134 [MainThread] Populating 100000 rows...
2026-09-21 20:15:46,194 [MainThread]   t_large: initial 11 rows
2026-09-21 20:15:47,123 [MainThread]   t_large: final 95952 rows
2026-09-21 20:15:47,123 [MainThread] Syncing to Oracle table...
2026-09-21 20:15:50,219 [MainThread] Firing INSTANT ALTER on 95952 row table...
2026-09-21 20:15:50,275 [MainThread] DDL completed in 0.06s (success=True)
2026-09-21 20:16:01,479 [MainThread] [LT-TINY-INT-IT] verification=FAIL: ddl_expected_match=True, count_diff=100047, mismatches=0, dml_error_rate=11.78%, ddl=0.06s, ops=1273
2026-09-21 20:16:01,479 [MainThread] === Large Table [SMALL-MED-IP] SMALLINT->MEDIUMINT INPLACE 100000 rows ===
2026-09-21 20:16:01,703 [MainThread] Populating 100000 rows...
2026-09-21 20:16:01,753 [MainThread]   t_large: initial 12 rows
2026-09-21 20:16:02,874 [MainThread]   t_large: final 100027 rows
2026-09-21 20:16:02,874 [MainThread] Syncing to Oracle table...
2026-09-21 20:16:05,960 [MainThread] Firing INPLACE ALTER on 100027 row table...
2026-09-21 20:16:06,191 [MainThread] DDL completed in 0.23s (success=True)
2026-09-21 20:16:17,217 [MainThread] [LT-SMALL-MED-IP] verification=FAIL: ddl_expected_match=True, count_diff=100044, mismatches=0, dml_error_rate=5.40%, ddl=0.23s, ops=1407
2026-09-21 20:16:17,217 [MainThread] === Large Table [SMALL-MED-IT] SMALLINT->MEDIUMINT INSTANT 100000 rows ===
2026-09-21 20:16:17,449 [MainThread] Populating 100000 rows...
2026-09-21 20:16:17,501 [MainThread]   t_large: initial 13 rows
2026-09-21 20:16:18,461 [MainThread]   t_large: final 100013 rows
2026-09-21 20:16:18,461 [MainThread] Syncing to Oracle table...
2026-09-21 20:16:21,552 [MainThread] Firing INSTANT ALTER on 100013 row table...
2026-09-21 20:16:21,595 [MainThread] DDL completed in 0.04s (success=True)
2026-09-21 20:16:32,803 [MainThread] [LT-SMALL-MED-IT] verification=FAIL: ddl_expected_match=True, count_diff=100056, mismatches=0, dml_error_rate=4.71%, ddl=0.04s, ops=1359
2026-09-21 20:16:32,803 [MainThread] === Large Table [MED-INT-IP] MEDIUMINT->INT INPLACE 100000 rows ===
2026-09-21 20:16:33,090 [MainThread] Populating 100000 rows...
2026-09-21 20:16:33,154 [MainThread]   t_large: initial 9 rows
2026-09-21 20:16:34,336 [MainThread]   t_large: final 100016 rows
2026-09-21 20:16:34,336 [MainThread] Syncing to Oracle table...
2026-09-21 20:16:37,440 [MainThread] Firing INPLACE ALTER on 100016 row table...
2026-09-21 20:16:37,715 [MainThread] DDL completed in 0.27s (success=True)
2026-09-21 20:16:48,722 [MainThread] [LT-MED-INT-IP] verification=FAIL: ddl_expected_match=True, count_diff=100061, mismatches=0, dml_error_rate=8.50%, ddl=0.27s, ops=1318
2026-09-21 20:16:48,723 [MainThread] === Large Table [MED-INT-IT] MEDIUMINT->INT INSTANT 100000 rows ===
2026-09-21 20:16:48,941 [MainThread] Populating 100000 rows...
2026-09-21 20:16:48,991 [MainThread]   t_large: initial 10 rows
2026-09-21 20:16:49,857 [MainThread]   t_large: final 100021 rows
2026-09-21 20:16:49,857 [MainThread] Syncing to Oracle table...
2026-09-21 20:16:52,944 [MainThread] Firing INSTANT ALTER on 100021 row table...
2026-09-21 20:16:52,985 [MainThread] DDL completed in 0.04s (success=True)
2026-09-21 20:17:04,262 [MainThread] [LT-MED-INT-IT] verification=FAIL: ddl_expected_match=True, count_diff=100055, mismatches=0, dml_error_rate=4.47%, ddl=0.04s, ops=1500
2026-09-21 20:17:04,262 [MainThread] === Large Table [INTU-BIGINTU-IP] INT UNSIGNED->BIGINT UNSIGNED INPLACE 100000 rows ===
2026-09-21 20:17:04,522 [MainThread] Populating 100000 rows...
2026-09-21 20:17:04,583 [MainThread]   t_large: initial 4 rows
2026-09-21 20:17:05,765 [MainThread]   t_large: final 100018 rows
2026-09-21 20:17:05,765 [MainThread] Syncing to Oracle table...
2026-09-21 20:17:08,871 [MainThread] Firing INPLACE ALTER on 100018 row table...
2026-09-21 20:17:09,103 [MainThread] DDL completed in 0.23s (success=True)
2026-09-21 20:17:20,146 [MainThread] [LT-INTU-BIGINTU-IP] verification=FAIL: ddl_expected_match=True, count_diff=100066, mismatches=0, dml_error_rate=5.73%, ddl=0.23s, ops=1413
2026-09-21 20:17:20,146 [MainThread] === Large Table [INTU-BIGINTU-IT] INT UNSIGNED->BIGINT UNSIGNED INSTANT 100000 rows ===
2026-09-21 20:17:20,398 [MainThread] Populating 100000 rows...
2026-09-21 20:17:20,453 [MainThread]   t_large: initial 1 rows
2026-09-21 20:17:21,587 [MainThread]   t_large: final 100023 rows
2026-09-21 20:17:21,587 [MainThread] Syncing to Oracle table...
2026-09-21 20:17:24,683 [MainThread] Firing INSTANT ALTER on 100023 row table...
2026-09-21 20:17:24,737 [MainThread] DDL completed in 0.05s (success=True)
2026-09-21 20:17:35,947 [MainThread] [LT-INTU-BIGINTU-IT] verification=FAIL: ddl_expected_match=True, count_diff=100071, mismatches=0, dml_error_rate=7.85%, ddl=0.05s, ops=1312
2026-09-21 20:17:35,948 [MainThread] === Large Table [TINYU-SMALLU-IT] TINYINT UNSIGNED->SMALLINT UNSIGNED INSTANT 100000 rows ===
2026-09-21 20:17:36,206 [MainThread] Populating 100000 rows...
2026-09-21 20:17:36,265 [MainThread]   t_large: initial 4 rows
2026-09-21 20:17:37,267 [MainThread]   t_large: final 100026 rows
2026-09-21 20:17:37,268 [MainThread] Syncing to Oracle table...
2026-09-21 20:17:40,362 [MainThread] Firing INSTANT ALTER on 100026 row table...
2026-09-21 20:17:40,405 [MainThread] DDL completed in 0.04s (success=True)
2026-09-21 20:17:51,682 [MainThread] [LT-TINYU-SMALLU-IT] verification=FAIL: ddl_expected_match=True, count_diff=100055, mismatches=0, dml_error_rate=5.27%, ddl=0.04s, ops=1328
2026-09-21 20:17:51,682 [MainThread] === Large Table [CHAR1-2-IP] CHAR(1)->CHAR(2) INPLACE 100000 rows ===
2026-09-21 20:17:51,941 [MainThread] Populating 100000 rows...
2026-09-21 20:17:52,002 [MainThread]   t_large: initial 4 rows
2026-09-21 20:17:53,147 [MainThread]   t_large: final 100031 rows
2026-09-21 20:17:53,148 [MainThread] Syncing to Oracle table...
2026-09-21 20:17:56,257 [MainThread] Firing INPLACE ALTER on 100031 row table...
2026-09-21 20:17:56,489 [MainThread] DDL completed in 0.23s (success=True)
2026-09-21 20:18:07,533 [MainThread] [LT-CHAR1-2-IP] verification=FAIL: ddl_expected_match=True, count_diff=100075, mismatches=0, dml_error_rate=9.77%, ddl=0.23s, ops=1382
2026-09-21 20:18:07,534 [MainThread] === Large Table [CHAR1-2-IT] CHAR(1)->CHAR(2) INSTANT 100000 rows ===
2026-09-21 20:18:07,802 [MainThread] Populating 100000 rows...
2026-09-21 20:18:07,865 [MainThread]   t_large: initial 5 rows
2026-09-21 20:18:08,886 [MainThread]   t_large: final 100034 rows
2026-09-21 20:18:08,886 [MainThread] Syncing to Oracle table...
2026-09-21 20:18:11,995 [MainThread] Firing INSTANT ALTER on 100034 row table...
2026-09-21 20:18:12,042 [MainThread] DDL completed in 0.05s (success=True)
2026-09-21 20:18:23,337 [MainThread] [LT-CHAR1-2-IT] verification=FAIL: ddl_expected_match=True, count_diff=100057, mismatches=0, dml_error_rate=13.70%, ddl=0.05s, ops=1219
2026-09-21 20:18:23,337 [MainThread] === Large Table [CHAR63-64-IT] CHAR(63)->CHAR(64) INSTANT 100000 rows ===
2026-09-21 20:18:23,582 [MainThread] Populating 100000 rows...
2026-09-21 20:18:23,639 [MainThread]   t_large: initial 9 rows
2026-09-21 20:18:24,674 [MainThread]   t_large: final 100034 rows
2026-09-21 20:18:24,675 [MainThread] Syncing to Oracle table...
2026-09-21 20:18:27,798 [MainThread] Firing INSTANT ALTER on 100034 row table...
2026-09-21 20:18:27,845 [MainThread] DDL completed in 0.05s (success=True)
2026-09-21 20:18:39,070 [MainThread] [LT-CHAR63-64-IT] verification=FAIL: ddl_expected_match=True, count_diff=100064, mismatches=0, dml_error_rate=9.45%, ddl=0.05s, ops=1228
2026-09-21 20:18:39,070 [MainThread] === Large Table [CHAR254-255-IP] CHAR(254)->CHAR(255) INPLACE 100000 rows ===
2026-09-21 20:18:39,290 [MainThread] Populating 100000 rows...
2026-09-21 20:18:39,339 [MainThread]   t_large: initial 10 rows
2026-09-21 20:18:40,832 [MainThread]   t_large: final 100061 rows
2026-09-21 20:18:40,832 [MainThread] Syncing to Oracle table...
2026-09-21 20:18:44,014 [MainThread] Firing INPLACE ALTER on 100061 row table...
2026-09-21 20:18:46,015 [MainThread] DDL completed in 2.0s (success=True)
2026-09-21 20:18:56,329 [MainThread] [LT-CHAR254-255-IP] verification=FAIL: ddl_expected_match=True, count_diff=100030, mismatches=0, dml_error_rate=4.07%, ddl=2.0s, ops=1599
2026-09-21 20:18:56,329 [MainThread] === Large Table [VAR254-255-IP] VARCHAR(254)->VARCHAR(255) INPLACE 100000 rows ===
2026-09-21 20:18:56,647 [MainThread] Populating 100000 rows...
2026-09-21 20:18:56,709 [MainThread]   t_large: initial 9 rows
2026-09-21 20:18:57,851 [MainThread]   t_large: final 100040 rows
2026-09-21 20:18:57,852 [MainThread] Syncing to Oracle table...
2026-09-21 20:19:00,947 [MainThread] Firing INPLACE ALTER on 100040 row table...
2026-09-21 20:19:00,987 [MainThread] DDL completed in 0.04s (success=True)
2026-09-21 20:19:11,228 [MainThread] [LT-VAR254-255-IP] verification=FAIL: ddl_expected_match=True, count_diff=100143, mismatches=0, dml_error_rate=46.89%, ddl=0.04s, ops=1173
2026-09-21 20:19:11,228 [MainThread] === Large Table [VAR254-255-IT] VARCHAR(254)->VARCHAR(255) INSTANT 100000 rows ===
2026-09-21 20:19:11,478 [MainThread] Populating 100000 rows...
2026-09-21 20:19:11,536 [MainThread]   t_large: initial 11 rows
2026-09-21 20:19:12,579 [MainThread]   t_large: final 100038 rows
2026-09-21 20:19:12,579 [MainThread] Syncing to Oracle table...
2026-09-21 20:19:15,682 [MainThread] Firing INSTANT ALTER on 100038 row table...
2026-09-21 20:19:15,748 [MainThread] DDL completed in 0.07s (success=True)
