2026-09-21 20:58:24,337 [MainThread] ============================================================
2026-09-21 20:58:24,337 [MainThread] RDS MySQL DDL Large Table Verification Suite (Large Only)
2026-09-21 20:58:24,337 [MainThread] ============================================================
2026-09-21 20:58:24,337 [MainThread] QUICK MODE: reduced to 100K rows per test
2026-09-21 20:58:24,337 [MainThread] 
### Large Table Tests: 41 entries ###
2026-09-21 20:58:24,337 [MainThread] === Large Table Tests: All Types ===
2026-09-21 20:58:24,337 [MainThread] === Large Table [INT-BIGINT-IP] INT->BIGINT INPLACE 100000 rows ===
2026-09-21 20:58:24,592 [MainThread] Populating 100000 rows...
2026-09-21 20:58:24,650 [MainThread]   t_large: initial 9 rows
2026-09-21 20:58:25,731 [MainThread]   t_large: final 100000 rows
2026-09-21 20:58:25,731 [MainThread] Syncing to Oracle table...
2026-09-21 20:58:29,446 [MainThread] Firing INPLACE ALTER on 100000 row table...
2026-09-21 20:58:29,735 [MainThread] DDL completed in 0.29s (success=True)
2026-09-21 20:58:41,055 [MainThread] [LT-INT-BIGINT-IP] verification=PASS, ddl=0.29s, ops=1580
2026-09-21 20:58:41,055 [MainThread] === Large Table [INT-BIGINT-IT] INT->BIGINT INSTANT 100000 rows ===
2026-09-21 20:58:41,296 [MainThread] Populating 100000 rows...
2026-09-21 20:58:41,355 [MainThread]   t_large: initial 9 rows
2026-09-21 20:58:42,375 [MainThread]   t_large: final 100000 rows
2026-09-21 20:58:42,375 [MainThread] Syncing to Oracle table...
2026-09-21 20:58:45,910 [MainThread] Firing INSTANT ALTER on 100000 row table...
2026-09-21 20:58:45,962 [MainThread] DDL completed in 0.05s (success=True)
2026-09-21 20:58:57,545 [MainThread] [LT-INT-BIGINT-IT] verification=PASS, ddl=0.05s, ops=1341
2026-09-21 20:58:57,546 [MainThread] === Large Table [TINY-SMALL-IT] TINYINT->SMALLINT INSTANT 100000 rows ===
2026-09-21 20:58:57,784 [MainThread] Populating 100000 rows...
2026-09-21 20:58:57,840 [MainThread]   t_large: initial 9 rows
2026-09-21 20:58:58,745 [MainThread]   t_large: final 100000 rows
2026-09-21 20:58:58,745 [MainThread] Syncing to Oracle table...
2026-09-21 20:59:02,229 [MainThread] Firing INSTANT ALTER on 100000 row table...
2026-09-21 20:59:02,296 [MainThread] DDL completed in 0.07s (success=True)
2026-09-21 20:59:13,715 [MainThread] [LT-TINY-SMALL-IT] verification=PASS, ddl=0.07s, ops=1323
2026-09-21 20:59:13,715 [MainThread] === Large Table [TINY-INT-IT] TINYINT->INT INSTANT 100000 rows ===
2026-09-21 20:59:13,965 [MainThread] Populating 100000 rows...
2026-09-21 20:59:14,019 [MainThread]   t_large: initial 9 rows
2026-09-21 20:59:14,907 [MainThread]   t_large: final 100000 rows
2026-09-21 20:59:14,907 [MainThread] Syncing to Oracle table...
2026-09-21 20:59:18,488 [MainThread] Firing INSTANT ALTER on 100000 row table...
2026-09-21 20:59:18,529 [MainThread] DDL completed in 0.04s (success=True)
2026-09-21 20:59:30,005 [MainThread] [LT-TINY-INT-IT] verification=PASS, ddl=0.04s, ops=1367
2026-09-21 20:59:30,006 [MainThread] === Large Table [SMALL-MED-IP] SMALLINT->MEDIUMINT INPLACE 100000 rows ===
2026-09-21 20:59:30,268 [MainThread] Populating 100000 rows...
2026-09-21 20:59:30,330 [MainThread]   t_large: initial 9 rows
2026-09-21 20:59:31,481 [MainThread]   t_large: final 100000 rows
2026-09-21 20:59:31,481 [MainThread] Syncing to Oracle table...
2026-09-21 20:59:35,190 [MainThread] Firing INPLACE ALTER on 100000 row table...
2026-09-21 20:59:35,452 [MainThread] DDL completed in 0.26s (success=True)
2026-09-21 20:59:46,686 [MainThread] [LT-SMALL-MED-IP] verification=PASS, ddl=0.26s, ops=1593
2026-09-21 20:59:46,687 [MainThread] === Large Table [SMALL-MED-IT] SMALLINT->MEDIUMINT INSTANT 100000 rows ===
2026-09-21 20:59:46,917 [MainThread] Populating 100000 rows...
2026-09-21 20:59:46,969 [MainThread]   t_large: initial 9 rows
2026-09-21 20:59:47,862 [MainThread]   t_large: final 100000 rows
2026-09-21 20:59:47,863 [MainThread] Syncing to Oracle table...
2026-09-21 20:59:51,344 [MainThread] Firing INSTANT ALTER on 100000 row table...
2026-09-21 20:59:51,386 [MainThread] DDL completed in 0.04s (success=True)
2026-09-21 21:00:02,840 [MainThread] [LT-SMALL-MED-IT] verification=PASS, ddl=0.04s, ops=1332
2026-09-21 21:00:02,841 [MainThread] === Large Table [MED-INT-IP] MEDIUMINT->INT INPLACE 100000 rows ===
2026-09-21 21:00:03,101 [MainThread] Populating 100000 rows...
2026-09-21 21:00:03,157 [MainThread]   t_large: initial 9 rows
2026-09-21 21:00:04,400 [MainThread]   t_large: final 100000 rows
2026-09-21 21:00:04,400 [MainThread] Syncing to Oracle table...
2026-09-21 21:00:08,063 [MainThread] Firing INPLACE ALTER on 100000 row table...
2026-09-21 21:00:08,357 [MainThread] DDL completed in 0.29s (success=True)
2026-09-21 21:00:19,587 [MainThread] [LT-MED-INT-IP] verification=PASS, ddl=0.29s, ops=1550
2026-09-21 21:00:19,587 [MainThread] === Large Table [MED-INT-IT] MEDIUMINT->INT INSTANT 100000 rows ===
2026-09-21 21:00:19,794 [MainThread] Populating 100000 rows...
2026-09-21 21:00:19,844 [MainThread]   t_large: initial 9 rows
2026-09-21 21:00:20,702 [MainThread]   t_large: final 100000 rows
2026-09-21 21:00:20,703 [MainThread] Syncing to Oracle table...
2026-09-21 21:00:24,214 [MainThread] Firing INSTANT ALTER on 100000 row table...
2026-09-21 21:00:24,281 [MainThread] DDL completed in 0.07s (success=True)
2026-09-21 21:00:35,723 [MainThread] [LT-MED-INT-IT] verification=PASS, ddl=0.07s, ops=1405
2026-09-21 21:00:35,723 [MainThread] === Large Table [INTU-BIGINTU-IP] INT UNSIGNED->BIGINT UNSIGNED INPLACE 100000 rows ===
2026-09-21 21:00:35,967 [MainThread] Populating 100000 rows...
2026-09-21 21:00:36,028 [MainThread]   t_large: initial 9 rows
2026-09-21 21:00:37,136 [MainThread]   t_large: final 100000 rows
2026-09-21 21:00:37,136 [MainThread] Syncing to Oracle table...
2026-09-21 21:00:40,821 [MainThread] Firing INPLACE ALTER on 100000 row table...
2026-09-21 21:00:41,102 [MainThread] DDL completed in 0.28s (success=True)
2026-09-21 21:00:52,382 [MainThread] [LT-INTU-BIGINTU-IP] verification=PASS, ddl=0.28s, ops=1537
2026-09-21 21:00:52,382 [MainThread] === Large Table [INTU-BIGINTU-IT] INT UNSIGNED->BIGINT UNSIGNED INSTANT 100000 rows ===
2026-09-21 21:00:52,673 [MainThread] Populating 100000 rows...
2026-09-21 21:00:52,740 [MainThread]   t_large: initial 9 rows
2026-09-21 21:00:53,775 [MainThread]   t_large: final 100000 rows
2026-09-21 21:00:53,776 [MainThread] Syncing to Oracle table...
2026-09-21 21:00:57,275 [MainThread] Firing INSTANT ALTER on 100000 row table...
2026-09-21 21:00:57,377 [MainThread] DDL completed in 0.1s (success=True)
2026-09-21 21:01:08,809 [MainThread] [LT-INTU-BIGINTU-IT] verification=PASS, ddl=0.1s, ops=1300
2026-09-21 21:01:08,809 [MainThread] === Large Table [TINYU-SMALLU-IT] TINYINT UNSIGNED->SMALLINT UNSIGNED INSTANT 100000 rows ===
2026-09-21 21:01:09,036 [MainThread] Populating 100000 rows...
2026-09-21 21:01:09,089 [MainThread]   t_large: initial 9 rows
2026-09-21 21:01:09,961 [MainThread]   t_large: final 100000 rows
2026-09-21 21:01:09,961 [MainThread] Syncing to Oracle table...
2026-09-21 21:01:13,486 [MainThread] Firing INSTANT ALTER on 100000 row table...
2026-09-21 21:01:13,528 [MainThread] DDL completed in 0.04s (success=True)
2026-09-21 21:01:24,096 [MainThread] [LT-TINYU-SMALLU-IT] verification=PASS, ddl=0.04s, ops=1322
2026-09-21 21:01:24,096 [MainThread] === Large Table [CHAR1-2-IP] CHAR(1)->CHAR(2) INPLACE 100000 rows ===
2026-09-21 21:01:24,349 [MainThread] Populating 100000 rows...
2026-09-21 21:01:24,425 [MainThread]   t_large: initial 5 rows
2026-09-21 21:01:25,558 [MainThread]   t_large: final 100000 rows
2026-09-21 21:01:25,558 [MainThread] Syncing to Oracle table...
2026-09-21 21:01:29,282 [MainThread] Firing INPLACE ALTER on 100000 row table...
2026-09-21 21:01:29,541 [MainThread] DDL completed in 0.26s (success=True)
2026-09-21 21:01:40,789 [MainThread] [LT-CHAR1-2-IP] verification=PASS, ddl=0.26s, ops=1429
2026-09-21 21:01:40,789 [MainThread] === Large Table [CHAR1-2-IT] CHAR(1)->CHAR(2) INSTANT 100000 rows ===
2026-09-21 21:01:41,047 [MainThread] Populating 100000 rows...
2026-09-21 21:01:41,102 [MainThread]   t_large: initial 5 rows
2026-09-21 21:01:42,085 [MainThread]   t_large: final 100000 rows
2026-09-21 21:01:42,085 [MainThread] Syncing to Oracle table...
2026-09-21 21:01:45,589 [MainThread] Firing INSTANT ALTER on 100000 row table...
2026-09-21 21:01:45,647 [MainThread] DDL completed in 0.06s (success=True)
2026-09-21 21:01:56,139 [MainThread] [LT-CHAR1-2-IT] verification=PASS, ddl=0.06s, ops=1276
2026-09-21 21:01:56,139 [MainThread] === Large Table [CHAR63-64-IT] CHAR(63)->CHAR(64) INSTANT 100000 rows ===
2026-09-21 21:01:56,377 [MainThread] Populating 100000 rows...
2026-09-21 21:01:56,429 [MainThread]   t_large: initial 5 rows
2026-09-21 21:01:57,448 [MainThread]   t_large: final 100000 rows
2026-09-21 21:01:57,448 [MainThread] Syncing to Oracle table...
2026-09-21 21:02:01,059 [MainThread] Firing INSTANT ALTER on 100000 row table...
2026-09-21 21:02:01,098 [MainThread] DDL completed in 0.04s (success=True)
2026-09-21 21:02:11,865 [MainThread] [LT-CHAR63-64-IT] verification=PASS, ddl=0.04s, ops=1328
2026-09-21 21:02:11,865 [MainThread] === Large Table [CHAR254-255-IP] CHAR(254)->CHAR(255) INPLACE 100000 rows ===
2026-09-21 21:02:12,099 [MainThread] Populating 100000 rows...
2026-09-21 21:02:12,151 [MainThread]   t_large: initial 5 rows
2026-09-21 21:02:13,690 [MainThread]   t_large: final 100000 rows
2026-09-21 21:02:13,690 [MainThread] Syncing to Oracle table...
2026-09-21 21:02:17,866 [MainThread] Firing INPLACE ALTER on 100000 row table...
2026-09-21 21:02:21,465 [MainThread] DDL completed in 3.6s (success=True)
2026-09-21 21:02:32,640 [MainThread] [LT-CHAR254-255-IP] verification=PASS, ddl=3.6s, ops=1771
2026-09-21 21:02:32,640 [MainThread] === Large Table [VAR254-255-IP] VARCHAR(254)->VARCHAR(255) INPLACE 100000 rows ===
2026-09-21 21:02:32,883 [MainThread] Populating 100000 rows...
2026-09-21 21:02:32,935 [MainThread]   t_large: initial 5 rows
2026-09-21 21:02:34,182 [MainThread]   t_large: final 100000 rows
2026-09-21 21:02:34,182 [MainThread] Syncing to Oracle table...
2026-09-21 21:02:37,837 [MainThread] Firing INPLACE ALTER on 100000 row table...
2026-09-21 21:02:37,874 [MainThread] DDL completed in 0.04s (success=True)
2026-09-21 21:02:48,368 [MainThread] [LT-VAR254-255-IP] verification=PASS, ddl=0.04s, ops=1501
2026-09-21 21:02:48,368 [MainThread] === Large Table [VAR254-255-IT] VARCHAR(254)->VARCHAR(255) INSTANT 100000 rows ===
2026-09-21 21:02:48,594 [MainThread] Populating 100000 rows...
2026-09-21 21:02:48,647 [MainThread]   t_large: initial 5 rows
2026-09-21 21:02:49,647 [MainThread]   t_large: final 100000 rows
2026-09-21 21:02:49,647 [MainThread] Syncing to Oracle table...
2026-09-21 21:02:53,146 [MainThread] Firing INSTANT ALTER on 100000 row table...
2026-09-21 21:02:53,188 [MainThread] DDL completed in 0.04s (success=True)
2026-09-21 21:03:03,689 [MainThread] [LT-VAR254-255-IT] verification=PASS, ddl=0.04s, ops=1332
2026-09-21 21:03:03,689 [MainThread] === Large Table [VAR255-256-IP] VARCHAR(255)->VARCHAR(256) INPLACE 100000 rows ===
2026-09-21 21:03:03,972 [MainThread] Populating 100000 rows...
2026-09-21 21:03:04,036 [MainThread]   t_large: initial 5 rows
2026-09-21 21:03:05,300 [MainThread]   t_large: final 100000 rows
2026-09-21 21:03:05,301 [MainThread] Syncing to Oracle table...
2026-09-21 21:03:08,987 [MainThread] Firing INPLACE ALTER on 100000 row table...
2026-09-21 21:03:09,236 [MainThread] DDL completed in 0.25s (success=True)
2026-09-21 21:03:20,610 [MainThread] [LT-VAR255-256-IP] verification=PASS, ddl=0.25s, ops=1523
2026-09-21 21:03:20,610 [MainThread] === Large Table [VAR255-256-IT] VARCHAR(255)->VARCHAR(256) INSTANT 100000 rows ===
2026-09-21 21:03:20,897 [MainThread] Populating 100000 rows...
2026-09-21 21:03:20,960 [MainThread]   t_large: initial 5 rows
2026-09-21 21:03:22,135 [MainThread]   t_large: final 100000 rows
2026-09-21 21:03:22,135 [MainThread] Syncing to Oracle table...
2026-09-21 21:03:25,833 [MainThread] Firing INSTANT ALTER on 100000 row table...
2026-09-21 21:03:25,927 [MainThread] DDL completed in 0.09s (success=True)
2026-09-21 21:03:37,403 [MainThread] [LT-VAR255-256-IT] verification=PASS, ddl=0.09s, ops=1320
2026-09-21 21:03:37,403 [MainThread] === Large Table [VAR100-200-IP] VARCHAR(100)->VARCHAR(200) INPLACE 100000 rows ===
2026-09-21 21:03:37,647 [MainThread] Populating 100000 rows...
2026-09-21 21:03:37,702 [MainThread]   t_large: initial 5 rows
2026-09-21 21:03:39,067 [MainThread]   t_large: final 100000 rows
2026-09-21 21:03:39,067 [MainThread] Syncing to Oracle table...
2026-09-21 21:03:42,772 [MainThread] Firing INPLACE ALTER on 100000 row table...
2026-09-21 21:03:42,835 [MainThread] DDL completed in 0.06s (success=True)
2026-09-21 21:03:53,490 [MainThread] [LT-VAR100-200-IP] verification=PASS, ddl=0.06s, ops=1483
2026-09-21 21:03:53,490 [MainThread] === Large Table [VAR100-200-IT] VARCHAR(100)->VARCHAR(200) INSTANT 100000 rows ===
2026-09-21 21:03:53,733 [MainThread] Populating 100000 rows...
2026-09-21 21:03:53,788 [MainThread]   t_large: initial 5 rows
2026-09-21 21:03:54,775 [MainThread]   t_large: final 100000 rows
2026-09-21 21:03:54,775 [MainThread] Syncing to Oracle table...
2026-09-21 21:03:58,357 [MainThread] Firing INSTANT ALTER on 100000 row table...
2026-09-21 21:03:58,396 [MainThread] DDL completed in 0.04s (success=True)
2026-09-21 21:04:08,954 [MainThread] [LT-VAR100-200-IT] verification=PASS, ddl=0.04s, ops=1289
2026-09-21 21:04:08,954 [MainThread] === Large Table [BIN10-20-IP] BINARY(10)->BINARY(20) INPLACE 100000 rows ===
2026-09-21 21:04:09,222 [MainThread] Populating 100000 rows...
2026-09-21 21:04:09,280 [MainThread]   t_large: initial 5 rows
2026-09-21 21:04:10,481 [MainThread]   t_large: final 100000 rows
2026-09-21 21:04:10,481 [MainThread] Syncing to Oracle table...
2026-09-21 21:04:14,180 [MainThread] Firing INPLACE ALTER on 100000 row table...
2026-09-21 21:04:14,503 [MainThread] DDL completed in 0.32s (success=True)
2026-09-21 21:04:25,633 [MainThread] [LT-BIN10-20-IP] verification=PASS, ddl=0.32s, ops=1578
2026-09-21 21:04:25,633 [MainThread] === Large Table [BIN10-20-IT] BINARY(10)->BINARY(20) INSTANT 100000 rows ===
2026-09-21 21:04:25,859 [MainThread] Populating 100000 rows...
2026-09-21 21:04:25,911 [MainThread]   t_large: initial 5 rows
2026-09-21 21:04:26,885 [MainThread]   t_large: final 100000 rows
2026-09-21 21:04:26,886 [MainThread] Syncing to Oracle table...
2026-09-21 21:04:30,507 [MainThread] Firing INSTANT ALTER on 100000 row table...
2026-09-21 21:04:30,556 [MainThread] DDL completed in 0.05s (success=True)
2026-09-21 21:04:41,050 [MainThread] [LT-BIN10-20-IT] verification=PASS, ddl=0.05s, ops=1415
2026-09-21 21:04:41,050 [MainThread] === Large Table [BIN40-80-IP] BINARY(40)->BINARY(80) INPLACE 100000 rows ===
2026-09-21 21:04:41,306 [MainThread] Populating 100000 rows...
2026-09-21 21:04:41,366 [MainThread]   t_large: initial 5 rows
2026-09-21 21:04:42,671 [MainThread]   t_large: final 100000 rows
2026-09-21 21:04:42,672 [MainThread] Syncing to Oracle table...
2026-09-21 21:04:46,509 [MainThread] Firing INPLACE ALTER on 100000 row table...
2026-09-21 21:04:46,913 [MainThread] DDL completed in 0.4s (success=True)
2026-09-21 21:04:58,066 [MainThread] [LT-BIN40-80-IP] verification=PASS, ddl=0.4s, ops=1546
2026-09-21 21:04:58,066 [MainThread] === Large Table [VBIN20-40-IP] VARBINARY(20)->VARBINARY(40) INPLACE 100000 rows ===
2026-09-21 21:04:58,320 [MainThread] Populating 100000 rows...
2026-09-21 21:04:58,374 [MainThread]   t_large: initial 5 rows
2026-09-21 21:04:59,473 [MainThread]   t_large: final 100000 rows
2026-09-21 21:04:59,473 [MainThread] Syncing to Oracle table...
2026-09-21 21:05:03,147 [MainThread] Firing INPLACE ALTER on 100000 row table...
2026-09-21 21:05:03,206 [MainThread] DDL completed in 0.06s (success=True)
2026-09-21 21:05:13,654 [MainThread] [LT-VBIN20-40-IP] verification=PASS, ddl=0.06s, ops=1461
2026-09-21 21:05:13,654 [MainThread] === Large Table [VBIN20-40-IT] VARBINARY(20)->VARBINARY(40) INSTANT 100000 rows ===
2026-09-21 21:05:13,897 [MainThread] Populating 100000 rows...
2026-09-21 21:05:13,952 [MainThread]   t_large: initial 5 rows
2026-09-21 21:05:14,975 [MainThread]   t_large: final 100000 rows
2026-09-21 21:05:14,976 [MainThread] Syncing to Oracle table...
2026-09-21 21:05:18,636 [MainThread] Firing INSTANT ALTER on 100000 row table...
2026-09-21 21:05:18,684 [MainThread] DDL completed in 0.05s (success=True)
2026-09-21 21:05:29,106 [MainThread] [LT-VBIN20-40-IT] verification=PASS, ddl=0.05s, ops=1388
2026-09-21 21:05:29,106 [MainThread] === Large Table [VBIN100-200-IP] VARBINARY(100)->VARBINARY(200) INPLACE 100000 rows ===
2026-09-21 21:05:29,348 [MainThread] Populating 100000 rows...
2026-09-21 21:05:29,404 [MainThread]   t_large: initial 5 rows
2026-09-21 21:05:30,759 [MainThread]   t_large: final 100000 rows
2026-09-21 21:05:30,759 [MainThread] Syncing to Oracle table...
2026-09-21 21:05:34,519 [MainThread] Firing INPLACE ALTER on 100000 row table...
2026-09-21 21:05:34,587 [MainThread] DDL completed in 0.07s (success=True)
2026-09-21 21:05:45,970 [MainThread] [LT-VBIN100-200-IP] verification=PASS, ddl=0.07s, ops=1481
2026-09-21 21:05:45,971 [MainThread] === Large Table [DEC10-12-IP] DECIMAL(10,2)->DECIMAL(12,2) INPLACE 100000 rows ===
2026-09-21 21:05:46,211 [MainThread] Populating 100000 rows...
2026-09-21 21:05:46,262 [MainThread]   t_large: initial 6 rows
2026-09-21 21:05:47,330 [MainThread]   t_large: final 100000 rows
2026-09-21 21:05:47,330 [MainThread] Syncing to Oracle table...
2026-09-21 21:05:50,971 [MainThread] Firing INPLACE ALTER on 100000 row table...
2026-09-21 21:05:51,005 [MainThread] DDL completed in 0.03s (success=False)
2026-09-21 21:06:01,134 [MainThread] [LT-DEC10-12-IP] verification=PASS, ddl=0.03s, ops=1408
2026-09-21 21:06:01,134 [MainThread] === Large Table [DEC10-12-IT] DECIMAL(10,2)->DECIMAL(12,2) INSTANT 100000 rows ===
2026-09-21 21:06:01,376 [MainThread] Populating 100000 rows...
2026-09-21 21:06:01,434 [MainThread]   t_large: initial 6 rows
2026-09-21 21:06:02,425 [MainThread]   t_large: final 100000 rows
2026-09-21 21:06:02,425 [MainThread] Syncing to Oracle table...
2026-09-21 21:06:05,927 [MainThread] Firing INSTANT ALTER on 100000 row table...
2026-09-21 21:06:05,967 [MainThread] DDL completed in 0.04s (success=False)
2026-09-21 21:06:16,098 [MainThread] [LT-DEC10-12-IT] verification=PASS, ddl=0.04s, ops=1288
2026-09-21 21:06:16,098 [MainThread] === Large Table [DEC18-20-IP] DECIMAL(18,0)->DECIMAL(20,0) INPLACE 100000 rows ===
2026-09-21 21:06:16,345 [MainThread] Populating 100000 rows...
2026-09-21 21:06:16,404 [MainThread]   t_large: initial 6 rows
2026-09-21 21:06:17,566 [MainThread]   t_large: final 100000 rows
2026-09-21 21:06:17,566 [MainThread] Syncing to Oracle table...
2026-09-21 21:06:21,241 [MainThread] Firing INPLACE ALTER on 100000 row table...
2026-09-21 21:06:21,278 [MainThread] DDL completed in 0.04s (success=False)
2026-09-21 21:06:31,458 [MainThread] [LT-DEC18-20-IP] verification=PASS, ddl=0.04s, ops=1410
2026-09-21 21:06:31,458 [MainThread] === Large Table [DEC1-2-IT] DECIMAL(1,0)->DECIMAL(2,0) INSTANT 100000 rows ===
2026-09-21 21:06:31,724 [MainThread] Populating 100000 rows...
2026-09-21 21:06:31,781 [MainThread]   t_large: initial 6 rows
2026-09-21 21:06:32,756 [MainThread]   t_large: final 100000 rows
2026-09-21 21:06:32,756 [MainThread] Syncing to Oracle table...
2026-09-21 21:06:36,354 [MainThread] Firing INSTANT ALTER on 100000 row table...
2026-09-21 21:06:36,391 [MainThread] DDL completed in 0.04s (success=False)
2026-09-21 21:06:46,512 [MainThread] [LT-DEC1-2-IT] verification=PASS, ddl=0.04s, ops=1257
2026-09-21 21:06:46,513 [MainThread] === Large Table [TEXT-T-IP] TINYTEXT->TEXT INPLACE 100000 rows ===
2026-09-21 21:06:46,770 [MainThread] === Large Table [TEXT-T-IT] TINYTEXT->TEXT INSTANT 100000 rows ===
2026-09-21 21:06:47,015 [MainThread] Populating 100000 rows...
2026-09-21 21:06:47,072 [MainThread]   t_large: initial 5 rows
2026-09-21 21:06:48,204 [MainThread]   t_large: final 100000 rows
2026-09-21 21:06:48,204 [MainThread] Syncing to Oracle table...
2026-09-21 21:06:52,037 [MainThread] Firing INSTANT ALTER on 100000 row table...
2026-09-21 21:06:52,073 [MainThread] DDL completed in 0.04s (success=False)
2026-09-21 21:07:02,238 [MainThread] [LT-TEXT-T-IT] verification=PASS, ddl=0.04s, ops=1170
2026-09-21 21:07:02,238 [MainThread] === Large Table [TEXT-MT-IP] TEXT->MEDIUMTEXT INPLACE 100000 rows ===
2026-09-21 21:07:02,472 [MainThread] Populating 100000 rows...
2026-09-21 21:07:02,529 [MainThread]   t_large: initial 5 rows
2026-09-21 21:07:04,897 [MainThread]   t_large: final 100000 rows
2026-09-21 21:07:04,897 [MainThread] Syncing to Oracle table...
2026-09-21 21:07:09,592 [MainThread] Firing INPLACE ALTER on 100000 row table...
2026-09-21 21:07:09,632 [MainThread] DDL completed in 0.04s (success=False)
2026-09-21 21:07:19,757 [MainThread] [LT-TEXT-MT-IP] verification=PASS, ddl=0.04s, ops=1185
2026-09-21 21:07:19,758 [MainThread] === Large Table [BLOB-B-IP] TINYBLOB->BLOB INPLACE 100000 rows ===
2026-09-21 21:07:20,026 [MainThread] Populating 100000 rows...
2026-09-21 21:07:20,085 [MainThread]   t_large: initial 5 rows
2026-09-21 21:07:21,481 [MainThread]   t_large: final 100000 rows
2026-09-21 21:07:21,481 [MainThread] Syncing to Oracle table...
2026-09-21 21:07:25,377 [MainThread] Firing INPLACE ALTER on 100000 row table...
2026-09-21 21:07:25,418 [MainThread] DDL completed in 0.04s (success=False)
2026-09-21 21:07:35,551 [MainThread] [LT-BLOB-B-IP] verification=PASS, ddl=0.04s, ops=1311
2026-09-21 21:07:35,551 [MainThread] === Large Table [BLOB-B-IT] TINYBLOB->BLOB INSTANT 100000 rows ===
2026-09-21 21:07:35,786 [MainThread] Populating 100000 rows...
2026-09-21 21:07:35,840 [MainThread]   t_large: initial 5 rows
2026-09-21 21:07:36,868 [MainThread]   t_large: final 100000 rows
2026-09-21 21:07:36,868 [MainThread] Syncing to Oracle table...
2026-09-21 21:07:40,523 [MainThread] Firing INSTANT ALTER on 100000 row table...
2026-09-21 21:07:40,560 [MainThread] DDL completed in 0.04s (success=False)
2026-09-21 21:07:50,729 [MainThread] [LT-BLOB-B-IT] verification=PASS, ddl=0.04s, ops=1221
2026-09-21 21:07:50,729 [MainThread] === Large Table [BLOB-MB-IP] BLOB->MEDIUMBLOB INPLACE 100000 rows ===
2026-09-21 21:07:50,960 [MainThread] Populating 100000 rows...
2026-09-21 21:07:51,014 [MainThread]   t_large: initial 5 rows
2026-09-21 21:07:52,268 [MainThread]   t_large: final 100000 rows
2026-09-21 21:07:52,268 [MainThread] Syncing to Oracle table...
2026-09-21 21:07:56,167 [MainThread] Firing INPLACE ALTER on 100000 row table...
2026-09-21 21:07:56,204 [MainThread] DDL completed in 0.04s (success=False)
2026-09-21 21:08:06,375 [MainThread] [LT-BLOB-MB-IP] verification=PASS, ddl=0.04s, ops=1279
2026-09-21 21:08:06,376 [MainThread] === Large Table [BIT1-8-IP] BIT(1)->BIT(8) INPLACE 100000 rows ===
2026-09-21 21:08:06,626 [MainThread] Populating 100000 rows...
2026-09-21 21:08:06,680 [MainThread]   t_large: initial 3 rows
2026-09-21 21:08:07,969 [MainThread]   t_large: final 100000 rows
2026-09-21 21:08:07,969 [MainThread] Syncing to Oracle table...
2026-09-21 21:08:11,655 [MainThread] Firing INPLACE ALTER on 100000 row table...
2026-09-21 21:08:11,691 [MainThread] DDL completed in 0.04s (success=False)
2026-09-21 21:08:21,815 [MainThread] [LT-BIT1-8-IP] verification=PASS, ddl=0.04s, ops=1475
2026-09-21 21:08:21,815 [MainThread] === Large Table [BIT1-8-IT] BIT(1)->BIT(8) INSTANT 100000 rows ===
2026-09-21 21:08:22,053 [MainThread] Populating 100000 rows...
2026-09-21 21:08:22,109 [MainThread]   t_large: initial 3 rows
2026-09-21 21:08:23,083 [MainThread]   t_large: final 100000 rows
2026-09-21 21:08:23,083 [MainThread] Syncing to Oracle table...
2026-09-21 21:08:26,589 [MainThread] Firing INSTANT ALTER on 100000 row table...
2026-09-21 21:08:26,625 [MainThread] DDL completed in 0.04s (success=False)
2026-09-21 21:08:36,775 [MainThread] [LT-BIT1-8-IT] verification=PASS, ddl=0.04s, ops=1270
2026-09-21 21:08:36,775 [MainThread] === Large Table [BIT8-16-IP] BIT(8)->BIT(16) INPLACE 100000 rows ===
2026-09-21 21:08:37,033 [MainThread] Populating 100000 rows...
2026-09-21 21:08:37,096 [MainThread]   t_large: initial 5 rows
2026-09-21 21:08:38,368 [MainThread]   t_large: final 100000 rows
2026-09-21 21:08:38,368 [MainThread] Syncing to Oracle table...
2026-09-21 21:08:42,019 [MainThread] Firing INPLACE ALTER on 100000 row table...
2026-09-21 21:08:42,057 [MainThread] DDL completed in 0.04s (success=False)
2026-09-21 21:08:52,332 [MainThread] [LT-BIT8-16-IP] verification=PASS, ddl=0.04s, ops=1474
2026-09-21 21:08:52,333 [MainThread] === Large Table [BIT16-32-IT] BIT(16)->BIT(32) INSTANT 100000 rows ===
2026-09-21 21:08:52,564 [MainThread] Populating 100000 rows...
2026-09-21 21:08:52,615 [MainThread]   t_large: initial 5 rows
2026-09-21 21:08:53,522 [MainThread]   t_large: final 100000 rows
2026-09-21 21:08:53,522 [MainThread] Syncing to Oracle table...
2026-09-21 21:08:57,016 [MainThread] Firing INSTANT ALTER on 100000 row table...
2026-09-21 21:08:57,053 [MainThread] DDL completed in 0.04s (success=False)
2026-09-21 21:09:07,166 [MainThread] [LT-BIT16-32-IT] verification=PASS, ddl=0.04s, ops=1288
2026-09-21 21:09:07,166 [MainThread] Large table summary: 41 total, 40 PASS, 0 FAIL, 1 errors
2026-09-21 21:09:07,177 [MainThread] 
============================================================
2026-09-21 21:09:07,177 [MainThread] LARGE TABLE SUMMARY: 41 total, 40 PASS, 0 FAIL, 1 errors
2026-09-21 21:09:07,177 [MainThread] CSV: /Users/yuyu/PyCharmMiscProject/outputs/ddl_verify_20260919/concurrent_dml/results/large_table_summary.csv
2026-09-21 21:09:07,177 [MainThread] JSON: /Users/yuyu/PyCharmMiscProject/outputs/ddl_verify_20260919/concurrent_dml/results/large_table_detailed.json
2026-09-21 21:09:07,177 [MainThread] ============================================================
