2026-09-21 01:12:34,571 [MainThread] ============================================================
2026-09-21 01:12:34,571 [MainThread] RDS MySQL DDL Concurrent DML Verification Suite
2026-09-21 01:12:34,571 [MainThread] ============================================================
2026-09-21 01:12:34,571 [MainThread] 
### Phase 1: Individual Test Cases ###
2026-09-21 01:12:34,571 [MainThread] === Max Column Count Test (1017 columns) ===
2026-09-21 01:12:36,565 [MainThread] Max column test results: {
  "instant": {
    "success": true,
    "duration": 0.3785,
    "error": null,
    "data_check": "(1015,)"
  },
  "inplace": {
    "success": true,
    "duration": 0.209,
    "error": null,
    "data_check": "(1015,)"
  }
}
2026-09-21 01:12:36,565 [MainThread] === Consecutive INSTANT Performance Test ===
2026-09-21 01:12:48,794 [MainThread] Consecutive INSTANT results: {
  "add_10_cols": {
    "duration": 0.615
  },
  "qps_after_10": {
    "qps": 47.29,
    "duration": 2.1145
  },
  "insert_qps_after_10": {
    "qps": 4328.44
  },
  "add_30_cols": {
    "duration": 1.4599
  },
  "qps_after_30": {
    "qps": 46.76,
    "duration": 2.1385
  },
  "insert_qps_after_30": {
    "qps": 4635.88
  },
  "add_50_cols": {
    "duration": 2.4356
  },
  "qps_after_50": {
    "qps": 47.42,
    "duration": 2.1087
  },
  "insert_qps_after_50": {
    "qps": 4247.77
  }
}
2026-09-21 01:12:48,794 [MainThread] === DDL Fuzz Memory Leak Test (1000 rounds) ===
2026-09-21 01:12:49,175 [MainThread] Fuzz round 0: innodb memory = 0.00 MB
2026-09-21 01:13:03,283 [MainThread] Fuzz round 50: innodb memory = 0.00 MB
2026-09-21 01:13:16,482 [MainThread] DDL Fuzz results: verdict=NO_LEAK, growth=0%
2026-09-21 01:13:16,482 [MainThread] === Consecutive ALTER Chain Test ===
2026-09-21 01:13:17,717 [MainThread] Chain test results: {
  "SMALLINT": {
    "success": true,
    "duration": 0.0415,
    "error": null,
    "new_range_insert": "OK"
  },
  "MEDIUMINT": {
    "success": true,
    "duration": 0.0411,
    "error": null,
    "new_range_insert": "OK"
  },
  "INT": {
    "success": true,
    "duration": 0.042,
    "error": null,
    "new_range_insert": "OK"
  },
  "BIGINT": {
    "success": true,
    "duration": 0.0374,
    "error": null,
    "new_range_insert": "OK"
  },
  "verification": "PASS",
  "u_SMALLINT UNSIGNED": {
    "success": true,
    "error": null
  },
  "u_MEDIUMINT UNSIGNED": {
    "success": true,
    "error": null
  },
  "u_INT UNSIGNED": {
    "success": true,
    "error": null
  },
  "u_BIGINT UNSIGNED": {
    "success": true,
    "error": null
  },
  "u_verification": "PASS"
}
2026-09-21 01:13:17,717 [MainThread] === Multi-Column ALTER Test ===
2026-09-21 01:13:18,380 [MainThread] Multi-column results: {
  "inplace": {
    "success": false,
    "duration": 0.0385,
    "error": "(1846, 'ALGORITHM=INPLACE is not supported. Reason: Cannot change column type INPLACE. Try ALGORITHM=COPY.')"
  },
  "instant": {
    "success": true,
    "duration": 0.0416,
    "error": null
  }
}
2026-09-21 01:13:18,381 [MainThread] === Same-Key Delete-Reinsert + Transaction Rollback ===
2026-09-21 01:13:24,452 [MainThread] Same-key test results: {
  "ddl": {
    "success": true,
    "duration": 0.0548,
    "error": null
  },
  "verification": "PASS",
  "unique_check": "PASS"
}
2026-09-21 01:13:24,452 [MainThread] === Unique Key Replay Conflict Test ===
2026-09-21 01:13:29,880 [MainThread] Unique conflict test results: {
  "ddl": {
    "success": true,
    "duration": 0.0564,
    "error": null
  },
  "verification": "PASS",
  "unique_check": "PASS"
}
2026-09-21 01:13:29,880 [MainThread] === Virtual Generated Column Test ===
2026-09-21 01:13:30,476 [MainThread] Virtual column results: {
  "inplace_shared": {
    "success": true,
    "duration": 0.0458,
    "error": null,
    "post_data": "((1, 100, 200), (2, -1, -2), (3, 0, 0), (4, 2147483647, 4294967294), (5, None, None), (6, 2147483648, 4294967296))",
    "gen_check": "(2147483648, 4294967296)"
  },
  "lock_none_expected_fail": {
    "success": true,
    "error": null,
    "expected": "FAIL"
  },
  "instant_expected_fail": {
    "success": true,
    "error": null,
    "expected": "FAIL"
  }
}
2026-09-21 01:13:30,476 [MainThread] === Index Scenario Test ===
2026-09-21 01:13:31,100 [MainThread] Index test results: {
  "ddl": {
    "success": true,
    "duration": 0.0495,
    "error": null
  },
  "idx_asc_works": true,
  "idx_desc_works": true,
  "verification": "PASS"
}
2026-09-21 01:13:31,100 [MainThread] === View-Dependent Table Test ===
2026-09-21 01:13:31,894 [MainThread] View test results: {
  "pre_v1": "((1, 100, 'hello'),)",
  "pre_v2": "((1, 200), (2, -2), (3, 0))",
  "ddl": {
    "success": true,
    "error": null
  },
  "post_v1": "((1, 100, 'hello'),)",
  "post_v2": "((1, 200), (2, -2), (3, 0))",
  "v1_match": true,
  "v2_match": true,
  "v1_with_new": "((1, 100, 'hello'), (4, 2147483648, 'new'))",
  "alter_view_rejected": true
}
2026-09-21 01:13:31,894 [MainThread] === Temporary Table Test ===
2026-09-21 01:13:32,202 [MainThread] Temp table results: {
  "instant": {
    "success": false,
    "error": "(1845, 'ALGORITHM=INSTANT is not supported for this operation. Try ALGORITHM=COPY.')",
    "expected": "FAIL"
  },
  "inplace": {
    "success": false,
    "error": "(1845, 'ALGORITHM=INPLACE is not supported for this operation. Try ALGORITHM=COPY.')",
    "expected": "FAIL"
  },
  "table_usable": true,
  "data_intact": "((1, 100, 'hello'), (2, -1, None))"
}
2026-09-21 01:13:32,202 [MainThread] === Consecutive DDL Performance Stability ===
2026-09-21 01:13:50,186 [MainThread] Consecutive DDL perf: {
  "rounds": [
    {
      "round": 0,
      "duration": 0.0475,
      "success": true
    },
    {
      "round": 1,
      "duration": 0.1183,
      "success": true
    },
    {
      "round": 2,
      "duration": 0.0389,
      "success": true
    },
    {
      "round": 3,
      "duration": 0.0445,
      "success": true
    },
    {
      "round": 4,
      "duration": 0.153,
      "success": true
    },
    {
      "round": 5,
      "duration": 0.0387,
      "success": true
    },
    {
      "round": 6,
      "duration": 0.0449,
      "success": true
    },
    {
      "round": 7,
      "duration": 0.14,
      "success": true
    },
    {
      "round": 8,
      "duration": 0.0429,
      "success": true
    },
    {
      "round": 9,
      "duration": 0.0544,
      "success": true
    },
    {
      "round": 10,
      "duration": 0.1269,
      "success": true
    },
    {
      "round": 11,
      "duration": 0.0383,
      "success": true
    },
    {
      "round": 12,
      "duration": 0.058,
      "success": true
    },
    {
      "round": 13,
      "duration": 0.1442,
      "success": true
    },
    {
      "round": 14,
      "duration": 0.0635,
      "success": true
    },
    {
      "round": 15,
      "duration": 0.0456,
      "success": true
    },
    {
      "round": 16,
      "duration": 0.1242,
      "success": true
    },
    {
      "round": 17,
      "duration": 0.0602,
      "success": true
    },
    {
      "round": 18,
      "duration": 0.0483,
      "success": true
    },
    {
      "round": 19,
      "duration": 0.1408,
      "success": true
    },
    {
      "round": 20,
      "duration": 0.0387,
      "success": true
    },
    {
      "round": 21,
      "duration": 0.0522,
      "success": true
    },
    {
      "round": 22,
      "duration": 0.1188,
      "success": true
    },
    {
      "round": 23,
      "duration": 0.0412,
      "success": true
    },
    {
      "round": 24,
      "duration": 0.0463,
      "success": true
    },
    {
      "round": 25,
      "duration": 0.1448,
      "success": true
    },
    {
      "round": 26,
      "duration": 0.0415,
      "success": true
    },
    {
      "round": 27,
      "duration": 0.0465,
      "success": true
    },
    {
      "round": 28,
      "duration": 0.1157,
      "success": true
    },
    {
      "round": 29,
      "duration": 0.039,
      "success": true
    }
  ],
  "first_5_avg": 0.0804,
  "last_5_avg": 0.0775,
  "degradation": -3.65,
  "verdict": "STABLE"
}
2026-09-21 01:13:50,186 [MainThread] === VARCHAR Boundary + Tail Space Semantics ===
2026-09-21 01:13:59,461 [MainThread] VARCHAR boundary results: {
  "VAR-255L-DYN": {
    "success": true,
    "duration": 0.1233,
    "verification": "PASS"
  },
  "VAR-255L-CMP": {
    "success": true,
    "duration": 0.0502,
    "verification": "PASS"
  },
  "VAR-255L-RED": {
    "success": true,
    "duration": 0.0539,
    "verification": "PASS"
  },
  "VAR-255L-PRS": {
    "success": true,
    "duration": 0.0509,
    "verification": "PASS"
  },
  "VAR-85U3-DYN": {
    "success": true,
    "duration": 0.0483,
    "verification": "PASS"
  },
  "VAR-63U4-DYN": {
    "success": true,
    "duration": 0.0473,
    "verification": "PASS"
  },
  "CHAR-PAD": {
    "success": true,
    "duration": 0.0494,
    "verification": "PASS"
  },
  "CHAR-NOPAD": {
    "success": true,
    "duration": 0.044,
    "verification": "PASS"
  }
}
2026-09-21 01:13:59,461 [MainThread] === DECIMAL 9-bit Encoding Boundary ===
2026-09-21 01:14:09,492 [MainThread] DECIMAL boundary results: {
  "DEC-9to10_D2": {
    "success": false,
    "error": "(1846, 'ALGORITHM=INPLACE is not supported. Reason: Cannot change column type INPLACE. Try ALGORITHM=COPY.')"
  },
  "DEC-18to19_D2": {
    "success": false,
    "error": "(1846, 'ALGORITHM=INPLACE is not supported. Reason: Cannot change column type INPLACE. Try ALGORITHM=COPY.')"
  },
  "DEC-27to28_D2": {
    "success": false,
    "error": "(1846, 'ALGORITHM=INPLACE is not supported. Reason: Cannot change column type INPLACE. Try ALGORITHM=COPY.')"
  },
  "DEC-36to37_D2": {
    "success": false,
    "error": "(1846, 'ALGORITHM=INPLACE is not supported. Reason: Cannot change column type INPLACE. Try ALGORITHM=COPY.')"
  },
  "DEC-45to46_D2": {
    "success": false,
    "error": "(1846, 'ALGORITHM=INPLACE is not supported. Reason: Cannot change column type INPLACE. Try ALGORITHM=COPY.')"
  },
  "DEC-54to55_D2": {
    "success": false,
    "error": "(1846, 'ALGORITHM=INPLACE is not supported. Reason: Cannot change column type INPLACE. Try ALGORITHM=COPY.')"
  },
  "DEC-1to2_D0": {
    "success": false,
    "error": "(1846, 'ALGORITHM=INPLACE is not supported. Reason: Cannot change column type INPLACE. Try ALGORITHM=COPY.')"
  },
  "DEC-1to2_D1": {
    "success": false,
    "error": "(1846, 'ALGORITHM=INPLACE is not supported. Reason: Cannot change column type INPLACE. Try ALGORITHM=COPY.')"
  },
  "DEC-64to65_D30": {
    "success": false,
    "error": "(1846, 'ALGORITHM=INPLACE is not supported. Reason: Cannot change column type INPLACE. Try ALGORITHM=COPY.')"
  },
  "DEC-31to33_D30": {
    "success": false,
    "error": "(1846, 'ALGORITHM=INPLACE is not supported. Reason: Cannot change column type INPLACE. Try ALGORITHM=COPY.')"
  },
  "DEC-10to12_D2": {
    "success": false,
    "error": "(1846, 'ALGORITHM=INPLACE is not supported. Reason: Cannot change column type INPLACE. Try ALGORITHM=COPY.')"
  },
  "DEC-18to20_D0": {
    "success": false,
    "error": "(1846, 'ALGORITHM=INPLACE is not supported. Reason: Cannot change column type INPLACE. Try ALGORITHM=COPY.')"
  }
}
2026-09-21 01:14:09,492 [MainThread] 
### Phase 2: Concurrent DML Tests ###
2026-09-21 01:14:09,532 [MainThread] Running CD-INT-S-INPLACE...
2026-09-21 01:14:09,532 [MainThread] [CD-INT-S-INPLACE] Starting setup...
2026-09-21 01:14:10,560 [MainThread] [CD-INT-S-INPLACE] Starting 4 DML workers...
2026-09-21 01:14:11,564 [MainThread] [CD-INT-S-INPLACE] Firing DDL...
2026-09-21 01:14:11,682 [MainThread] [CD-INT-S-INPLACE] DDL succeeded in 0.03s
2026-09-21 01:14:11,683 [MainThread] [CD-INT-S-INPLACE] Post-DDL DML for 5s...
2026-09-21 01:14:19,415 [MainThread] [CD-INT-S-INPLACE] Verifying...
2026-09-21 01:14:19,808 [MainThread] [CD-INT-S-INPLACE] Done: FAIL (DDL=SUCCESS, DML ops=565, errors=3)
2026-09-21 01:14:19,808 [MainThread] Running CD-INT-S-INSTANT...
2026-09-21 01:14:19,808 [MainThread] [CD-INT-S-INSTANT] Starting setup...
2026-09-21 01:14:20,776 [MainThread] [CD-INT-S-INSTANT] Starting 4 DML workers...
2026-09-21 01:14:21,787 [MainThread] [CD-INT-S-INSTANT] Firing DDL...
2026-09-21 01:14:21,885 [MainThread] [CD-INT-S-INSTANT] DDL succeeded in 0.02s
2026-09-21 01:14:21,886 [MainThread] [CD-INT-S-INSTANT] Post-DDL DML for 5s...
2026-09-21 01:14:30,379 [MainThread] [CD-INT-S-INSTANT] Verifying...
2026-09-21 01:14:30,747 [MainThread] [CD-INT-S-INSTANT] Done: FAIL (DDL=SUCCESS, DML ops=600, errors=3)
2026-09-21 01:14:30,748 [MainThread] Running CD-INT-U-INPLACE...
2026-09-21 01:14:30,748 [MainThread] [CD-INT-U-INPLACE] Starting setup...
2026-09-21 01:14:31,616 [MainThread] [CD-INT-U-INPLACE] Starting 4 DML workers...
2026-09-21 01:14:32,624 [MainThread] [CD-INT-U-INPLACE] Firing DDL...
2026-09-21 01:14:32,778 [MainThread] [CD-INT-U-INPLACE] DDL succeeded in 0.07s
2026-09-21 01:14:32,779 [MainThread] [CD-INT-U-INPLACE] Post-DDL DML for 5s...
2026-09-21 01:14:40,375 [MainThread] [CD-INT-U-INPLACE] Verifying...
2026-09-21 01:14:40,748 [MainThread] [CD-INT-U-INPLACE] Done: PASS (DDL=SUCCESS, DML ops=617, errors=5)
2026-09-21 01:14:40,748 [MainThread] Running CD-INT-U-INSTANT...
2026-09-21 01:14:40,748 [MainThread] [CD-INT-U-INSTANT] Starting setup...
2026-09-21 01:14:41,548 [MainThread] [CD-INT-U-INSTANT] Starting 4 DML workers...
2026-09-21 01:14:42,549 [MainThread] [CD-INT-U-INSTANT] Firing DDL...
2026-09-21 01:14:42,690 [MainThread] [CD-INT-U-INSTANT] DDL succeeded in 0.03s
2026-09-21 01:14:42,690 [MainThread] [CD-INT-U-INSTANT] Post-DDL DML for 5s...
2026-09-21 01:14:51,316 [MainThread] [CD-INT-U-INSTANT] Verifying...
2026-09-21 01:14:51,705 [MainThread] [CD-INT-U-INSTANT] Done: FAIL (DDL=SUCCESS, DML ops=612, errors=3)
2026-09-21 01:14:51,705 [MainThread] Running CD-TINY-S-INPLACE...
2026-09-21 01:14:51,705 [MainThread] [CD-TINY-S-INPLACE] Starting setup...
2026-09-21 01:14:52,679 [MainThread] [CD-TINY-S-INPLACE] Starting 4 DML workers...
2026-09-21 01:14:53,692 [MainThread] [CD-TINY-S-INPLACE] Firing DDL...
2026-09-21 01:14:53,836 [MainThread] [CD-TINY-S-INPLACE] DDL succeeded in 0.03s
2026-09-21 01:14:53,836 [MainThread] [CD-TINY-S-INPLACE] Post-DDL DML for 5s...
2026-09-21 01:15:01,564 [MainThread] [CD-TINY-S-INPLACE] Verifying...
2026-09-21 01:15:01,934 [MainThread] [CD-TINY-S-INPLACE] Done: PASS (DDL=SUCCESS, DML ops=586, errors=3)
2026-09-21 01:15:01,935 [MainThread] Running CD-TINY-S-INSTANT...
2026-09-21 01:15:01,935 [MainThread] [CD-TINY-S-INSTANT] Starting setup...
2026-09-21 01:15:02,799 [MainThread] [CD-TINY-S-INSTANT] Starting 4 DML workers...
2026-09-21 01:15:03,807 [MainThread] [CD-TINY-S-INSTANT] Firing DDL...
2026-09-21 01:15:03,912 [MainThread] [CD-TINY-S-INSTANT] DDL succeeded in 0.02s
2026-09-21 01:15:03,912 [MainThread] [CD-TINY-S-INSTANT] Post-DDL DML for 5s...
2026-09-21 01:15:12,908 [MainThread] [CD-TINY-S-INSTANT] Verifying...
2026-09-21 01:15:13,314 [MainThread] [CD-TINY-S-INSTANT] Done: FAIL (DDL=SUCCESS, DML ops=594, errors=5)
2026-09-21 01:15:13,314 [MainThread] Running CD-TINY-U-INPLACE...
2026-09-21 01:15:13,314 [MainThread] [CD-TINY-U-INPLACE] Starting setup...
2026-09-21 01:15:14,291 [MainThread] [CD-TINY-U-INPLACE] Starting 4 DML workers...
2026-09-21 01:15:15,295 [MainThread] [CD-TINY-U-INPLACE] Firing DDL...
2026-09-21 01:15:15,412 [MainThread] [CD-TINY-U-INPLACE] DDL succeeded in 0.03s
2026-09-21 01:15:15,413 [MainThread] [CD-TINY-U-INPLACE] Post-DDL DML for 5s...
2026-09-21 01:15:24,448 [MainThread] [CD-TINY-U-INPLACE] Verifying...
2026-09-21 01:15:24,829 [MainThread] [CD-TINY-U-INPLACE] Done: FAIL (DDL=SUCCESS, DML ops=615, errors=4)
2026-09-21 01:15:24,830 [MainThread] Running CD-TINY-U-INSTANT...
2026-09-21 01:15:24,830 [MainThread] [CD-TINY-U-INSTANT] Starting setup...
2026-09-21 01:15:25,742 [MainThread] [CD-TINY-U-INSTANT] Starting 4 DML workers...
2026-09-21 01:15:26,747 [MainThread] [CD-TINY-U-INSTANT] Firing DDL...
2026-09-21 01:15:26,855 [MainThread] [CD-TINY-U-INSTANT] DDL succeeded in 0.02s
2026-09-21 01:15:26,855 [MainThread] [CD-TINY-U-INSTANT] Post-DDL DML for 5s...
2026-09-21 01:15:36,229 [MainThread] [CD-TINY-U-INSTANT] Verifying...
2026-09-21 01:15:36,627 [MainThread] [CD-TINY-U-INSTANT] Done: FAIL (DDL=SUCCESS, DML ops=582, errors=3)
2026-09-21 01:15:36,627 [MainThread] Running CD-CHAR-L1-INPLACE...
2026-09-21 01:15:36,627 [MainThread] [CD-CHAR-L1-INPLACE] Starting setup...
2026-09-21 01:15:37,652 [MainThread] [CD-CHAR-L1-INPLACE] Starting 4 DML workers...
2026-09-21 01:15:38,662 [MainThread] [CD-CHAR-L1-INPLACE] Firing DDL...
2026-09-21 01:15:38,798 [MainThread] [CD-CHAR-L1-INPLACE] DDL succeeded in 0.03s
2026-09-21 01:15:38,798 [MainThread] [CD-CHAR-L1-INPLACE] Post-DDL DML for 5s...
2026-09-21 01:15:46,593 [MainThread] [CD-CHAR-L1-INPLACE] Verifying...
2026-09-21 01:15:46,970 [MainThread] [CD-CHAR-L1-INPLACE] Done: FAIL (DDL=SUCCESS, DML ops=583, errors=5)
2026-09-21 01:15:46,970 [MainThread] Running CD-CHAR-L1-INSTANT...
2026-09-21 01:15:46,970 [MainThread] [CD-CHAR-L1-INSTANT] Starting setup...
2026-09-21 01:15:47,776 [MainThread] [CD-CHAR-L1-INSTANT] Starting 4 DML workers...
2026-09-21 01:15:48,777 [MainThread] [CD-CHAR-L1-INSTANT] Firing DDL...
2026-09-21 01:15:48,891 [MainThread] [CD-CHAR-L1-INSTANT] DDL succeeded in 0.03s
2026-09-21 01:15:48,891 [MainThread] [CD-CHAR-L1-INSTANT] Post-DDL DML for 5s...
2026-09-21 01:15:56,627 [MainThread] [CD-CHAR-L1-INSTANT] Verifying...
2026-09-21 01:15:56,969 [MainThread] [CD-CHAR-L1-INSTANT] Done: PASS (DDL=SUCCESS, DML ops=507, errors=5)
2026-09-21 01:15:56,970 [MainThread] Running CD-CHAR-63U-INPLACE...
2026-09-21 01:15:56,970 [MainThread] [CD-CHAR-63U-INPLACE] Starting setup...
2026-09-21 01:15:58,082 [MainThread] [CD-CHAR-63U-INPLACE] Starting 4 DML workers...
2026-09-21 01:15:59,093 [MainThread] [CD-CHAR-63U-INPLACE] Firing DDL...
2026-09-21 01:15:59,243 [MainThread] [CD-CHAR-63U-INPLACE] DDL succeeded in 0.03s
2026-09-21 01:15:59,244 [MainThread] [CD-CHAR-63U-INPLACE] Post-DDL DML for 5s...
2026-09-21 01:16:06,847 [MainThread] [CD-CHAR-63U-INPLACE] Verifying...
2026-09-21 01:16:07,370 [MainThread] [CD-CHAR-63U-INPLACE] Done: PASS (DDL=SUCCESS, DML ops=568, errors=5)
2026-09-21 01:16:07,370 [MainThread] Running CD-CHAR-63U-INSTANT...
2026-09-21 01:16:07,370 [MainThread] [CD-CHAR-63U-INSTANT] Starting setup...
2026-09-21 01:16:08,354 [MainThread] [CD-CHAR-63U-INSTANT] Starting 4 DML workers...
2026-09-21 01:16:09,364 [MainThread] [CD-CHAR-63U-INSTANT] Firing DDL...
2026-09-21 01:16:09,472 [MainThread] [CD-CHAR-63U-INSTANT] DDL succeeded in 0.02s
2026-09-21 01:16:09,473 [MainThread] [CD-CHAR-63U-INSTANT] Post-DDL DML for 5s...
2026-09-21 01:16:17,249 [MainThread] [CD-CHAR-63U-INSTANT] Verifying...
2026-09-21 01:16:17,593 [MainThread] [CD-CHAR-63U-INSTANT] Done: FAIL (DDL=SUCCESS, DML ops=644, errors=3)
2026-09-21 01:16:17,593 [MainThread] Running CD-CHAR-254U-INPLACE...
2026-09-21 01:16:17,593 [MainThread] [CD-CHAR-254U-INPLACE] Starting setup...
2026-09-21 01:16:18,625 [MainThread] [CD-CHAR-254U-INPLACE] Starting 4 DML workers...
2026-09-21 01:16:19,632 [MainThread] [CD-CHAR-254U-INPLACE] Firing DDL...
2026-09-21 01:16:19,756 [MainThread] [CD-CHAR-254U-INPLACE] DDL succeeded in 0.03s
2026-09-21 01:16:19,757 [MainThread] [CD-CHAR-254U-INPLACE] Post-DDL DML for 5s...
2026-09-21 01:16:29,586 [MainThread] [CD-CHAR-254U-INPLACE] Verifying...
2026-09-21 01:16:29,979 [MainThread] [CD-CHAR-254U-INPLACE] Done: FAIL (DDL=SUCCESS, DML ops=595, errors=5)
2026-09-21 01:16:29,979 [MainThread] Running CD-CHAR-254U-INSTANT...
2026-09-21 01:16:29,979 [MainThread] [CD-CHAR-254U-INSTANT] Starting setup...
2026-09-21 01:16:31,161 [MainThread] [CD-CHAR-254U-INSTANT] Starting 4 DML workers...
2026-09-21 01:16:32,162 [MainThread] [CD-CHAR-254U-INSTANT] Firing DDL...
2026-09-21 01:16:32,278 [MainThread] [CD-CHAR-254U-INSTANT] DDL failed (expected=True): (1846, 'ALGORITHM=INSTANT is not supported. Reason: Need to rebuild the table to change column type. Try ALGORITHM=COPY/INPLACE.')
2026-09-21 01:16:32,279 [MainThread] [CD-CHAR-254U-INSTANT] Post-DDL DML for 5s...
2026-09-21 01:16:40,007 [MainThread] [CD-CHAR-254U-INSTANT] Verifying...
2026-09-21 01:16:40,394 [MainThread] [CD-CHAR-254U-INSTANT] Done: DDL_UNEXPECTED (DDL=FAIL, DML ops=600, errors=2)
2026-09-21 01:16:40,394 [MainThread] Running CD-VAR-L1-INPLACE...
2026-09-21 01:16:40,394 [MainThread] [CD-VAR-L1-INPLACE] Starting setup...
2026-09-21 01:16:41,274 [MainThread] [CD-VAR-L1-INPLACE] Starting 4 DML workers...
2026-09-21 01:16:42,281 [MainThread] [CD-VAR-L1-INPLACE] Firing DDL...
2026-09-21 01:16:42,401 [MainThread] [CD-VAR-L1-INPLACE] DDL failed (expected=True): (1846, 'ALGORITHM=INPLACE is not supported. Reason: Cannot change column type INPLACE. Try ALGORITHM=COPY.')
2026-09-21 01:16:42,401 [MainThread] [CD-VAR-L1-INPLACE] Post-DDL DML for 5s...
2026-09-21 01:16:50,006 [MainThread] [CD-VAR-L1-INPLACE] Verifying...
2026-09-21 01:16:50,398 [MainThread] [CD-VAR-L1-INPLACE] Done: DDL_UNEXPECTED (DDL=FAIL, DML ops=597, errors=1)
2026-09-21 01:16:50,398 [MainThread] Running CD-VAR-L1-INSTANT...
2026-09-21 01:16:50,398 [MainThread] [CD-VAR-L1-INSTANT] Starting setup...
2026-09-21 01:16:51,247 [MainThread] [CD-VAR-L1-INSTANT] Starting 4 DML workers...
2026-09-21 01:16:52,255 [MainThread] [CD-VAR-L1-INSTANT] Firing DDL...
2026-09-21 01:16:52,364 [MainThread] [CD-VAR-L1-INSTANT] DDL failed (expected=True): (1846, 'ALGORITHM=INSTANT is not supported. Reason: Need to rebuild the table to change column type. Try ALGORITHM=COPY/INPLACE.')
2026-09-21 01:16:52,365 [MainThread] [CD-VAR-L1-INSTANT] Post-DDL DML for 5s...
2026-09-21 01:17:00,251 [MainThread] [CD-VAR-L1-INSTANT] Verifying...
2026-09-21 01:17:00,663 [MainThread] [CD-VAR-L1-INSTANT] Done: DDL_UNEXPECTED (DDL=FAIL, DML ops=614, errors=0)
2026-09-21 01:17:00,664 [MainThread] Running CD-VAR-254L-INPLACE...
2026-09-21 01:17:00,664 [MainThread] [CD-VAR-254L-INPLACE] Starting setup...
2026-09-21 01:17:01,513 [MainThread] [CD-VAR-254L-INPLACE] Starting 4 DML workers...
2026-09-21 01:17:02,518 [MainThread] [CD-VAR-254L-INPLACE] Firing DDL...
2026-09-21 01:17:02,623 [MainThread] [CD-VAR-254L-INPLACE] DDL failed (expected=True): (1846, 'ALGORITHM=INPLACE is not supported. Reason: Cannot change column type INPLACE. Try ALGORITHM=COPY.')
2026-09-21 01:17:02,623 [MainThread] [CD-VAR-254L-INPLACE] Post-DDL DML for 5s...
2026-09-21 01:17:10,213 [MainThread] [CD-VAR-254L-INPLACE] Verifying...
2026-09-21 01:17:10,579 [MainThread] [CD-VAR-254L-INPLACE] Done: DDL_UNEXPECTED (DDL=FAIL, DML ops=650, errors=3)
2026-09-21 01:17:10,580 [MainThread] Running CD-VAR-254L-INSTANT...
2026-09-21 01:17:10,580 [MainThread] [CD-VAR-254L-INSTANT] Starting setup...
2026-09-21 01:17:11,401 [MainThread] [CD-VAR-254L-INSTANT] Starting 4 DML workers...
2026-09-21 01:17:12,405 [MainThread] [CD-VAR-254L-INSTANT] Firing DDL...
2026-09-21 01:17:12,509 [MainThread] [CD-VAR-254L-INSTANT] DDL failed (expected=True): (1146, "Table 'ddl_test.t1' doesn't exist")
2026-09-21 01:17:12,509 [MainThread] [CD-VAR-254L-INSTANT] Post-DDL DML for 5s...
2026-09-21 01:17:20,127 [MainThread] [CD-VAR-254L-INSTANT] Verifying...
2026-09-21 01:17:20,493 [MainThread] [CD-VAR-254L-INSTANT] Done: DDL_UNEXPECTED (DDL=FAIL, DML ops=610, errors=4)
2026-09-21 01:17:20,493 [MainThread] Running CD-VAR-255L-INPLACE...
2026-09-21 01:17:20,493 [MainThread] [CD-VAR-255L-INPLACE] Starting setup...
2026-09-21 01:17:21,254 [MainThread] [CD-VAR-255L-INPLACE] Starting 4 DML workers...
2026-09-21 01:17:22,256 [MainThread] [CD-VAR-255L-INPLACE] Firing DDL...
2026-09-21 01:17:22,393 [MainThread] [CD-VAR-255L-INPLACE] DDL succeeded in 0.04s
2026-09-21 01:17:22,394 [MainThread] [CD-VAR-255L-INPLACE] Post-DDL DML for 5s...
2026-09-21 01:17:29,970 [MainThread] [CD-VAR-255L-INPLACE] Verifying...
2026-09-21 01:17:30,359 [MainThread] [CD-VAR-255L-INPLACE] Done: PASS (DDL=SUCCESS, DML ops=642, errors=2)
2026-09-21 01:17:30,359 [MainThread] Running CD-VAR-255L-INSTANT...
2026-09-21 01:17:30,359 [MainThread] [CD-VAR-255L-INSTANT] Starting setup...
2026-09-21 01:17:31,095 [MainThread] [CD-VAR-255L-INSTANT] Starting 4 DML workers...
2026-09-21 01:17:32,106 [MainThread] [CD-VAR-255L-INSTANT] Firing DDL...
2026-09-21 01:17:32,240 [MainThread] [CD-VAR-255L-INSTANT] DDL succeeded in 0.03s
2026-09-21 01:17:32,241 [MainThread] [CD-VAR-255L-INSTANT] Post-DDL DML for 5s...
2026-09-21 01:17:40,394 [MainThread] [CD-VAR-255L-INSTANT] Verifying...
2026-09-21 01:17:40,770 [MainThread] [CD-VAR-255L-INSTANT] Done: FAIL (DDL=SUCCESS, DML ops=643, errors=5)
2026-09-21 01:17:40,770 [MainThread] Running CD-VAR-85U3-INPLACE...
2026-09-21 01:17:40,770 [MainThread] [CD-VAR-85U3-INPLACE] Starting setup...
2026-09-21 01:17:41,541 [MainThread] [CD-VAR-85U3-INPLACE] Starting 4 DML workers...
2026-09-21 01:17:42,549 [MainThread] [CD-VAR-85U3-INPLACE] Firing DDL...
2026-09-21 01:17:42,692 [MainThread] [CD-VAR-85U3-INPLACE] DDL succeeded in 0.03s
2026-09-21 01:17:42,692 [MainThread] [CD-VAR-85U3-INPLACE] Post-DDL DML for 5s...
2026-09-21 01:17:50,362 [MainThread] [CD-VAR-85U3-INPLACE] Verifying...
2026-09-21 01:17:50,764 [MainThread] [CD-VAR-85U3-INPLACE] Done: PASS (DDL=SUCCESS, DML ops=697, errors=4)
2026-09-21 01:17:50,764 [MainThread] Running CD-VAR-85U3-INSTANT...
2026-09-21 01:17:50,765 [MainThread] [CD-VAR-85U3-INSTANT] Starting setup...
2026-09-21 01:17:51,665 [MainThread] [CD-VAR-85U3-INSTANT] Starting 4 DML workers...
2026-09-21 01:17:52,676 [MainThread] [CD-VAR-85U3-INSTANT] Firing DDL...
2026-09-21 01:17:52,792 [MainThread] [CD-VAR-85U3-INSTANT] DDL succeeded in 0.03s
2026-09-21 01:17:52,793 [MainThread] [CD-VAR-85U3-INSTANT] Post-DDL DML for 5s...
2026-09-21 01:18:00,410 [MainThread] [CD-VAR-85U3-INSTANT] Verifying...
2026-09-21 01:18:00,739 [MainThread] [CD-VAR-85U3-INSTANT] Done: PASS (DDL=SUCCESS, DML ops=667, errors=4)
2026-09-21 01:18:00,740 [MainThread] Running CD-VAR-63U4-INPLACE...
2026-09-21 01:18:00,740 [MainThread] [CD-VAR-63U4-INPLACE] Starting setup...
2026-09-21 01:18:01,524 [MainThread] [CD-VAR-63U4-INPLACE] Starting 4 DML workers...
2026-09-21 01:18:02,535 [MainThread] [CD-VAR-63U4-INPLACE] Firing DDL...
2026-09-21 01:18:02,643 [MainThread] [CD-VAR-63U4-INPLACE] DDL succeeded in 0.03s
2026-09-21 01:18:02,643 [MainThread] [CD-VAR-63U4-INPLACE] Post-DDL DML for 5s...
2026-09-21 01:18:10,260 [MainThread] [CD-VAR-63U4-INPLACE] Verifying...
2026-09-21 01:18:10,607 [MainThread] [CD-VAR-63U4-INPLACE] Done: PASS (DDL=SUCCESS, DML ops=645, errors=3)
2026-09-21 01:18:10,607 [MainThread] Running CD-VAR-63U4-INSTANT...
2026-09-21 01:18:10,607 [MainThread] [CD-VAR-63U4-INSTANT] Starting setup...
2026-09-21 01:18:11,531 [MainThread] [CD-VAR-63U4-INSTANT] Starting 4 DML workers...
2026-09-21 01:18:12,534 [MainThread] [CD-VAR-63U4-INSTANT] Firing DDL...
2026-09-21 01:18:12,666 [MainThread] [CD-VAR-63U4-INSTANT] DDL succeeded in 0.05s
2026-09-21 01:18:12,666 [MainThread] [CD-VAR-63U4-INSTANT] Post-DDL DML for 5s...
2026-09-21 01:18:20,303 [MainThread] [CD-VAR-63U4-INSTANT] Verifying...
2026-09-21 01:18:20,670 [MainThread] [CD-VAR-63U4-INSTANT] Done: PASS (DDL=SUCCESS, DML ops=633, errors=2)
2026-09-21 01:18:20,670 [MainThread] Running CD-VAR-100U4-INPLACE...
2026-09-21 01:18:20,671 [MainThread] [CD-VAR-100U4-INPLACE] Starting setup...
2026-09-21 01:18:21,787 [MainThread] [CD-VAR-100U4-INPLACE] Starting 4 DML workers...
2026-09-21 01:18:22,797 [MainThread] [CD-VAR-100U4-INPLACE] Firing DDL...
2026-09-21 01:18:23,023 [MainThread] [CD-VAR-100U4-INPLACE] DDL succeeded in 0.03s
2026-09-21 01:18:23,023 [MainThread] [CD-VAR-100U4-INPLACE] Post-DDL DML for 5s...
2026-09-21 01:18:30,741 [MainThread] [CD-VAR-100U4-INPLACE] Verifying...
2026-09-21 01:18:31,139 [MainThread] [CD-VAR-100U4-INPLACE] Done: PASS (DDL=SUCCESS, DML ops=444, errors=3)
2026-09-21 01:18:31,140 [MainThread] Running CD-VAR-100U4-INSTANT...
2026-09-21 01:18:31,140 [MainThread] [CD-VAR-100U4-INSTANT] Starting setup...
2026-09-21 01:18:32,249 [MainThread] [CD-VAR-100U4-INSTANT] Starting 4 DML workers...
2026-09-21 01:18:33,258 [MainThread] [CD-VAR-100U4-INSTANT] Firing DDL...
2026-09-21 01:18:33,475 [MainThread] [CD-VAR-100U4-INSTANT] DDL succeeded in 0.02s
2026-09-21 01:18:33,475 [MainThread] [CD-VAR-100U4-INSTANT] Post-DDL DML for 5s...
2026-09-21 01:18:41,197 [MainThread] [CD-VAR-100U4-INSTANT] Verifying...
2026-09-21 01:18:41,598 [MainThread] [CD-VAR-100U4-INSTANT] Done: PASS (DDL=SUCCESS, DML ops=557, errors=5)
2026-09-21 01:18:41,598 [MainThread] Running CD-BIN-10-INPLACE...
2026-09-21 01:18:41,599 [MainThread] [CD-BIN-10-INPLACE] Starting setup...
2026-09-21 01:18:42,734 [MainThread] [CD-BIN-10-INPLACE] Starting 4 DML workers...
2026-09-21 01:18:43,740 [MainThread] [CD-BIN-10-INPLACE] Firing DDL...
2026-09-21 01:18:43,931 [MainThread] [CD-BIN-10-INPLACE] DDL succeeded in 0.03s
2026-09-21 01:18:43,931 [MainThread] [CD-BIN-10-INPLACE] Post-DDL DML for 5s...
2026-09-21 01:18:52,485 [MainThread] [CD-BIN-10-INPLACE] Verifying...
2026-09-21 01:18:52,907 [MainThread] [CD-BIN-10-INPLACE] Done: FAIL (DDL=SUCCESS, DML ops=597, errors=2)
2026-09-21 01:18:52,907 [MainThread] Running CD-BIN-10-INSTANT...
2026-09-21 01:18:52,907 [MainThread] [CD-BIN-10-INSTANT] Starting setup...
2026-09-21 01:18:53,883 [MainThread] [CD-BIN-10-INSTANT] Starting 4 DML workers...
2026-09-21 01:18:54,892 [MainThread] [CD-BIN-10-INSTANT] Firing DDL...
2026-09-21 01:18:55,037 [MainThread] [CD-BIN-10-INSTANT] DDL succeeded in 0.02s
2026-09-21 01:18:55,037 [MainThread] [CD-BIN-10-INSTANT] Post-DDL DML for 5s...
2026-09-21 01:19:03,515 [MainThread] [CD-BIN-10-INSTANT] Verifying...
2026-09-21 01:19:03,908 [MainThread] [CD-BIN-10-INSTANT] Done: DDL_UNEXPECTED (DDL=SUCCESS, DML ops=604, errors=2)
2026-09-21 01:19:03,908 [MainThread] Running CD-BIN-40-INPLACE...
2026-09-21 01:19:03,908 [MainThread] [CD-BIN-40-INPLACE] Starting setup...
2026-09-21 01:19:04,863 [MainThread] [CD-BIN-40-INPLACE] Starting 4 DML workers...
2026-09-21 01:19:05,865 [MainThread] [CD-BIN-40-INPLACE] Firing DDL...
2026-09-21 01:19:05,991 [MainThread] [CD-BIN-40-INPLACE] DDL succeeded in 0.03s
2026-09-21 01:19:05,991 [MainThread] [CD-BIN-40-INPLACE] Post-DDL DML for 5s...
2026-09-21 01:19:13,503 [MainThread] [CD-BIN-40-INPLACE] Verifying...
2026-09-21 01:19:13,972 [MainThread] [CD-BIN-40-INPLACE] Done: FAIL (DDL=SUCCESS, DML ops=602, errors=0)
2026-09-21 01:19:13,972 [MainThread] Running CD-BIN-40-INSTANT...
2026-09-21 01:19:13,972 [MainThread] [CD-BIN-40-INSTANT] Starting setup...
2026-09-21 01:19:14,897 [MainThread] [CD-BIN-40-INSTANT] Starting 4 DML workers...
2026-09-21 01:19:15,905 [MainThread] [CD-BIN-40-INSTANT] Firing DDL...
2026-09-21 01:19:16,198 [MainThread] [CD-BIN-40-INSTANT] DDL succeeded in 0.04s
2026-09-21 01:19:16,199 [MainThread] [CD-BIN-40-INSTANT] Post-DDL DML for 5s...
2026-09-21 01:19:24,794 [MainThread] [CD-BIN-40-INSTANT] Verifying...
2026-09-21 01:19:25,159 [MainThread] [CD-BIN-40-INSTANT] Done: DDL_UNEXPECTED (DDL=SUCCESS, DML ops=475, errors=3)
2026-09-21 01:19:25,159 [MainThread] Running CD-VBIN-20-INPLACE...
2026-09-21 01:19:25,159 [MainThread] [CD-VBIN-20-INPLACE] Starting setup...
2026-09-21 01:19:26,212 [MainThread] [CD-VBIN-20-INPLACE] Starting 4 DML workers...
2026-09-21 01:19:27,223 [MainThread] [CD-VBIN-20-INPLACE] Firing DDL...
2026-09-21 01:19:27,336 [MainThread] [CD-VBIN-20-INPLACE] DDL succeeded in 0.02s
2026-09-21 01:19:27,337 [MainThread] [CD-VBIN-20-INPLACE] Post-DDL DML for 5s...
2026-09-21 01:19:34,950 [MainThread] [CD-VBIN-20-INPLACE] Verifying...
2026-09-21 01:19:35,318 [MainThread] [CD-VBIN-20-INPLACE] Done: FAIL (DDL=SUCCESS, DML ops=589, errors=1)
2026-09-21 01:19:35,318 [MainThread] Running CD-VBIN-20-INSTANT...
2026-09-21 01:19:35,318 [MainThread] [CD-VBIN-20-INSTANT] Starting setup...
2026-09-21 01:19:36,200 [MainThread] [CD-VBIN-20-INSTANT] Starting 4 DML workers...
2026-09-21 01:19:37,201 [MainThread] [CD-VBIN-20-INSTANT] Firing DDL...
2026-09-21 01:19:37,331 [MainThread] [CD-VBIN-20-INSTANT] DDL succeeded in 0.02s
2026-09-21 01:19:37,331 [MainThread] [CD-VBIN-20-INSTANT] Post-DDL DML for 5s...
2026-09-21 01:19:44,921 [MainThread] [CD-VBIN-20-INSTANT] Verifying...
2026-09-21 01:19:45,285 [MainThread] [CD-VBIN-20-INSTANT] Done: DDL_UNEXPECTED (DDL=SUCCESS, DML ops=582, errors=0)
2026-09-21 01:19:45,286 [MainThread] Running CD-VBIN-100-INPLACE...
2026-09-21 01:19:45,286 [MainThread] [CD-VBIN-100-INPLACE] Starting setup...
2026-09-21 01:19:46,161 [MainThread] [CD-VBIN-100-INPLACE] Starting 4 DML workers...
2026-09-21 01:19:47,168 [MainThread] [CD-VBIN-100-INPLACE] Firing DDL...
2026-09-21 01:19:47,273 [MainThread] [CD-VBIN-100-INPLACE] DDL succeeded in 0.02s
2026-09-21 01:19:47,274 [MainThread] [CD-VBIN-100-INPLACE] Post-DDL DML for 5s...
2026-09-21 01:19:54,764 [MainThread] [CD-VBIN-100-INPLACE] Verifying...
2026-09-21 01:19:55,087 [MainThread] [CD-VBIN-100-INPLACE] Done: FAIL (DDL=SUCCESS, DML ops=578, errors=1)
2026-09-21 01:19:55,087 [MainThread] Running CD-VBIN-100-INSTANT...
2026-09-21 01:19:55,087 [MainThread] [CD-VBIN-100-INSTANT] Starting setup...
2026-09-21 01:19:55,934 [MainThread] [CD-VBIN-100-INSTANT] Starting 4 DML workers...
2026-09-21 01:19:56,944 [MainThread] [CD-VBIN-100-INSTANT] Firing DDL...
2026-09-21 01:19:57,040 [MainThread] [CD-VBIN-100-INSTANT] DDL succeeded in 0.02s
2026-09-21 01:19:57,041 [MainThread] [CD-VBIN-100-INSTANT] Post-DDL DML for 5s...
2026-09-21 01:20:04,613 [MainThread] [CD-VBIN-100-INSTANT] Verifying...
2026-09-21 01:20:04,947 [MainThread] [CD-VBIN-100-INSTANT] Done: DDL_UNEXPECTED (DDL=SUCCESS, DML ops=566, errors=3)
2026-09-21 01:20:04,947 [MainThread] Running CD-DEC-102-INPLACE...
2026-09-21 01:20:04,947 [MainThread] [CD-DEC-102-INPLACE] Starting setup...
2026-09-21 01:20:05,826 [MainThread] [CD-DEC-102-INPLACE] Starting 4 DML workers...
2026-09-21 01:20:06,830 [MainThread] [CD-DEC-102-INPLACE] Firing DDL...
2026-09-21 01:20:06,960 [MainThread] [CD-DEC-102-INPLACE] DDL failed (expected=True): (1846, 'ALGORITHM=INPLACE is not supported. Reason: Cannot change column type INPLACE. Try ALGORITHM=COPY.')
2026-09-21 01:20:06,960 [MainThread] [CD-DEC-102-INPLACE] Post-DDL DML for 5s...
2026-09-21 01:20:14,557 [MainThread] [CD-DEC-102-INPLACE] Verifying...
2026-09-21 01:20:14,947 [MainThread] [CD-DEC-102-INPLACE] Done: DDL_UNEXPECTED (DDL=FAIL, DML ops=489, errors=2)
2026-09-21 01:20:14,948 [MainThread] Running CD-DEC-102-INSTANT...
2026-09-21 01:20:14,948 [MainThread] [CD-DEC-102-INSTANT] Starting setup...
2026-09-21 01:20:15,958 [MainThread] [CD-DEC-102-INSTANT] Starting 4 DML workers...
2026-09-21 01:20:16,969 [MainThread] [CD-DEC-102-INSTANT] Firing DDL...
2026-09-21 01:20:17,072 [MainThread] [CD-DEC-102-INSTANT] DDL failed (expected=False): (1146, "Table 'ddl_test.t1' doesn't exist")
2026-09-21 01:20:17,072 [MainThread] [CD-DEC-102-INSTANT] Post-DDL DML for 5s...
2026-09-21 01:20:24,791 [MainThread] [CD-DEC-102-INSTANT] Verifying...
2026-09-21 01:20:25,193 [MainThread] [CD-DEC-102-INSTANT] Done: PASS (DDL=FAIL_EXPECTED, DML ops=538, errors=2)
2026-09-21 01:20:25,193 [MainThread] Running CD-DEC-180-INPLACE...
2026-09-21 01:20:25,193 [MainThread] [CD-DEC-180-INPLACE] Starting setup...
2026-09-21 01:20:25,905 [MainThread] [CD-DEC-180-INPLACE] Starting 4 DML workers...
2026-09-21 01:20:26,908 [MainThread] [CD-DEC-180-INPLACE] Firing DDL...
2026-09-21 01:20:27,025 [MainThread] [CD-DEC-180-INPLACE] DDL failed (expected=True): (1846, 'ALGORITHM=INPLACE is not supported. Reason: Cannot change column type INPLACE. Try ALGORITHM=COPY.')
2026-09-21 01:20:27,025 [MainThread] [CD-DEC-180-INPLACE] Post-DDL DML for 5s...
2026-09-21 01:20:34,681 [MainThread] [CD-DEC-180-INPLACE] Verifying...
2026-09-21 01:20:35,068 [MainThread] [CD-DEC-180-INPLACE] Done: DDL_UNEXPECTED (DDL=FAIL, DML ops=591, errors=3)
2026-09-21 01:20:35,068 [MainThread] Running CD-DEC-180-INSTANT...
2026-09-21 01:20:35,068 [MainThread] [CD-DEC-180-INSTANT] Starting setup...
2026-09-21 01:20:35,679 [MainThread] [CD-DEC-180-INSTANT] Starting 4 DML workers...
2026-09-21 01:20:36,689 [MainThread] [CD-DEC-180-INSTANT] Firing DDL...
2026-09-21 01:20:36,781 [MainThread] [CD-DEC-180-INSTANT] DDL failed (expected=False): (1846, 'ALGORITHM=INSTANT is not supported. Reason: Need to rebuild the table to change column type. Try ALGORITHM=COPY/INPLACE.')
2026-09-21 01:20:36,781 [MainThread] [CD-DEC-180-INSTANT] Post-DDL DML for 5s...
2026-09-21 01:20:45,288 [MainThread] [CD-DEC-180-INSTANT] Verifying...
2026-09-21 01:20:45,707 [MainThread] [CD-DEC-180-INSTANT] Done: FAIL (DDL=FAIL_EXPECTED, DML ops=656, errors=3)
2026-09-21 01:20:45,707 [MainThread] Running CD-DEC-6430-INPLACE...
2026-09-21 01:20:45,707 [MainThread] [CD-DEC-6430-INPLACE] Starting setup...
2026-09-21 01:20:46,658 [MainThread] [CD-DEC-6430-INPLACE] Starting 4 DML workers...
2026-09-21 01:20:47,666 [MainThread] [CD-DEC-6430-INPLACE] Firing DDL...
2026-09-21 01:20:47,777 [MainThread] [CD-DEC-6430-INPLACE] DDL failed (expected=True): (1846, 'ALGORITHM=INPLACE is not supported. Reason: Cannot change column type INPLACE. Try ALGORITHM=COPY.')
2026-09-21 01:20:47,778 [MainThread] [CD-DEC-6430-INPLACE] Post-DDL DML for 5s...
2026-09-21 01:20:55,453 [MainThread] [CD-DEC-6430-INPLACE] Verifying...
2026-09-21 01:20:55,866 [MainThread] [CD-DEC-6430-INPLACE] Done: DDL_UNEXPECTED (DDL=FAIL, DML ops=680, errors=2)
2026-09-21 01:20:55,866 [MainThread] Running CD-DEC-6430-INSTANT...
2026-09-21 01:20:55,866 [MainThread] [CD-DEC-6430-INSTANT] Starting setup...
2026-09-21 01:20:56,885 [MainThread] [CD-DEC-6430-INSTANT] Starting 4 DML workers...
2026-09-21 01:20:57,892 [MainThread] [CD-DEC-6430-INSTANT] Firing DDL...
2026-09-21 01:20:58,017 [MainThread] [CD-DEC-6430-INSTANT] DDL failed (expected=False): (1846, 'ALGORITHM=INSTANT is not supported. Reason: Need to rebuild the table to change column type. Try ALGORITHM=COPY/INPLACE.')
2026-09-21 01:20:58,018 [MainThread] [CD-DEC-6430-INSTANT] Post-DDL DML for 5s...
2026-09-21 01:21:05,629 [MainThread] [CD-DEC-6430-INSTANT] Verifying...
2026-09-21 01:21:06,018 [MainThread] [CD-DEC-6430-INSTANT] Done: PASS (DDL=FAIL_EXPECTED, DML ops=588, errors=3)
2026-09-21 01:21:06,018 [MainThread] Running CD-TEXT-T2T-INPLACE...
2026-09-21 01:21:06,019 [MainThread] [CD-TEXT-T2T-INPLACE] Starting setup...
2026-09-21 01:21:07,084 [MainThread] [CD-TEXT-T2T-INPLACE] Starting 4 DML workers...
2026-09-21 01:21:08,093 [MainThread] [CD-TEXT-T2T-INPLACE] Firing DDL...
2026-09-21 01:21:08,235 [MainThread] [CD-TEXT-T2T-INPLACE] DDL failed (expected=True): (1846, 'ALGORITHM=INPLACE is not supported. Reason: Cannot change column type INPLACE. Try ALGORITHM=COPY.')
2026-09-21 01:21:08,235 [MainThread] [CD-TEXT-T2T-INPLACE] Post-DDL DML for 5s...
2026-09-21 01:21:16,109 [MainThread] [CD-TEXT-T2T-INPLACE] Verifying...
2026-09-21 01:21:16,498 [MainThread] [CD-TEXT-T2T-INPLACE] Done: DDL_UNEXPECTED (DDL=FAIL, DML ops=630, errors=4)
2026-09-21 01:21:16,498 [MainThread] Running CD-TEXT-T2T-INSTANT...
2026-09-21 01:21:16,498 [MainThread] [CD-TEXT-T2T-INSTANT] Starting setup...
2026-09-21 01:21:17,682 [MainThread] [CD-TEXT-T2T-INSTANT] Starting 4 DML workers...
2026-09-21 01:21:18,689 [MainThread] [CD-TEXT-T2T-INSTANT] Firing DDL...
2026-09-21 01:21:18,782 [MainThread] [CD-TEXT-T2T-INSTANT] DDL failed (expected=True): (1846, 'ALGORITHM=INSTANT is not supported. Reason: Need to rebuild the table to change column type. Try ALGORITHM=COPY/INPLACE.')
2026-09-21 01:21:18,782 [MainThread] [CD-TEXT-T2T-INSTANT] Post-DDL DML for 5s...
2026-09-21 01:21:27,834 [MainThread] [CD-TEXT-T2T-INSTANT] Verifying...
2026-09-21 01:21:28,208 [MainThread] [CD-TEXT-T2T-INSTANT] Done: DDL_UNEXPECTED (DDL=FAIL, DML ops=630, errors=3)
2026-09-21 01:21:28,208 [MainThread] Running CD-TEXT-T2M-INPLACE...
2026-09-21 01:21:28,208 [MainThread] [CD-TEXT-T2M-INPLACE] Starting setup...
2026-09-21 01:21:29,876 [MainThread] [CD-TEXT-T2M-INPLACE] Starting 4 DML workers...
2026-09-21 01:21:30,887 [MainThread] [CD-TEXT-T2M-INPLACE] Firing DDL...
2026-09-21 01:21:31,008 [MainThread] [CD-TEXT-T2M-INPLACE] DDL failed (expected=True): (1846, 'ALGORITHM=INPLACE is not supported. Reason: Cannot change column type INPLACE. Try ALGORITHM=COPY.')
2026-09-21 01:21:31,008 [MainThread] [CD-TEXT-T2M-INPLACE] Post-DDL DML for 5s...
2026-09-21 01:21:38,686 [MainThread] [CD-TEXT-T2M-INPLACE] Verifying...
2026-09-21 01:21:39,096 [MainThread] [CD-TEXT-T2M-INPLACE] Done: DDL_UNEXPECTED (DDL=FAIL, DML ops=619, errors=1)
2026-09-21 01:21:39,096 [MainThread] Running CD-TEXT-T2M-INSTANT...
2026-09-21 01:21:39,096 [MainThread] [CD-TEXT-T2M-INSTANT] Starting setup...
2026-09-21 01:21:40,618 [MainThread] [CD-TEXT-T2M-INSTANT] Starting 4 DML workers...
2026-09-21 01:21:41,622 [MainThread] [CD-TEXT-T2M-INSTANT] Firing DDL...
2026-09-21 01:21:41,716 [MainThread] [CD-TEXT-T2M-INSTANT] DDL failed (expected=True): (1846, 'ALGORITHM=INSTANT is not supported. Reason: Need to rebuild the table to change column type. Try ALGORITHM=COPY/INPLACE.')
2026-09-21 01:21:41,717 [MainThread] [CD-TEXT-T2M-INSTANT] Post-DDL DML for 5s...
2026-09-21 01:21:49,186 [MainThread] Tables missing before sync: (1146, "Table 'ddl_test.t1' doesn't exist")
2026-09-21 01:21:49,186 [MainThread] [CD-TEXT-T2M-INSTANT] Verifying...
2026-09-21 01:21:49,345 [MainThread] Running CD-TEXT-M2L-INPLACE...
2026-09-21 01:21:49,346 [MainThread] [CD-TEXT-M2L-INPLACE] Starting setup...
2026-09-21 01:21:50,854 [MainThread] [CD-TEXT-M2L-INPLACE] Starting 4 DML workers...
2026-09-21 01:21:51,859 [MainThread] [CD-TEXT-M2L-INPLACE] Firing DDL...
2026-09-21 01:21:51,979 [MainThread] [CD-TEXT-M2L-INPLACE] DDL failed (expected=True): (1846, 'ALGORITHM=INPLACE is not supported. Reason: Cannot change column type INPLACE. Try ALGORITHM=COPY.')
2026-09-21 01:21:51,980 [MainThread] [CD-TEXT-M2L-INPLACE] Post-DDL DML for 5s...
2026-09-21 01:21:59,558 [MainThread] [CD-TEXT-M2L-INPLACE] Verifying...
2026-09-21 01:21:59,907 [MainThread] [CD-TEXT-M2L-INPLACE] Done: DDL_UNEXPECTED (DDL=FAIL, DML ops=520, errors=2)
2026-09-21 01:21:59,907 [MainThread] Running CD-TEXT-M2L-INSTANT...
2026-09-21 01:21:59,907 [MainThread] [CD-TEXT-M2L-INSTANT] Starting setup...
2026-09-21 01:22:01,707 [MainThread] [CD-TEXT-M2L-INSTANT] Starting 4 DML workers...
2026-09-21 01:22:02,716 [MainThread] [CD-TEXT-M2L-INSTANT] Firing DDL...
2026-09-21 01:22:02,847 [MainThread] [CD-TEXT-M2L-INSTANT] DDL failed (expected=True): (1846, 'ALGORITHM=INSTANT is not supported. Reason: Need to rebuild the table to change column type. Try ALGORITHM=COPY/INPLACE.')
2026-09-21 01:22:02,847 [MainThread] [CD-TEXT-M2L-INSTANT] Post-DDL DML for 5s...
2026-09-21 01:22:10,355 [MainThread] [CD-TEXT-M2L-INSTANT] Verifying...
2026-09-21 01:22:10,864 [MainThread] [CD-TEXT-M2L-INSTANT] Done: DDL_UNEXPECTED (DDL=FAIL, DML ops=471, errors=2)
2026-09-21 01:22:10,864 [MainThread] Running CD-BLOB-T2B-INPLACE...
2026-09-21 01:22:10,864 [MainThread] [CD-BLOB-T2B-INPLACE] Starting setup...
2026-09-21 01:22:12,308 [MainThread] [CD-BLOB-T2B-INPLACE] Starting 4 DML workers...
2026-09-21 01:22:13,317 [MainThread] [CD-BLOB-T2B-INPLACE] Firing DDL...
2026-09-21 01:22:13,424 [MainThread] [CD-BLOB-T2B-INPLACE] DDL failed (expected=True): (1846, 'ALGORITHM=INPLACE is not supported. Reason: Cannot change column type INPLACE. Try ALGORITHM=COPY.')
2026-09-21 01:22:13,425 [MainThread] [CD-BLOB-T2B-INPLACE] Post-DDL DML for 5s...
2026-09-21 01:22:22,102 [MainThread] [CD-BLOB-T2B-INPLACE] Verifying...
2026-09-21 01:22:22,453 [MainThread] [CD-BLOB-T2B-INPLACE] Done: DDL_UNEXPECTED (DDL=FAIL, DML ops=531, errors=3)
2026-09-21 01:22:22,453 [MainThread] Running CD-BLOB-T2B-INSTANT...
2026-09-21 01:22:22,453 [MainThread] [CD-BLOB-T2B-INSTANT] Starting setup...
2026-09-21 01:22:23,533 [MainThread] [CD-BLOB-T2B-INSTANT] Starting 4 DML workers...
2026-09-21 01:22:24,543 [MainThread] [CD-BLOB-T2B-INSTANT] Firing DDL...
2026-09-21 01:22:24,830 [MainThread] [CD-BLOB-T2B-INSTANT] DDL failed (expected=True): (1846, 'ALGORITHM=INSTANT is not supported. Reason: Need to rebuild the table to change column type. Try ALGORITHM=COPY/INPLACE.')
2026-09-21 01:22:24,831 [MainThread] [CD-BLOB-T2B-INSTANT] Post-DDL DML for 5s...
2026-09-21 01:22:33,681 [MainThread] [CD-BLOB-T2B-INSTANT] Verifying...
2026-09-21 01:22:34,036 [MainThread] [CD-BLOB-T2B-INSTANT] Done: DDL_UNEXPECTED (DDL=FAIL, DML ops=553, errors=4)
2026-09-21 01:22:34,037 [MainThread] Running CD-BLOB-B2M-INPLACE...
2026-09-21 01:22:34,037 [MainThread] [CD-BLOB-B2M-INPLACE] Starting setup...
2026-09-21 01:22:35,702 [MainThread] [CD-BLOB-B2M-INPLACE] Starting 4 DML workers...
2026-09-21 01:22:36,708 [MainThread] [CD-BLOB-B2M-INPLACE] Firing DDL...
2026-09-21 01:22:36,838 [MainThread] [CD-BLOB-B2M-INPLACE] DDL failed (expected=True): (1846, 'ALGORITHM=INPLACE is not supported. Reason: Cannot change column type INPLACE. Try ALGORITHM=COPY.')
2026-09-21 01:22:36,838 [MainThread] [CD-BLOB-B2M-INPLACE] Post-DDL DML for 5s...
2026-09-21 01:22:44,634 [MainThread] [CD-BLOB-B2M-INPLACE] Verifying...
2026-09-21 01:22:45,069 [MainThread] [CD-BLOB-B2M-INPLACE] Done: DDL_UNEXPECTED (DDL=FAIL, DML ops=470, errors=4)
2026-09-21 01:22:45,069 [MainThread] Running CD-BLOB-B2M-INSTANT...
2026-09-21 01:22:45,070 [MainThread] [CD-BLOB-B2M-INSTANT] Starting setup...
2026-09-21 01:22:46,881 [MainThread] [CD-BLOB-B2M-INSTANT] Starting 4 DML workers...
2026-09-21 01:22:47,893 [MainThread] [CD-BLOB-B2M-INSTANT] Firing DDL...
2026-09-21 01:22:47,994 [MainThread] [CD-BLOB-B2M-INSTANT] DDL failed (expected=True): (1146, "Table 'ddl_test.t1' doesn't exist")
2026-09-21 01:22:47,994 [MainThread] [CD-BLOB-B2M-INSTANT] Post-DDL DML for 5s...
2026-09-21 01:22:55,671 [MainThread] [CD-BLOB-B2M-INSTANT] Verifying...
2026-09-21 01:22:56,043 [MainThread] [CD-BLOB-B2M-INSTANT] Done: DDL_UNEXPECTED (DDL=FAIL, DML ops=553, errors=3)
2026-09-21 01:22:56,044 [MainThread] Running CD-BLOB-M2L-INPLACE...
2026-09-21 01:22:56,044 [MainThread] [CD-BLOB-M2L-INPLACE] Starting setup...
2026-09-21 01:22:58,122 [MainThread] [CD-BLOB-M2L-INPLACE] Starting 4 DML workers...
2026-09-21 01:22:59,136 [MainThread] [CD-BLOB-M2L-INPLACE] Firing DDL...
2026-09-21 01:22:59,253 [MainThread] [CD-BLOB-M2L-INPLACE] DDL failed (expected=True): (1846, 'ALGORITHM=INPLACE is not supported. Reason: Cannot change column type INPLACE. Try ALGORITHM=COPY.')
2026-09-21 01:22:59,253 [MainThread] [CD-BLOB-M2L-INPLACE] Post-DDL DML for 5s...
2026-09-21 01:23:06,976 [MainThread] [CD-BLOB-M2L-INPLACE] Verifying...
2026-09-21 01:23:07,074 [MainThread] Running CD-BLOB-M2L-INSTANT...
2026-09-21 01:23:07,074 [MainThread] [CD-BLOB-M2L-INSTANT] Starting setup...
2026-09-21 01:23:08,265 [MainThread] [CD-BLOB-M2L-INSTANT] Starting 4 DML workers...
2026-09-21 01:23:09,277 [MainThread] [CD-BLOB-M2L-INSTANT] Firing DDL...
2026-09-21 01:23:09,428 [MainThread] [CD-BLOB-M2L-INSTANT] DDL failed (expected=True): (1846, 'ALGORITHM=INSTANT is not supported. Reason: Need to rebuild the table to change column type. Try ALGORITHM=COPY/INPLACE.')
2026-09-21 01:23:09,428 [MainThread] [CD-BLOB-M2L-INSTANT] Post-DDL DML for 5s...
2026-09-21 01:23:17,074 [MainThread] [CD-BLOB-M2L-INSTANT] Verifying...
2026-09-21 01:23:17,515 [MainThread] [CD-BLOB-M2L-INSTANT] Done: DDL_UNEXPECTED (DDL=FAIL, DML ops=575, errors=2)
2026-09-21 01:23:17,515 [MainThread] Running CD-BIT-1to8-INPLACE...
2026-09-21 01:23:17,515 [MainThread] [CD-BIT-1to8-INPLACE] Starting setup...
2026-09-21 01:23:18,226 [MainThread] [CD-BIT-1to8-INPLACE] Starting 4 DML workers...
2026-09-21 01:23:19,235 [MainThread] [CD-BIT-1to8-INPLACE] Firing DDL...
2026-09-21 01:23:19,384 [MainThread] [CD-BIT-1to8-INPLACE] DDL failed (expected=True): (1846, 'ALGORITHM=INPLACE is not supported. Reason: Cannot change column type INPLACE. Try ALGORITHM=COPY.')
2026-09-21 01:23:19,385 [MainThread] [CD-BIT-1to8-INPLACE] Post-DDL DML for 5s...
2026-09-21 01:23:26,961 [MainThread] [CD-BIT-1to8-INPLACE] Verifying...
2026-09-21 01:23:27,303 [MainThread] [CD-BIT-1to8-INPLACE] Done: DDL_UNEXPECTED (DDL=FAIL, DML ops=435, errors=2)
2026-09-21 01:23:27,303 [MainThread] Running CD-BIT-1to8-INSTANT...
2026-09-21 01:23:27,303 [MainThread] [CD-BIT-1to8-INSTANT] Starting setup...
2026-09-21 01:23:27,933 [MainThread] [CD-BIT-1to8-INSTANT] Starting 4 DML workers...
2026-09-21 01:23:28,935 [MainThread] [CD-BIT-1to8-INSTANT] Firing DDL...
2026-09-21 01:23:29,047 [MainThread] [CD-BIT-1to8-INSTANT] DDL failed (expected=True): (1846, 'ALGORITHM=INSTANT is not supported. Reason: Need to rebuild the table to change column type. Try ALGORITHM=COPY/INPLACE.')
2026-09-21 01:23:29,048 [MainThread] [CD-BIT-1to8-INSTANT] Post-DDL DML for 5s...
2026-09-21 01:23:36,921 [MainThread] [CD-BIT-1to8-INSTANT] Verifying...
2026-09-21 01:23:37,357 [MainThread] [CD-BIT-1to8-INSTANT] Done: DDL_UNEXPECTED (DDL=FAIL, DML ops=602, errors=0)
2026-09-21 01:23:37,357 [MainThread] Running CD-BIT-8to16-INPLACE...
2026-09-21 01:23:37,357 [MainThread] [CD-BIT-8to16-INPLACE] Starting setup...
2026-09-21 01:23:38,724 [MainThread] [CD-BIT-8to16-INPLACE] Starting 4 DML workers...
2026-09-21 01:23:39,733 [MainThread] [CD-BIT-8to16-INPLACE] Firing DDL...
2026-09-21 01:23:39,845 [MainThread] [CD-BIT-8to16-INPLACE] DDL failed (expected=True): (1846, 'ALGORITHM=INPLACE is not supported. Reason: Cannot change column type INPLACE. Try ALGORITHM=COPY.')
2026-09-21 01:23:39,846 [MainThread] [CD-BIT-8to16-INPLACE] Post-DDL DML for 5s...
2026-09-21 01:23:47,878 [MainThread] [CD-BIT-8to16-INPLACE] Verifying...
2026-09-21 01:23:48,233 [MainThread] [CD-BIT-8to16-INPLACE] Done: DDL_UNEXPECTED (DDL=FAIL, DML ops=602, errors=3)
2026-09-21 01:23:48,233 [MainThread] Running CD-BIT-8to16-INSTANT...
2026-09-21 01:23:48,233 [MainThread] [CD-BIT-8to16-INSTANT] Starting setup...
2026-09-21 01:23:49,041 [MainThread] [CD-BIT-8to16-INSTANT] Starting 4 DML workers...
2026-09-21 01:23:50,050 [MainThread] [CD-BIT-8to16-INSTANT] Firing DDL...
2026-09-21 01:23:50,189 [MainThread] [CD-BIT-8to16-INSTANT] DDL failed (expected=True): (1846, 'ALGORITHM=INSTANT is not supported. Reason: Need to rebuild the table to change column type. Try ALGORITHM=COPY/INPLACE.')
2026-09-21 01:23:50,189 [MainThread] [CD-BIT-8to16-INSTANT] Post-DDL DML for 5s...
2026-09-21 01:23:59,042 [MainThread] [CD-BIT-8to16-INSTANT] Verifying...
2026-09-21 01:23:59,431 [MainThread] [CD-BIT-8to16-INSTANT] Done: DDL_UNEXPECTED (DDL=FAIL, DML ops=645, errors=5)
2026-09-21 01:23:59,431 [MainThread] Running CD-BIT-16to32-INPLACE...
2026-09-21 01:23:59,431 [MainThread] [CD-BIT-16to32-INPLACE] Starting setup...
2026-09-21 01:24:00,332 [MainThread] [CD-BIT-16to32-INPLACE] Starting 4 DML workers...
2026-09-21 01:24:01,342 [MainThread] [CD-BIT-16to32-INPLACE] Firing DDL...
2026-09-21 01:24:01,440 [MainThread] [CD-BIT-16to32-INPLACE] DDL failed (expected=True): (1846, 'ALGORITHM=INPLACE is not supported. Reason: Cannot change column type INPLACE. Try ALGORITHM=COPY.')
2026-09-21 01:24:01,440 [MainThread] [CD-BIT-16to32-INPLACE] Post-DDL DML for 5s...
2026-09-21 01:24:09,056 [MainThread] Tables missing before sync: (1146, "Table 'ddl_test.t1' doesn't exist")
2026-09-21 01:24:09,056 [MainThread] [CD-BIT-16to32-INPLACE] Verifying...
2026-09-21 01:24:09,235 [MainThread] Running CD-BIT-16to32-INSTANT...
2026-09-21 01:24:09,235 [MainThread] [CD-BIT-16to32-INSTANT] Starting setup...
2026-09-21 01:24:09,981 [MainThread] [CD-BIT-16to32-INSTANT] Starting 4 DML workers...
2026-09-21 01:24:10,993 [MainThread] [CD-BIT-16to32-INSTANT] Firing DDL...
2026-09-21 01:24:11,100 [MainThread] [CD-BIT-16to32-INSTANT] DDL failed (expected=True): (1846, 'ALGORITHM=INSTANT is not supported. Reason: Need to rebuild the table to change column type. Try ALGORITHM=COPY/INPLACE.')
2026-09-21 01:24:11,101 [MainThread] [CD-BIT-16to32-INSTANT] Post-DDL DML for 5s...
2026-09-21 01:24:18,639 [MainThread] [CD-BIT-16to32-INSTANT] Verifying...
2026-09-21 01:24:18,996 [MainThread] [CD-BIT-16to32-INSTANT] Done: DDL_UNEXPECTED (DDL=FAIL, DML ops=629, errors=0)
2026-09-21 01:24:18,996 [MainThread] Running CD-BIT-32to64-INPLACE...
2026-09-21 01:24:18,996 [MainThread] [CD-BIT-32to64-INPLACE] Starting setup...
2026-09-21 01:24:19,768 [MainThread] [CD-BIT-32to64-INPLACE] Starting 4 DML workers...
2026-09-21 01:24:20,769 [MainThread] [CD-BIT-32to64-INPLACE] Firing DDL...
2026-09-21 01:24:20,908 [MainThread] [CD-BIT-32to64-INPLACE] DDL failed (expected=True): (1846, 'ALGORITHM=INPLACE is not supported. Reason: Cannot change column type INPLACE. Try ALGORITHM=COPY.')
2026-09-21 01:24:20,908 [MainThread] [CD-BIT-32to64-INPLACE] Post-DDL DML for 5s...
2026-09-21 01:24:28,430 [MainThread] [CD-BIT-32to64-INPLACE] Verifying...
2026-09-21 01:24:28,802 [MainThread] [CD-BIT-32to64-INPLACE] Done: DDL_UNEXPECTED (DDL=FAIL, DML ops=592, errors=1)
2026-09-21 01:24:28,802 [MainThread] Running CD-BIT-32to64-INSTANT...
2026-09-21 01:24:28,802 [MainThread] [CD-BIT-32to64-INSTANT] Starting setup...
2026-09-21 01:24:29,525 [MainThread] [CD-BIT-32to64-INSTANT] Starting 4 DML workers...
2026-09-21 01:24:30,530 [MainThread] [CD-BIT-32to64-INSTANT] Firing DDL...
2026-09-21 01:24:30,750 [MainThread] [CD-BIT-32to64-INSTANT] DDL failed (expected=True): (1846, 'ALGORITHM=INSTANT is not supported. Reason: Need to rebuild the table to change column type. Try ALGORITHM=COPY/INPLACE.')
2026-09-21 01:24:30,751 [MainThread] [CD-BIT-32to64-INSTANT] Post-DDL DML for 5s...
2026-09-21 01:24:38,401 [MainThread] [CD-BIT-32to64-INSTANT] Verifying...
2026-09-21 01:24:38,811 [MainThread] [CD-BIT-32to64-INSTANT] Done: DDL_UNEXPECTED (DDL=FAIL, DML ops=502, errors=2)
2026-09-21 01:24:38,811 [MainThread] 
### Phase 3: Row Format Tests ###
2026-09-21 01:24:38,811 [MainThread] Running RF-DYN-INPLACE...
2026-09-21 01:24:38,812 [MainThread] [RF-DYN-INPLACE] Starting setup...
2026-09-21 01:24:39,574 [MainThread] [RF-DYN-INPLACE] Starting 3 DML workers...
2026-09-21 01:24:40,585 [MainThread] [RF-DYN-INPLACE] Firing DDL...
2026-09-21 01:24:40,778 [MainThread] [RF-DYN-INPLACE] DDL succeeded in 0.03s
2026-09-21 01:24:40,779 [MainThread] [RF-DYN-INPLACE] Post-DDL DML for 5s...
2026-09-21 01:24:48,123 [MainThread] [RF-DYN-INPLACE] Verifying...
2026-09-21 01:24:48,589 [MainThread] [RF-DYN-INPLACE] Done: PASS (DDL=SUCCESS, DML ops=335, errors=2)
2026-09-21 01:24:48,589 [MainThread] Running RF-DYN-INSTANT...
2026-09-21 01:24:48,589 [MainThread] [RF-DYN-INSTANT] Starting setup...
2026-09-21 01:24:49,248 [MainThread] [RF-DYN-INSTANT] Starting 3 DML workers...
2026-09-21 01:24:50,252 [MainThread] [RF-DYN-INSTANT] Firing DDL...
2026-09-21 01:24:50,407 [MainThread] [RF-DYN-INSTANT] DDL succeeded in 0.03s
2026-09-21 01:24:50,407 [MainThread] [RF-DYN-INSTANT] Post-DDL DML for 5s...
2026-09-21 01:24:57,827 [MainThread] [RF-DYN-INSTANT] Verifying...
2026-09-21 01:24:58,202 [MainThread] [RF-DYN-INSTANT] Done: PASS (DDL=SUCCESS, DML ops=297, errors=2)
2026-09-21 01:24:58,202 [MainThread] Running RF-COM-INPLACE...
2026-09-21 01:24:58,203 [MainThread] [RF-COM-INPLACE] Starting setup...
2026-09-21 01:24:59,060 [MainThread] [RF-COM-INPLACE] Starting 3 DML workers...
2026-09-21 01:25:00,063 [MainThread] [RF-COM-INPLACE] Firing DDL...
2026-09-21 01:25:00,243 [MainThread] [RF-COM-INPLACE] DDL succeeded in 0.04s
2026-09-21 01:25:00,243 [MainThread] [RF-COM-INPLACE] Post-DDL DML for 5s...
2026-09-21 01:25:08,274 [MainThread] [RF-COM-INPLACE] Verifying...
2026-09-21 01:25:09,283 [MainThread] [RF-COM-INPLACE] Done: PASS (DDL=SUCCESS, DML ops=320, errors=1)
2026-09-21 01:25:09,284 [MainThread] Running RF-COM-INSTANT...
2026-09-21 01:25:09,284 [MainThread] [RF-COM-INSTANT] Starting setup...
2026-09-21 01:25:10,669 [MainThread] [RF-COM-INSTANT] Starting 3 DML workers...
2026-09-21 01:25:11,670 [MainThread] [RF-COM-INSTANT] Firing DDL...
2026-09-21 01:25:11,886 [MainThread] [RF-COM-INSTANT] DDL succeeded in 0.05s
2026-09-21 01:25:11,887 [MainThread] [RF-COM-INSTANT] Post-DDL DML for 5s...
2026-09-21 01:25:19,220 [MainThread] [RF-COM-INSTANT] Verifying...
2026-09-21 01:25:19,609 [MainThread] [RF-COM-INSTANT] Done: PASS (DDL=SUCCESS, DML ops=283, errors=1)
2026-09-21 01:25:19,609 [MainThread] Running RF-RED-INPLACE...
2026-09-21 01:25:19,609 [MainThread] [RF-RED-INPLACE] Starting setup...
2026-09-21 01:25:20,228 [MainThread] [RF-RED-INPLACE] Starting 3 DML workers...
2026-09-21 01:25:21,238 [MainThread] [RF-RED-INPLACE] Firing DDL...
2026-09-21 01:25:21,347 [MainThread] [RF-RED-INPLACE] DDL succeeded in 0.03s
2026-09-21 01:25:21,347 [MainThread] [RF-RED-INPLACE] Post-DDL DML for 5s...
2026-09-21 01:25:28,727 [MainThread] [RF-RED-INPLACE] Verifying...
2026-09-21 01:25:29,062 [MainThread] [RF-RED-INPLACE] Done: PASS (DDL=SUCCESS, DML ops=328, errors=1)
2026-09-21 01:25:29,063 [MainThread] Running RF-RED-INSTANT...
2026-09-21 01:25:29,063 [MainThread] [RF-RED-INSTANT] Starting setup...
2026-09-21 01:25:29,720 [MainThread] [RF-RED-INSTANT] Starting 3 DML workers...
2026-09-21 01:25:30,731 [MainThread] [RF-RED-INSTANT] Firing DDL...
2026-09-21 01:25:30,906 [MainThread] [RF-RED-INSTANT] DDL succeeded in 0.04s
2026-09-21 01:25:30,906 [MainThread] [RF-RED-INSTANT] Post-DDL DML for 5s...
2026-09-21 01:25:38,334 [MainThread] [RF-RED-INSTANT] Verifying...
2026-09-21 01:25:38,822 [MainThread] [RF-RED-INSTANT] Done: PASS (DDL=SUCCESS, DML ops=305, errors=2)
2026-09-21 01:25:38,823 [MainThread] Running RF-COM-INPLACE...
2026-09-21 01:25:38,823 [MainThread] [RF-COM-INPLACE] Starting setup...
2026-09-21 01:25:39,533 [MainThread] [RF-COM-INPLACE] Starting 3 DML workers...
2026-09-21 01:25:40,544 [MainThread] [RF-COM-INPLACE] Firing DDL...
2026-09-21 01:25:40,678 [MainThread] [RF-COM-INPLACE] DDL succeeded in 0.05s
2026-09-21 01:25:40,678 [MainThread] [RF-COM-INPLACE] Post-DDL DML for 5s...
2026-09-21 01:25:48,063 [MainThread] [RF-COM-INPLACE] Verifying...
2026-09-21 01:25:48,524 [MainThread] [RF-COM-INPLACE] Done: PASS (DDL=SUCCESS, DML ops=340, errors=2)
2026-09-21 01:25:48,524 [MainThread] Running RF-COM-INSTANT...
2026-09-21 01:25:48,524 [MainThread] [RF-COM-INSTANT] Starting setup...
2026-09-21 01:25:49,137 [MainThread] [RF-COM-INSTANT] Starting 3 DML workers...
2026-09-21 01:25:50,149 [MainThread] [RF-COM-INSTANT] Firing DDL...
2026-09-21 01:25:50,256 [MainThread] [RF-COM-INSTANT] DDL failed (expected=True): (1845, 'ALGORITHM=INSTANT is not supported for this operation. Try ALGORITHM=COPY/INPLACE.')
2026-09-21 01:25:50,257 [MainThread] [RF-COM-INSTANT] Post-DDL DML for 5s...
2026-09-21 01:25:57,694 [MainThread] [RF-COM-INSTANT] Verifying...
2026-09-21 01:25:58,049 [MainThread] [RF-COM-INSTANT] Done: DDL_UNEXPECTED (DDL=FAIL, DML ops=376, errors=2)
2026-09-21 01:25:58,049 [MainThread] 
### Phase 4: Table Size Tests ###
2026-09-21 01:25:58,049 [MainThread] Running TS-NARROW-INPLACE...
2026-09-21 01:25:58,049 [MainThread] [TS-NARROW-INPLACE] Starting setup...
2026-09-21 01:25:58,622 [MainThread] [TS-NARROW-INPLACE] Starting 3 DML workers...
2026-09-21 01:25:59,631 [MainThread] [TS-NARROW-INPLACE] Firing DDL...
2026-09-21 01:25:59,741 [MainThread] [TS-NARROW-INPLACE] DDL succeeded in 0.03s
2026-09-21 01:25:59,741 [MainThread] [TS-NARROW-INPLACE] Post-DDL DML for 5s...
2026-09-21 01:26:07,006 [MainThread] [TS-NARROW-INPLACE] Verifying...
2026-09-21 01:26:07,409 [MainThread] [TS-NARROW-INPLACE] Done: PASS (DDL=SUCCESS, DML ops=355, errors=3)
2026-09-21 01:26:07,409 [MainThread] Running TS-NARROW-INSTANT...
2026-09-21 01:26:07,409 [MainThread] [TS-NARROW-INSTANT] Starting setup...
2026-09-21 01:26:08,033 [MainThread] [TS-NARROW-INSTANT] Starting 3 DML workers...
2026-09-21 01:26:09,040 [MainThread] [TS-NARROW-INSTANT] Firing DDL...
2026-09-21 01:26:09,150 [MainThread] [TS-NARROW-INSTANT] DDL succeeded in 0.02s
2026-09-21 01:26:09,150 [MainThread] [TS-NARROW-INSTANT] Post-DDL DML for 5s...
2026-09-21 01:26:16,467 [MainThread] [TS-NARROW-INSTANT] Verifying...
2026-09-21 01:26:16,848 [MainThread] [TS-NARROW-INSTANT] Done: PASS (DDL=SUCCESS, DML ops=366, errors=2)
2026-09-21 01:26:16,849 [MainThread] Running TS-WIDE-INPLACE...
2026-09-21 01:26:16,849 [MainThread] [TS-WIDE-INPLACE] Starting setup...
2026-09-21 01:26:17,266 [MainThread] [TS-WIDE-INPLACE] Starting 3 DML workers...
2026-09-21 01:26:18,275 [MainThread] [TS-WIDE-INPLACE] Firing DDL...
2026-09-21 01:26:18,387 [MainThread] [TS-WIDE-INPLACE] DDL succeeded in 0.03s
2026-09-21 01:26:18,387 [MainThread] [TS-WIDE-INPLACE] Post-DDL DML for 5s...
2026-09-21 01:26:25,656 [MainThread] [TS-WIDE-INPLACE] Verifying...
2026-09-21 01:26:26,073 [MainThread] [TS-WIDE-INPLACE] Done: PASS (DDL=SUCCESS, DML ops=351, errors=1)
2026-09-21 01:26:26,073 [MainThread] Running TS-WIDE-INSTANT...
2026-09-21 01:26:26,073 [MainThread] [TS-WIDE-INSTANT] Starting setup...
2026-09-21 01:26:26,455 [MainThread] [TS-WIDE-INSTANT] Starting 3 DML workers...
2026-09-21 01:26:27,466 [MainThread] [TS-WIDE-INSTANT] Firing DDL...
2026-09-21 01:26:27,613 [MainThread] [TS-WIDE-INSTANT] DDL succeeded in 0.04s
2026-09-21 01:26:27,613 [MainThread] [TS-WIDE-INSTANT] Post-DDL DML for 5s...
2026-09-21 01:26:34,943 [MainThread] [TS-WIDE-INSTANT] Verifying...
2026-09-21 01:26:35,356 [MainThread] [TS-WIDE-INSTANT] Done: PASS (DDL=SUCCESS, DML ops=373, errors=2)
2026-09-21 01:26:35,356 [MainThread] Running TS-MAXROW-INPLACE...
2026-09-21 01:26:35,356 [MainThread] [TS-MAXROW-INPLACE] Starting setup...
2026-09-21 01:26:35,699 [MainThread] [TS-MAXROW-INPLACE] Starting 2 DML workers...
2026-09-21 01:26:36,700 [MainThread] [TS-MAXROW-INPLACE] Firing DDL...
2026-09-21 01:26:36,831 [MainThread] [TS-MAXROW-INPLACE] DDL succeeded in 0.03s
2026-09-21 01:26:36,831 [MainThread] [TS-MAXROW-INPLACE] Post-DDL DML for 5s...
2026-09-21 01:26:44,084 [MainThread] [TS-MAXROW-INPLACE] Verifying...
2026-09-21 01:26:44,425 [MainThread] [TS-MAXROW-INPLACE] Done: PASS (DDL=SUCCESS, DML ops=252, errors=0)
2026-09-21 01:26:44,425 [MainThread] Running TS-MAXROW-INSTANT...
2026-09-21 01:26:44,425 [MainThread] [TS-MAXROW-INSTANT] Starting setup...
2026-09-21 01:26:44,802 [MainThread] [TS-MAXROW-INSTANT] Starting 2 DML workers...
2026-09-21 01:26:45,804 [MainThread] [TS-MAXROW-INSTANT] Firing DDL...
2026-09-21 01:26:45,918 [MainThread] [TS-MAXROW-INSTANT] DDL succeeded in 0.03s
2026-09-21 01:26:45,918 [MainThread] [TS-MAXROW-INSTANT] Post-DDL DML for 5s...
2026-09-21 01:26:53,206 [MainThread] [TS-MAXROW-INSTANT] Verifying...
2026-09-21 01:26:53,606 [MainThread] [TS-MAXROW-INSTANT] Done: PASS (DDL=SUCCESS, DML ops=226, errors=1)
2026-09-21 01:26:53,606 [MainThread] 
### Phase 5: Large Table Test ###
2026-09-21 01:26:53,606 [MainThread] === Large Table (50M+ rows) INPLACE + Concurrent DML ===
2026-09-21 01:28:21,965 [MainThread] Populating 50M+ rows...
2026-09-21 01:28:22,268 [MainThread]   Row count: 4
2026-09-21 01:28:22,548 [MainThread]   Row count: 15
2026-09-21 01:28:22,825 [MainThread]   Row count: 46
2026-09-21 01:28:23,100 [MainThread]   Row count: 180
2026-09-21 01:28:23,380 [MainThread]   Row count: 690
2026-09-21 01:28:23,448 [MainThread] Current row count: 899
2026-09-21 01:28:23,526 [MainThread]   Doubled to 1798 rows
2026-09-21 01:28:23,631 [MainThread]   Doubled to 3596 rows
2026-09-21 01:28:23,736 [MainThread]   Doubled to 7192 rows
2026-09-21 01:28:23,911 [MainThread]   Doubled to 14384 rows
2026-09-21 01:28:24,070 [MainThread]   Doubled to 28768 rows
2026-09-21 01:28:24,341 [MainThread]   Doubled to 57536 rows
2026-09-21 01:28:24,828 [MainThread]   Doubled to 115072 rows
2026-09-21 01:28:25,742 [MainThread]   Doubled to 230144 rows
2026-09-21 01:28:27,530 [MainThread]   Doubled to 460288 rows
2026-09-21 01:28:31,247 [MainThread]   Doubled to 920576 rows
2026-09-21 01:28:37,968 [MainThread]   Doubled to 1841152 rows
2026-09-21 01:28:50,947 [MainThread]   Doubled to 3682304 rows
2026-09-21 01:29:17,289 [MainThread]   Doubled to 7364608 rows
2026-09-21 01:30:12,001 [MainThread]   Doubled to 14729216 rows
2026-09-21 01:32:04,620 [MainThread]   Doubled to 29458432 rows
2026-09-21 01:36:26,674 [MainThread]   Doubled to 58916864 rows
2026-09-21 01:36:26,674 [MainThread] Final row count: 58916864
2026-09-21 01:36:26,674 [MainThread] Syncing to Oracle table...
2026-09-21 01:44:08,335 [MainThread] Firing INPLACE ALTER on 58916864 row table...
2026-09-21 01:49:19,037 [MainThread] DDL completed in 310.7s
2026-09-21 01:55:05,320 [MainThread] Large table results: {
  "row_count": 58916864,
  "checksum_pre": {
    "t1": "('ddl_test.t_large', 3386576518)",
    "t2": "('ddl_test.t_large_oracle', 3924343378)"
  },
  "ddl": {
    "success": true,
    "duration": 310.7,
    "error": null
  },
  "dml_ops": 17541,
  "dml_errors": 1160,
  "dml_breakdown": {
    "INSERT": {
      "ops": 6630,
      "errors": 0
    },
    "UPDATE": {
      "ops": 11,
      "errors": 0
    },
    "DELETE": {
      "ops": 4490,
      "errors": 0
    },
    "SELECT": {
      "ops": 27,
      "errors": 0
    },
    "UPSERT": {
      "ops": 6383,
      "errors": 1160
    }
  },
  "checksum_post": {
    "t1": "('ddl_test.t_large', 2875783784)",
    "t2": "('ddl_test.t_large_oracle', 2875783784)"
  },
  "t1_count": 58925387,
  "t2_count": 58925387,
  "verification": "PASS"
}
2026-09-21 01:55:05,320 [MainThread] 
### Writing Results ###
2026-09-21 01:55:05,331 [MainThread] 
============================================================
2026-09-21 01:55:05,331 [MainThread] TEST SUMMARY: 89 total, 31 PASS, 15 FAIL, 3 errors
2026-09-21 01:55:05,331 [MainThread] Results: /Users/yuyu/PyCharmMiscProject/outputs/ddl_verify_20260919/concurrent_dml/results/concurrent_summary.csv
2026-09-21 01:55:05,331 [MainThread] Detailed: /Users/yuyu/PyCharmMiscProject/outputs/ddl_verify_20260919/concurrent_dml/results/concurrent_detailed.json
2026-09-21 01:55:05,331 [MainThread] ============================================================
