2026-09-21 21:54:52,990 [MainThread] ============================================================
2026-09-21 21:54:52,990 [MainThread] RDS MySQL DDL Large Table Verification Suite (Large Only)
2026-09-21 21:54:52,990 [MainThread] ============================================================
2026-09-21 21:54:52,990 [MainThread] QUICK MODE: reduced to 100K rows per test
2026-09-21 21:54:52,990 [MainThread] 
### Large Table Tests: 68 entries ###
2026-09-21 21:54:52,990 [MainThread] === Large Table Tests: All Types ===
2026-09-21 21:54:52,990 [MainThread] === Large Table [INT-BIGINT-IP] INT->BIGINT INPLACE 100000 rows ===
2026-09-21 21:54:53,237 [MainThread] Populating 100000 rows...
2026-09-21 21:54:53,287 [MainThread]   t_large: initial 9 rows
2026-09-21 21:54:54,410 [MainThread]   t_large: final 100000 rows
2026-09-21 21:54:54,410 [MainThread] Syncing to Oracle table...
2026-09-21 21:54:58,142 [MainThread] Firing INPLACE ALTER on 100000 row table...
2026-09-21 21:54:58,409 [MainThread] DDL completed in 0.27s (success=True)
2026-09-21 21:55:08,694 [MainThread] [LT-INT-BIGINT-IP] verification=PASS, ddl=0.27s, ops=1173
2026-09-21 21:55:08,694 [MainThread] === Large Table [INT-BIGINT-IT] INT->BIGINT INSTANT 100000 rows ===
2026-09-21 21:55:09,010 [MainThread] Populating 100000 rows...
2026-09-21 21:55:09,073 [MainThread]   t_large: initial 9 rows
2026-09-21 21:55:10,081 [MainThread]   t_large: final 100000 rows
2026-09-21 21:55:10,081 [MainThread] Syncing to Oracle table...
2026-09-21 21:55:13,639 [MainThread] Firing INSTANT ALTER on 100000 row table...
2026-09-21 21:55:13,692 [MainThread] DDL completed in 0.05s (success=True)
2026-09-21 21:55:23,479 [MainThread] [LT-INT-BIGINT-IT] verification=PASS, ddl=0.05s, ops=1019
2026-09-21 21:55:23,479 [MainThread] === Large Table [TINY-SMALL-IP] TINYINT->SMALLINT INPLACE 100000 rows ===
2026-09-21 21:55:23,754 [MainThread] Populating 100000 rows...
2026-09-21 21:55:23,812 [MainThread]   t_large: initial 9 rows
2026-09-21 21:55:24,955 [MainThread]   t_large: final 100000 rows
2026-09-21 21:55:24,955 [MainThread] Syncing to Oracle table...
2026-09-21 21:55:28,600 [MainThread] Firing INPLACE ALTER on 100000 row table...
2026-09-21 21:55:28,836 [MainThread] DDL completed in 0.24s (success=True)
2026-09-21 21:55:39,155 [MainThread] [LT-TINY-SMALL-IP] verification=PASS, ddl=0.24s, ops=1155
2026-09-21 21:55:39,155 [MainThread] === Large Table [TINY-SMALL-IT] TINYINT->SMALLINT INSTANT 100000 rows ===
2026-09-21 21:55:39,455 [MainThread] Populating 100000 rows...
2026-09-21 21:55:39,523 [MainThread]   t_large: initial 9 rows
2026-09-21 21:55:40,553 [MainThread]   t_large: final 100000 rows
2026-09-21 21:55:40,553 [MainThread] Syncing to Oracle table...
2026-09-21 21:55:44,137 [MainThread] Firing INSTANT ALTER on 100000 row table...
2026-09-21 21:55:44,206 [MainThread] DDL completed in 0.07s (success=True)
2026-09-21 21:55:54,745 [MainThread] [LT-TINY-SMALL-IT] verification=PASS, ddl=0.07s, ops=1005
2026-09-21 21:55:54,746 [MainThread] === Large Table [TINY-INT-IP] TINYINT->INT INPLACE 100000 rows ===
2026-09-21 21:55:55,002 [MainThread] Populating 100000 rows...
2026-09-21 21:55:55,057 [MainThread]   t_large: initial 9 rows
2026-09-21 21:55:56,248 [MainThread]   t_large: final 100000 rows
2026-09-21 21:55:56,248 [MainThread] Syncing to Oracle table...
2026-09-21 21:55:59,876 [MainThread] Firing INPLACE ALTER on 100000 row table...
2026-09-21 21:56:00,120 [MainThread] DDL completed in 0.24s (success=True)
2026-09-21 21:56:10,397 [MainThread] [LT-TINY-INT-IP] verification=PASS, ddl=0.24s, ops=1063
2026-09-21 21:56:10,397 [MainThread] === Large Table [TINY-INT-IT] TINYINT->INT INSTANT 100000 rows ===
2026-09-21 21:56:10,649 [MainThread] Populating 100000 rows...
2026-09-21 21:56:10,700 [MainThread]   t_large: initial 9 rows
2026-09-21 21:56:11,626 [MainThread]   t_large: final 100000 rows
2026-09-21 21:56:11,626 [MainThread] Syncing to Oracle table...
2026-09-21 21:56:15,145 [MainThread] Firing INSTANT ALTER on 100000 row table...
2026-09-21 21:56:15,194 [MainThread] DDL completed in 0.05s (success=True)
2026-09-21 21:56:24,741 [MainThread] [LT-TINY-INT-IT] verification=PASS, ddl=0.05s, ops=1027
2026-09-21 21:56:24,741 [MainThread] === Large Table [TINY-BIG-IT] TINYINT->BIGINT INSTANT 100000 rows ===
2026-09-21 21:56:25,017 [MainThread] Populating 100000 rows...
2026-09-21 21:56:25,074 [MainThread]   t_large: initial 9 rows
2026-09-21 21:56:26,124 [MainThread]   t_large: final 100000 rows
2026-09-21 21:56:26,124 [MainThread] Syncing to Oracle table...
2026-09-21 21:56:29,629 [MainThread] Firing INSTANT ALTER on 100000 row table...
2026-09-21 21:56:29,715 [MainThread] DDL completed in 0.09s (success=True)
2026-09-21 21:56:40,209 [MainThread] [LT-TINY-BIG-IT] verification=PASS, ddl=0.09s, ops=1015
2026-09-21 21:56:40,209 [MainThread] === Large Table [SMALL-MED-IP] SMALLINT->MEDIUMINT INPLACE 100000 rows ===
2026-09-21 21:56:40,465 [MainThread] Populating 100000 rows...
2026-09-21 21:56:40,545 [MainThread]   t_large: initial 9 rows
2026-09-21 21:56:41,686 [MainThread]   t_large: final 100000 rows
2026-09-21 21:56:41,686 [MainThread] Syncing to Oracle table...
2026-09-21 21:56:45,555 [MainThread] Firing INPLACE ALTER on 100000 row table...
2026-09-21 21:56:45,808 [MainThread] DDL completed in 0.25s (success=True)
2026-09-21 21:56:56,148 [MainThread] [LT-SMALL-MED-IP] verification=PASS, ddl=0.25s, ops=1165
2026-09-21 21:56:56,148 [MainThread] === Large Table [SMALL-MED-IT] SMALLINT->MEDIUMINT INSTANT 100000 rows ===
2026-09-21 21:56:56,433 [MainThread] Populating 100000 rows...
2026-09-21 21:56:56,488 [MainThread]   t_large: initial 9 rows
2026-09-21 21:56:57,452 [MainThread]   t_large: final 100000 rows
2026-09-21 21:56:57,452 [MainThread] Syncing to Oracle table...
2026-09-21 21:57:01,029 [MainThread] Firing INSTANT ALTER on 100000 row table...
2026-09-21 21:57:01,109 [MainThread] DDL completed in 0.08s (success=True)
2026-09-21 21:57:11,710 [MainThread] [LT-SMALL-MED-IT] verification=PASS, ddl=0.08s, ops=1047
2026-09-21 21:57:11,711 [MainThread] === Large Table [SMALL-INT-IT] SMALLINT->INT INSTANT 100000 rows ===
2026-09-21 21:57:11,953 [MainThread] Populating 100000 rows...
2026-09-21 21:57:12,028 [MainThread]   t_large: initial 9 rows
2026-09-21 21:57:12,998 [MainThread]   t_large: final 100000 rows
2026-09-21 21:57:12,999 [MainThread] Syncing to Oracle table...
2026-09-21 21:57:16,604 [MainThread] Firing INSTANT ALTER on 100000 row table...
2026-09-21 21:57:16,649 [MainThread] DDL completed in 0.05s (success=True)
2026-09-21 21:57:26,316 [MainThread] [LT-SMALL-INT-IT] verification=PASS, ddl=0.05s, ops=1047
2026-09-21 21:57:26,317 [MainThread] === Large Table [SMALL-BIG-IT] SMALLINT->BIGINT INSTANT 100000 rows ===
2026-09-21 21:57:26,636 [MainThread] Populating 100000 rows...
2026-09-21 21:57:26,720 [MainThread]   t_large: initial 9 rows
2026-09-21 21:57:27,789 [MainThread]   t_large: final 100000 rows
2026-09-21 21:57:27,790 [MainThread] Syncing to Oracle table...
2026-09-21 21:57:31,352 [MainThread] Firing INSTANT ALTER on 100000 row table...
2026-09-21 21:57:31,409 [MainThread] DDL completed in 0.06s (success=True)
2026-09-21 21:57:41,060 [MainThread] [LT-SMALL-BIG-IT] verification=PASS, ddl=0.06s, ops=1001
2026-09-21 21:57:41,060 [MainThread] === Large Table [MED-INT-IP] MEDIUMINT->INT INPLACE 100000 rows ===
2026-09-21 21:57:41,350 [MainThread] Populating 100000 rows...
2026-09-21 21:57:41,426 [MainThread]   t_large: initial 9 rows
2026-09-21 21:57:42,519 [MainThread]   t_large: final 100000 rows
2026-09-21 21:57:42,519 [MainThread] Syncing to Oracle table...
2026-09-21 21:57:46,179 [MainThread] Firing INPLACE ALTER on 100000 row table...
2026-09-21 21:57:46,431 [MainThread] DDL completed in 0.25s (success=True)
2026-09-21 21:57:56,754 [MainThread] [LT-MED-INT-IP] verification=PASS, ddl=0.25s, ops=1134
2026-09-21 21:57:56,754 [MainThread] === Large Table [MED-INT-IT] MEDIUMINT->INT INSTANT 100000 rows ===
2026-09-21 21:57:57,009 [MainThread] Populating 100000 rows...
2026-09-21 21:57:57,065 [MainThread]   t_large: initial 9 rows
2026-09-21 21:57:58,052 [MainThread]   t_large: final 100000 rows
2026-09-21 21:57:58,052 [MainThread] Syncing to Oracle table...
2026-09-21 21:58:01,622 [MainThread] Firing INSTANT ALTER on 100000 row table...
2026-09-21 21:58:01,671 [MainThread] DDL completed in 0.05s (success=True)
2026-09-21 21:58:12,261 [MainThread] [LT-MED-INT-IT] verification=PASS, ddl=0.05s, ops=1030
2026-09-21 21:58:12,262 [MainThread] === Large Table [MED-BIG-IT] MEDIUMINT->BIGINT INSTANT 100000 rows ===
2026-09-21 21:58:12,553 [MainThread] Populating 100000 rows...
2026-09-21 21:58:12,632 [MainThread]   t_large: initial 9 rows
2026-09-21 21:58:13,715 [MainThread]   t_large: final 100000 rows
2026-09-21 21:58:13,715 [MainThread] Syncing to Oracle table...
2026-09-21 21:58:17,212 [MainThread] Firing INSTANT ALTER on 100000 row table...
2026-09-21 21:58:17,284 [MainThread] DDL completed in 0.07s (success=True)
2026-09-21 21:58:27,872 [MainThread] [LT-MED-BIG-IT] verification=PASS, ddl=0.07s, ops=1011
2026-09-21 21:58:27,872 [MainThread] === Large Table [INTU-BIGINTU-IP] INT UNSIGNED->BIGINT UNSIGNED INPLACE 100000 rows ===
2026-09-21 21:58:28,164 [MainThread] Populating 100000 rows...
2026-09-21 21:58:28,254 [MainThread]   t_large: initial 9 rows
2026-09-21 21:58:29,442 [MainThread]   t_large: final 100000 rows
2026-09-21 21:58:29,442 [MainThread] Syncing to Oracle table...
2026-09-21 21:58:33,184 [MainThread] Firing INPLACE ALTER on 100000 row table...
2026-09-21 21:58:33,452 [MainThread] DDL completed in 0.27s (success=True)
2026-09-21 21:58:43,728 [MainThread] [LT-INTU-BIGINTU-IP] verification=PASS, ddl=0.27s, ops=1218
2026-09-21 21:58:43,728 [MainThread] === Large Table [INTU-BIGINTU-IT] INT UNSIGNED->BIGINT UNSIGNED INSTANT 100000 rows ===
2026-09-21 21:58:44,012 [MainThread] Populating 100000 rows...
2026-09-21 21:58:44,073 [MainThread]   t_large: initial 9 rows
2026-09-21 21:58:45,104 [MainThread]   t_large: final 100000 rows
2026-09-21 21:58:45,104 [MainThread] Syncing to Oracle table...
2026-09-21 21:58:48,695 [MainThread] Firing INSTANT ALTER on 100000 row table...
2026-09-21 21:58:48,742 [MainThread] DDL completed in 0.05s (success=True)
2026-09-21 21:58:59,327 [MainThread] [LT-INTU-BIGINTU-IT] verification=PASS, ddl=0.05s, ops=1001
2026-09-21 21:58:59,327 [MainThread] === Large Table [TINYU-SMALLU-IT] TINYINT UNSIGNED->SMALLINT UNSIGNED INSTANT 100000 rows ===
2026-09-21 21:58:59,617 [MainThread] Populating 100000 rows...
2026-09-21 21:58:59,675 [MainThread]   t_large: initial 9 rows
2026-09-21 21:59:00,645 [MainThread]   t_large: final 100000 rows
2026-09-21 21:59:00,645 [MainThread] Syncing to Oracle table...
2026-09-21 21:59:04,235 [MainThread] Firing INSTANT ALTER on 100000 row table...
2026-09-21 21:59:04,288 [MainThread] DDL completed in 0.05s (success=True)
2026-09-21 21:59:14,829 [MainThread] [LT-TINYU-SMALLU-IT] verification=PASS, ddl=0.05s, ops=1024
2026-09-21 21:59:14,829 [MainThread] === Large Table [TINYU-INTU-IT] TINYINT UNSIGNED->INT UNSIGNED INSTANT 100000 rows ===
2026-09-21 21:59:15,109 [MainThread] Populating 100000 rows...
2026-09-21 21:59:15,171 [MainThread]   t_large: initial 9 rows
2026-09-21 21:59:16,165 [MainThread]   t_large: final 100000 rows
2026-09-21 21:59:16,165 [MainThread] Syncing to Oracle table...
2026-09-21 21:59:19,967 [MainThread] Firing INSTANT ALTER on 100000 row table...
2026-09-21 21:59:20,019 [MainThread] DDL completed in 0.05s (success=True)
2026-09-21 21:59:30,663 [MainThread] [LT-TINYU-INTU-IT] verification=PASS, ddl=0.05s, ops=1045
2026-09-21 21:59:30,664 [MainThread] === Large Table [SMALLU-MEDU-IT] SMALLINT UNSIGNED->MEDIUMINT UNSIGNED INSTANT 100000 rows ===
2026-09-21 21:59:30,908 [MainThread] Populating 100000 rows...
2026-09-21 21:59:30,965 [MainThread]   t_large: initial 9 rows
2026-09-21 21:59:31,889 [MainThread]   t_large: final 100000 rows
2026-09-21 21:59:31,889 [MainThread] Syncing to Oracle table...
2026-09-21 21:59:35,543 [MainThread] Firing INSTANT ALTER on 100000 row table...
2026-09-21 21:59:35,590 [MainThread] DDL completed in 0.05s (success=True)
2026-09-21 21:59:45,199 [MainThread] [LT-SMALLU-MEDU-IT] verification=PASS, ddl=0.05s, ops=1072
2026-09-21 21:59:45,199 [MainThread] === Large Table [MEDU-INTU-IT] MEDIUMINT UNSIGNED->INT UNSIGNED INSTANT 100000 rows ===
2026-09-21 21:59:45,489 [MainThread] Populating 100000 rows...
2026-09-21 21:59:45,552 [MainThread]   t_large: initial 9 rows
2026-09-21 21:59:46,569 [MainThread]   t_large: final 100000 rows
2026-09-21 21:59:46,569 [MainThread] Syncing to Oracle table...
2026-09-21 21:59:50,375 [MainThread] Firing INSTANT ALTER on 100000 row table...
2026-09-21 21:59:50,444 [MainThread] DDL completed in 0.07s (success=True)
2026-09-21 22:00:00,952 [MainThread] [LT-MEDU-INTU-IT] verification=PASS, ddl=0.07s, ops=1011
2026-09-21 22:00:00,952 [MainThread] === Large Table [CHAR1-2-IP] CHAR(1)->CHAR(2) INPLACE 100000 rows ===
2026-09-21 22:00:01,236 [MainThread] Populating 100000 rows...
2026-09-21 22:00:01,302 [MainThread]   t_large: initial 5 rows
2026-09-21 22:00:02,571 [MainThread]   t_large: final 100000 rows
2026-09-21 22:00:02,571 [MainThread] Syncing to Oracle table...
2026-09-21 22:00:06,219 [MainThread] Firing INPLACE ALTER on 100000 row table...
2026-09-21 22:00:06,507 [MainThread] DDL completed in 0.29s (success=True)
2026-09-21 22:00:16,764 [MainThread] [LT-CHAR1-2-IP] verification=PASS, ddl=0.29s, ops=1140
2026-09-21 22:00:16,765 [MainThread] === Large Table [CHAR1-2-IT] CHAR(1)->CHAR(2) INSTANT 100000 rows ===
2026-09-21 22:00:17,060 [MainThread] Populating 100000 rows...
2026-09-21 22:00:17,134 [MainThread]   t_large: initial 5 rows
2026-09-21 22:00:18,186 [MainThread]   t_large: final 100000 rows
2026-09-21 22:00:18,186 [MainThread] Syncing to Oracle table...
2026-09-21 22:00:21,703 [MainThread] Firing INSTANT ALTER on 100000 row table...
2026-09-21 22:00:21,749 [MainThread] DDL completed in 0.05s (success=True)
2026-09-21 22:00:32,275 [MainThread] [LT-CHAR1-2-IT] verification=PASS, ddl=0.05s, ops=981
2026-09-21 22:00:32,275 [MainThread] === Large Table [CHAR63-64-IT] CHAR(63)->CHAR(64) INSTANT 100000 rows ===
2026-09-21 22:00:32,551 [MainThread] Populating 100000 rows...
2026-09-21 22:00:32,608 [MainThread]   t_large: initial 5 rows
2026-09-21 22:00:33,707 [MainThread]   t_large: final 100000 rows
2026-09-21 22:00:33,707 [MainThread] Syncing to Oracle table...
2026-09-21 22:00:37,343 [MainThread] Firing INSTANT ALTER on 100000 row table...
2026-09-21 22:00:37,402 [MainThread] DDL completed in 0.06s (success=True)
2026-09-21 22:00:48,133 [MainThread] [LT-CHAR63-64-IT] verification=PASS, ddl=0.06s, ops=974
2026-09-21 22:00:48,133 [MainThread] === Large Table [CHAR63-64-IP] CHAR(63)->CHAR(64) INPLACE 100000 rows ===
2026-09-21 22:00:48,405 [MainThread] Populating 100000 rows...
2026-09-21 22:00:48,460 [MainThread]   t_large: initial 5 rows
2026-09-21 22:00:49,859 [MainThread]   t_large: final 100000 rows
2026-09-21 22:00:49,860 [MainThread] Syncing to Oracle table...
2026-09-21 22:00:53,825 [MainThread] Firing INPLACE ALTER on 100000 row table...
2026-09-21 22:00:54,700 [MainThread] DDL completed in 0.87s (success=True)
2026-09-21 22:01:04,426 [MainThread] [LT-CHAR63-64-IP] verification=PASS, ddl=0.87s, ops=1136
2026-09-21 22:01:04,426 [MainThread] === Large Table [CHAR254-255-IP] CHAR(254)->CHAR(255) INPLACE 100000 rows ===
2026-09-21 22:01:04,716 [MainThread] Populating 100000 rows...
2026-09-21 22:01:04,776 [MainThread]   t_large: initial 5 rows
2026-09-21 22:01:06,483 [MainThread]   t_large: final 100000 rows
2026-09-21 22:01:06,483 [MainThread] Syncing to Oracle table...
2026-09-21 22:01:10,641 [MainThread] Firing INPLACE ALTER on 100000 row table...
2026-09-21 22:01:14,154 [MainThread] DDL completed in 3.51s (success=True)
2026-09-21 22:01:24,559 [MainThread] [LT-CHAR254-255-IP] verification=PASS, ddl=3.51s, ops=1406
2026-09-21 22:01:24,559 [MainThread] === Large Table [CHAR254-255-IT] CHAR(254)->CHAR(255) INSTANT 100000 rows ===
2026-09-21 22:01:24,877 [MainThread] Populating 100000 rows...
2026-09-21 22:01:24,958 [MainThread]   t_large: initial 5 rows
2026-09-21 22:01:26,306 [MainThread]   t_large: final 100000 rows
2026-09-21 22:01:26,306 [MainThread] Syncing to Oracle table...
2026-09-21 22:01:30,151 [MainThread] Firing INSTANT ALTER on 100000 row table...
2026-09-21 22:01:30,211 [MainThread] DDL completed in 0.06s (success=True)
2026-09-21 22:01:41,093 [MainThread] [LT-CHAR254-255-IT] verification=PASS, ddl=0.06s, ops=910
2026-09-21 22:01:41,093 [MainThread] === Large Table [VAR1-2-IP] VARCHAR(1)->VARCHAR(2) INPLACE 100000 rows ===
2026-09-21 22:01:41,350 [MainThread] Populating 100000 rows...
2026-09-21 22:01:41,425 [MainThread]   t_large: initial 5 rows
2026-09-21 22:01:42,638 [MainThread]   t_large: final 100000 rows
2026-09-21 22:01:42,638 [MainThread] Syncing to Oracle table...
2026-09-21 22:01:46,409 [MainThread] Firing INPLACE ALTER on 100000 row table...
2026-09-21 22:01:46,449 [MainThread] DDL completed in 0.04s (success=True)
2026-09-21 22:01:56,071 [MainThread] [LT-VAR1-2-IP] verification=PASS, ddl=0.04s, ops=1024
2026-09-21 22:01:56,072 [MainThread] === Large Table [VAR1-2-IT] VARCHAR(1)->VARCHAR(2) INSTANT 100000 rows ===
2026-09-21 22:01:56,315 [MainThread] Populating 100000 rows...
2026-09-21 22:01:56,374 [MainThread]   t_large: initial 5 rows
2026-09-21 22:01:57,338 [MainThread]   t_large: final 100000 rows
2026-09-21 22:01:57,338 [MainThread] Syncing to Oracle table...
2026-09-21 22:02:00,976 [MainThread] Firing INSTANT ALTER on 100000 row table...
2026-09-21 22:02:01,013 [MainThread] DDL completed in 0.04s (success=True)
2026-09-21 22:02:10,592 [MainThread] [LT-VAR1-2-IT] verification=PASS, ddl=0.04s, ops=999
2026-09-21 22:02:10,592 [MainThread] === Large Table [VAR254-255-IP] VARCHAR(254)->VARCHAR(255) INPLACE 100000 rows ===
2026-09-21 22:02:10,857 [MainThread] Populating 100000 rows...
2026-09-21 22:02:10,917 [MainThread]   t_large: initial 5 rows
2026-09-21 22:02:12,193 [MainThread]   t_large: final 100000 rows
2026-09-21 22:02:12,193 [MainThread] Syncing to Oracle table...
2026-09-21 22:02:16,001 [MainThread] Firing INPLACE ALTER on 100000 row table...
2026-09-21 22:02:16,042 [MainThread] DDL completed in 0.04s (success=True)
2026-09-21 22:02:26,548 [MainThread] [LT-VAR254-255-IP] verification=PASS, ddl=0.04s, ops=1118
2026-09-21 22:02:26,548 [MainThread] === Large Table [VAR254-255-IT] VARCHAR(254)->VARCHAR(255) INSTANT 100000 rows ===
2026-09-21 22:02:26,789 [MainThread] Populating 100000 rows...
2026-09-21 22:02:26,844 [MainThread]   t_large: initial 5 rows
2026-09-21 22:02:27,974 [MainThread]   t_large: final 100000 rows
2026-09-21 22:02:27,974 [MainThread] Syncing to Oracle table...
2026-09-21 22:02:31,687 [MainThread] Firing INSTANT ALTER on 100000 row table...
2026-09-21 22:02:31,727 [MainThread] DDL completed in 0.04s (success=True)
2026-09-21 22:02:41,242 [MainThread] [LT-VAR254-255-IT] verification=PASS, ddl=0.04s, ops=1029
2026-09-21 22:02:41,242 [MainThread] === Large Table [VAR255-256-IP] VARCHAR(255)->VARCHAR(256) INPLACE 100000 rows ===
2026-09-21 22:02:41,524 [MainThread] Populating 100000 rows...
2026-09-21 22:02:41,582 [MainThread]   t_large: initial 5 rows
2026-09-21 22:02:43,103 [MainThread]   t_large: final 100000 rows
2026-09-21 22:02:43,103 [MainThread] Syncing to Oracle table...
2026-09-21 22:02:46,783 [MainThread] Firing INPLACE ALTER on 100000 row table...
2026-09-21 22:02:47,027 [MainThread] DDL completed in 0.24s (success=True)
2026-09-21 22:02:57,351 [MainThread] [LT-VAR255-256-IP] verification=PASS, ddl=0.24s, ops=1190
2026-09-21 22:02:57,352 [MainThread] === Large Table [VAR255-256-IT] VARCHAR(255)->VARCHAR(256) INSTANT 100000 rows ===
2026-09-21 22:02:57,641 [MainThread] Populating 100000 rows...
2026-09-21 22:02:57,698 [MainThread]   t_large: initial 5 rows
2026-09-21 22:02:58,789 [MainThread]   t_large: final 100000 rows
2026-09-21 22:02:58,789 [MainThread] Syncing to Oracle table...
2026-09-21 22:03:02,399 [MainThread] Firing INSTANT ALTER on 100000 row table...
2026-09-21 22:03:02,447 [MainThread] DDL completed in 0.05s (success=True)
2026-09-21 22:03:12,013 [MainThread] [LT-VAR255-256-IT] verification=PASS, ddl=0.05s, ops=1031
2026-09-21 22:03:12,013 [MainThread] === Large Table [VAR85-86U3-IP] VARCHAR(85)->VARCHAR(86) INPLACE 100000 rows ===
2026-09-21 22:03:12,261 [MainThread] Populating 100000 rows...
2026-09-21 22:03:12,357 [MainThread]   t_large: initial 5 rows
2026-09-21 22:03:13,666 [MainThread]   t_large: final 100000 rows
2026-09-21 22:03:13,666 [MainThread] Syncing to Oracle table...
2026-09-21 22:03:17,480 [MainThread] Firing INPLACE ALTER on 100000 row table...
2026-09-21 22:03:17,718 [MainThread] DDL completed in 0.24s (success=True)
2026-09-21 22:03:28,054 [MainThread] [LT-VAR85-86U3-IP] verification=PASS, ddl=0.24s, ops=1105
2026-09-21 22:03:28,054 [MainThread] === Large Table [VAR85-86U3-IT] VARCHAR(85)->VARCHAR(86) INSTANT 100000 rows ===
2026-09-21 22:03:28,322 [MainThread] Populating 100000 rows...
2026-09-21 22:03:28,381 [MainThread]   t_large: initial 5 rows
2026-09-21 22:03:29,539 [MainThread]   t_large: final 100000 rows
2026-09-21 22:03:29,539 [MainThread] Syncing to Oracle table...
2026-09-21 22:03:33,129 [MainThread] Firing INSTANT ALTER on 100000 row table...
2026-09-21 22:03:33,206 [MainThread] DDL completed in 0.08s (success=True)
2026-09-21 22:03:44,234 [MainThread] [LT-VAR85-86U3-IT] verification=PASS, ddl=0.08s, ops=1012
2026-09-21 22:03:44,235 [MainThread] === Large Table [VAR63-64U4-IP] VARCHAR(63)->VARCHAR(64) INPLACE 100000 rows ===
2026-09-21 22:03:44,515 [MainThread] Populating 100000 rows...
2026-09-21 22:03:44,571 [MainThread]   t_large: initial 5 rows
2026-09-21 22:03:45,813 [MainThread]   t_large: final 100000 rows
2026-09-21 22:03:45,813 [MainThread] Syncing to Oracle table...
2026-09-21 22:03:49,641 [MainThread] Firing INPLACE ALTER on 100000 row table...
2026-09-21 22:03:49,971 [MainThread] DDL completed in 0.33s (success=True)
2026-09-21 22:04:00,202 [MainThread] [LT-VAR63-64U4-IP] verification=PASS, ddl=0.33s, ops=1130
2026-09-21 22:04:00,203 [MainThread] === Large Table [VAR63-64U4-IT] VARCHAR(63)->VARCHAR(64) INSTANT 100000 rows ===
2026-09-21 22:04:00,448 [MainThread] Populating 100000 rows...
2026-09-21 22:04:00,501 [MainThread]   t_large: initial 5 rows
2026-09-21 22:04:01,567 [MainThread]   t_large: final 100000 rows
2026-09-21 22:04:01,567 [MainThread] Syncing to Oracle table...
2026-09-21 22:04:05,074 [MainThread] Firing INSTANT ALTER on 100000 row table...
2026-09-21 22:04:05,136 [MainThread] DDL completed in 0.06s (success=True)
2026-09-21 22:04:15,739 [MainThread] [LT-VAR63-64U4-IT] verification=PASS, ddl=0.06s, ops=1025
2026-09-21 22:04:15,739 [MainThread] === Large Table [VAR100-200-IP] VARCHAR(100)->VARCHAR(200) INPLACE 100000 rows ===
2026-09-21 22:04:16,015 [MainThread] Populating 100000 rows...
2026-09-21 22:04:16,073 [MainThread]   t_large: initial 5 rows
2026-09-21 22:04:17,362 [MainThread]   t_large: final 100000 rows
2026-09-21 22:04:17,362 [MainThread] Syncing to Oracle table...
2026-09-21 22:04:21,153 [MainThread] Firing INPLACE ALTER on 100000 row table...
2026-09-21 22:04:21,231 [MainThread] DDL completed in 0.08s (success=True)
2026-09-21 22:04:31,759 [MainThread] [LT-VAR100-200-IP] verification=PASS, ddl=0.08s, ops=1130
2026-09-21 22:04:31,759 [MainThread] === Large Table [VAR100-200-IT] VARCHAR(100)->VARCHAR(200) INSTANT 100000 rows ===
2026-09-21 22:04:32,115 [MainThread] Populating 100000 rows...
2026-09-21 22:04:32,183 [MainThread]   t_large: initial 5 rows
2026-09-21 22:04:33,377 [MainThread]   t_large: final 100000 rows
2026-09-21 22:04:33,378 [MainThread] Syncing to Oracle table...
2026-09-21 22:04:36,906 [MainThread] Firing INSTANT ALTER on 100000 row table...
2026-09-21 22:04:36,957 [MainThread] DDL completed in 0.05s (success=True)
2026-09-21 22:04:46,567 [MainThread] [LT-VAR100-200-IT] verification=PASS, ddl=0.05s, ops=1047
2026-09-21 22:04:46,568 [MainThread] === Large Table [BIN10-20-IP] BINARY(10)->BINARY(20) INPLACE 100000 rows ===
2026-09-21 22:04:46,858 [MainThread] Populating 100000 rows...
2026-09-21 22:04:46,919 [MainThread]   t_large: initial 5 rows
2026-09-21 22:04:48,148 [MainThread]   t_large: final 100000 rows
2026-09-21 22:04:48,149 [MainThread] Syncing to Oracle table...
2026-09-21 22:04:51,847 [MainThread] Firing INPLACE ALTER on 100000 row table...
2026-09-21 22:04:52,144 [MainThread] DDL completed in 0.3s (success=True)
2026-09-21 22:05:02,427 [MainThread] [LT-BIN10-20-IP] verification=PASS, ddl=0.3s, ops=1193
2026-09-21 22:05:02,428 [MainThread] === Large Table [BIN10-20-IT] BINARY(10)->BINARY(20) INSTANT 100000 rows ===
2026-09-21 22:05:02,712 [MainThread] Populating 100000 rows...
2026-09-21 22:05:02,772 [MainThread]   t_large: initial 5 rows
2026-09-21 22:05:03,818 [MainThread]   t_large: final 100000 rows
2026-09-21 22:05:03,818 [MainThread] Syncing to Oracle table...
2026-09-21 22:05:07,439 [MainThread] Firing INSTANT ALTER on 100000 row table...
2026-09-21 22:05:07,513 [MainThread] DDL completed in 0.07s (success=True)
2026-09-21 22:05:18,014 [MainThread] [LT-BIN10-20-IT] verification=PASS, ddl=0.07s, ops=1018
2026-09-21 22:05:18,014 [MainThread] === Large Table [BIN40-80-IP] BINARY(40)->BINARY(80) INPLACE 100000 rows ===
2026-09-21 22:05:18,310 [MainThread] Populating 100000 rows...
2026-09-21 22:05:18,371 [MainThread]   t_large: initial 5 rows
2026-09-21 22:05:19,607 [MainThread]   t_large: final 100000 rows
2026-09-21 22:05:19,607 [MainThread] Syncing to Oracle table...
2026-09-21 22:05:23,511 [MainThread] Firing INPLACE ALTER on 100000 row table...
2026-09-21 22:05:23,962 [MainThread] DDL completed in 0.45s (success=True)
2026-09-21 22:05:34,019 [MainThread] [LT-BIN40-80-IP] verification=PASS, ddl=0.45s, ops=1213
2026-09-21 22:05:34,019 [MainThread] === Large Table [VBIN20-40-IP] VARBINARY(20)->VARBINARY(40) INPLACE 100000 rows ===
2026-09-21 22:05:34,313 [MainThread] Populating 100000 rows...
2026-09-21 22:05:34,376 [MainThread]   t_large: initial 5 rows
2026-09-21 22:05:35,638 [MainThread]   t_large: final 100000 rows
2026-09-21 22:05:35,638 [MainThread] Syncing to Oracle table...
2026-09-21 22:05:39,344 [MainThread] Firing INPLACE ALTER on 100000 row table...
2026-09-21 22:05:39,395 [MainThread] DDL completed in 0.05s (success=True)
2026-09-21 22:05:48,845 [MainThread] [LT-VBIN20-40-IP] verification=PASS, ddl=0.05s, ops=1133
2026-09-21 22:05:48,845 [MainThread] === Large Table [VBIN20-40-IT] VARBINARY(20)->VARBINARY(40) INSTANT 100000 rows ===
2026-09-21 22:05:49,098 [MainThread] Populating 100000 rows...
2026-09-21 22:05:49,150 [MainThread]   t_large: initial 5 rows
2026-09-21 22:05:50,183 [MainThread]   t_large: final 100000 rows
2026-09-21 22:05:50,183 [MainThread] Syncing to Oracle table...
2026-09-21 22:05:53,744 [MainThread] Firing INSTANT ALTER on 100000 row table...
2026-09-21 22:05:53,795 [MainThread] DDL completed in 0.05s (success=True)
2026-09-21 22:06:03,222 [MainThread] [LT-VBIN20-40-IT] verification=PASS, ddl=0.05s, ops=1034
2026-09-21 22:06:03,223 [MainThread] === Large Table [VBIN100-200-IP] VARBINARY(100)->VARBINARY(200) INPLACE 100000 rows ===
2026-09-21 22:06:03,497 [MainThread] Populating 100000 rows...
2026-09-21 22:06:03,553 [MainThread]   t_large: initial 5 rows
2026-09-21 22:06:05,425 [MainThread]   t_large: final 100000 rows
2026-09-21 22:06:05,425 [MainThread] Syncing to Oracle table...
2026-09-21 22:06:09,193 [MainThread] Firing INPLACE ALTER on 100000 row table...
2026-09-21 22:06:09,261 [MainThread] DDL completed in 0.07s (success=True)
2026-09-21 22:06:19,651 [MainThread] [LT-VBIN100-200-IP] verification=PASS, ddl=0.07s, ops=1089
2026-09-21 22:06:19,652 [MainThread] === Large Table [DEC10-12-IP] DECIMAL(10,2)->DECIMAL(12,2) INPLACE 100000 rows ===
2026-09-21 22:06:19,971 [MainThread] Populating 100000 rows...
2026-09-21 22:06:20,043 [MainThread]   t_large: initial 6 rows
2026-09-21 22:06:21,337 [MainThread]   t_large: final 100000 rows
2026-09-21 22:06:21,337 [MainThread] Syncing to Oracle table...
2026-09-21 22:06:25,019 [MainThread] Firing INPLACE ALTER on 100000 row table...
2026-09-21 22:06:25,063 [MainThread] DDL completed in 0.04s (success=False)
2026-09-21 22:06:34,215 [MainThread] [LT-DEC10-12-IP] verification=PASS, ddl=0.04s, ops=1099
2026-09-21 22:06:34,215 [MainThread] === Large Table [DEC10-12-IT] DECIMAL(10,2)->DECIMAL(12,2) INSTANT 100000 rows ===
2026-09-21 22:06:34,471 [MainThread] Populating 100000 rows...
2026-09-21 22:06:34,558 [MainThread]   t_large: initial 6 rows
2026-09-21 22:06:36,125 [MainThread]   t_large: final 100000 rows
2026-09-21 22:06:36,125 [MainThread] Syncing to Oracle table...
2026-09-21 22:06:39,724 [MainThread] Firing INSTANT ALTER on 100000 row table...
2026-09-21 22:06:39,771 [MainThread] DDL completed in 0.05s (success=False)
2026-09-21 22:06:49,854 [MainThread] [LT-DEC10-12-IT] verification=PASS, ddl=0.05s, ops=979
2026-09-21 22:06:49,854 [MainThread] === Large Table [DEC18-20-IP] DECIMAL(18,0)->DECIMAL(20,0) INPLACE 100000 rows ===
2026-09-21 22:06:50,118 [MainThread] Populating 100000 rows...
2026-09-21 22:06:50,182 [MainThread]   t_large: initial 6 rows
2026-09-21 22:06:51,396 [MainThread]   t_large: final 100000 rows
2026-09-21 22:06:51,396 [MainThread] Syncing to Oracle table...
2026-09-21 22:06:55,060 [MainThread] Firing INPLACE ALTER on 100000 row table...
2026-09-21 22:06:55,099 [MainThread] DDL completed in 0.04s (success=False)
2026-09-21 22:07:04,400 [MainThread] [LT-DEC18-20-IP] verification=PASS, ddl=0.04s, ops=1106
2026-09-21 22:07:04,401 [MainThread] === Large Table [DEC1-2-IT] DECIMAL(1,0)->DECIMAL(2,0) INSTANT 100000 rows ===
2026-09-21 22:07:04,643 [MainThread] Populating 100000 rows...
2026-09-21 22:07:04,699 [MainThread]   t_large: initial 6 rows
2026-09-21 22:07:05,677 [MainThread]   t_large: final 100000 rows
2026-09-21 22:07:05,677 [MainThread] Syncing to Oracle table...
2026-09-21 22:07:09,280 [MainThread] Firing INSTANT ALTER on 100000 row table...
2026-09-21 22:07:09,332 [MainThread] DDL completed in 0.05s (success=False)
2026-09-21 22:07:19,428 [MainThread] [LT-DEC1-2-IT] verification=PASS, ddl=0.05s, ops=975
2026-09-21 22:07:19,428 [MainThread] === Large Table [DEC6430-6530-IP] DECIMAL(64,30)->DECIMAL(65,30) INPLACE 100000 rows ===
2026-09-21 22:07:19,691 [MainThread] Populating 100000 rows...
2026-09-21 22:07:19,743 [MainThread]   t_large: initial 0 rows
2026-09-21 22:07:19,760 [MainThread]   t_large: final 0 rows
2026-09-21 22:07:19,760 [MainThread] Syncing to Oracle table...
2026-09-21 22:07:22,852 [MainThread] Firing INPLACE ALTER on 0 row table...
2026-09-21 22:07:22,890 [MainThread] DDL completed in 0.04s (success=False)
2026-09-21 22:07:32,070 [MainThread] [LT-DEC6430-6530-IP] verification=PASS, ddl=0.04s, ops=1023
2026-09-21 22:07:32,070 [MainThread] === Large Table [TEXT-T-IP] TINYTEXT->TEXT INPLACE 100000 rows ===
2026-09-21 22:07:33,403 [MainThread] === Large Table [TEXT-T-IT] TINYTEXT->TEXT INSTANT 100000 rows ===
2026-09-21 22:07:33,681 [MainThread] Populating 100000 rows...
2026-09-21 22:07:33,739 [MainThread]   t_large: initial 5 rows
2026-09-21 22:07:34,979 [MainThread]   t_large: final 100000 rows
2026-09-21 22:07:34,979 [MainThread] Syncing to Oracle table...
2026-09-21 22:07:38,748 [MainThread] Firing INSTANT ALTER on 100000 row table...
2026-09-21 22:07:38,788 [MainThread] DDL completed in 0.04s (success=False)
2026-09-21 22:07:47,959 [MainThread] [LT-TEXT-T-IT] verification=PASS, ddl=0.04s, ops=873
2026-09-21 22:07:47,959 [MainThread] === Large Table [TEXT-MT-IP] TEXT->MEDIUMTEXT INPLACE 100000 rows ===
2026-09-21 22:07:48,221 [MainThread] Populating 100000 rows...
2026-09-21 22:07:48,274 [MainThread]   t_large: initial 5 rows
2026-09-21 22:07:50,461 [MainThread]   t_large: final 100000 rows
2026-09-21 22:07:50,461 [MainThread] Syncing to Oracle table...
2026-09-21 22:07:54,982 [MainThread] Firing INPLACE ALTER on 100000 row table...
2026-09-21 22:07:55,020 [MainThread] DDL completed in 0.04s (success=False)
2026-09-21 22:08:04,160 [MainThread] [LT-TEXT-MT-IP] verification=PASS, ddl=0.04s, ops=913
2026-09-21 22:08:04,160 [MainThread] === Large Table [TEXT-MT-IT] TEXT->MEDIUMTEXT INSTANT 100000 rows ===
2026-09-21 22:08:04,435 [MainThread] Populating 100000 rows...
2026-09-21 22:08:04,514 [MainThread]   t_large: initial 5 rows
2026-09-21 22:08:05,730 [MainThread]   t_large: final 100000 rows
2026-09-21 22:08:05,730 [MainThread] Syncing to Oracle table...
2026-09-21 22:08:09,409 [MainThread] Firing INSTANT ALTER on 100000 row table...
2026-09-21 22:08:09,448 [MainThread] DDL completed in 0.04s (success=False)
2026-09-21 22:08:18,620 [MainThread] [LT-TEXT-MT-IT] verification=PASS, ddl=0.04s, ops=947
2026-09-21 22:08:18,621 [MainThread] === Large Table [TEXT-ML-IP] MEDIUMTEXT->LONGTEXT INPLACE 100000 rows ===
2026-09-21 22:08:18,947 [MainThread] Populating 100000 rows...
2026-09-21 22:08:19,013 [MainThread]   t_large: initial 5 rows
2026-09-21 22:08:21,211 [MainThread]   t_large: final 100000 rows
2026-09-21 22:08:21,212 [MainThread] Syncing to Oracle table...
2026-09-21 22:08:25,967 [MainThread] Firing INPLACE ALTER on 100000 row table...
2026-09-21 22:08:26,094 [MainThread] DDL completed in 0.13s (success=False)
2026-09-21 22:08:36,142 [MainThread] [LT-TEXT-ML-IP] verification=PASS, ddl=0.13s, ops=880
2026-09-21 22:08:36,142 [MainThread] === Large Table [TEXT-ML-IT] MEDIUMTEXT->LONGTEXT INSTANT 100000 rows ===
2026-09-21 22:08:36,396 [MainThread] Populating 100000 rows...
2026-09-21 22:08:36,452 [MainThread]   t_large: initial 5 rows
2026-09-21 22:08:37,721 [MainThread]   t_large: final 100000 rows
2026-09-21 22:08:37,722 [MainThread] Syncing to Oracle table...
2026-09-21 22:08:41,503 [MainThread] Firing INSTANT ALTER on 100000 row table...
2026-09-21 22:08:41,540 [MainThread] DDL completed in 0.04s (success=False)
2026-09-21 22:08:50,724 [MainThread] [LT-TEXT-ML-IT] verification=PASS, ddl=0.04s, ops=911
2026-09-21 22:08:50,724 [MainThread] === Large Table [BLOB-B-IP] TINYBLOB->BLOB INPLACE 100000 rows ===
2026-09-21 22:08:51,012 [MainThread] Populating 100000 rows...
2026-09-21 22:08:51,074 [MainThread]   t_large: initial 5 rows
2026-09-21 22:08:52,528 [MainThread]   t_large: final 100000 rows
2026-09-21 22:08:52,528 [MainThread] Syncing to Oracle table...
2026-09-21 22:08:56,366 [MainThread] Firing INPLACE ALTER on 100000 row table...
2026-09-21 22:08:56,410 [MainThread] DDL completed in 0.04s (success=False)
2026-09-21 22:09:06,527 [MainThread] [LT-BLOB-B-IP] verification=PASS, ddl=0.04s, ops=940
2026-09-21 22:09:06,527 [MainThread] === Large Table [BLOB-B-IT] TINYBLOB->BLOB INSTANT 100000 rows ===
2026-09-21 22:09:06,823 [MainThread] Populating 100000 rows...
2026-09-21 22:09:06,910 [MainThread]   t_large: initial 5 rows
2026-09-21 22:09:08,117 [MainThread]   t_large: final 100000 rows
2026-09-21 22:09:08,117 [MainThread] Syncing to Oracle table...
2026-09-21 22:09:11,722 [MainThread] Firing INSTANT ALTER on 100000 row table...
2026-09-21 22:09:11,766 [MainThread] DDL completed in 0.04s (success=False)
2026-09-21 22:09:21,886 [MainThread] [LT-BLOB-B-IT] verification=PASS, ddl=0.04s, ops=990
2026-09-21 22:09:21,887 [MainThread] === Large Table [BLOB-MB-IP] BLOB->MEDIUMBLOB INPLACE 100000 rows ===
2026-09-21 22:09:22,197 [MainThread] Populating 100000 rows...
2026-09-21 22:09:22,260 [MainThread]   t_large: initial 5 rows
2026-09-21 22:09:23,631 [MainThread]   t_large: final 100000 rows
2026-09-21 22:09:23,631 [MainThread] Syncing to Oracle table...
2026-09-21 22:09:27,479 [MainThread] Firing INPLACE ALTER on 100000 row table...
2026-09-21 22:09:27,522 [MainThread] DDL completed in 0.04s (success=False)
2026-09-21 22:09:36,846 [MainThread] [LT-BLOB-MB-IP] verification=PASS, ddl=0.04s, ops=911
2026-09-21 22:09:36,846 [MainThread] === Large Table [BLOB-MB-IT] BLOB->MEDIUMBLOB INSTANT 100000 rows ===
2026-09-21 22:09:37,143 [MainThread] Populating 100000 rows...
2026-09-21 22:09:37,222 [MainThread]   t_large: initial 5 rows
2026-09-21 22:09:38,453 [MainThread]   t_large: final 100000 rows
2026-09-21 22:09:38,453 [MainThread] Syncing to Oracle table...
2026-09-21 22:09:42,060 [MainThread] Firing INSTANT ALTER on 100000 row table...
2026-09-21 22:09:42,103 [MainThread] DDL completed in 0.04s (success=False)
2026-09-21 22:09:51,310 [MainThread] [LT-BLOB-MB-IT] verification=PASS, ddl=0.04s, ops=978
2026-09-21 22:09:51,310 [MainThread] === Large Table [BLOB-ML-IP] MEDIUMBLOB->LONGBLOB INPLACE 100000 rows ===
2026-09-21 22:09:51,578 [MainThread] Populating 100000 rows...
2026-09-21 22:09:51,634 [MainThread]   t_large: initial 5 rows
2026-09-21 22:09:52,978 [MainThread]   t_large: final 100000 rows
2026-09-21 22:09:52,979 [MainThread] Syncing to Oracle table...
2026-09-21 22:09:56,791 [MainThread] Firing INPLACE ALTER on 100000 row table...
2026-09-21 22:09:56,825 [MainThread] DDL completed in 0.03s (success=False)
2026-09-21 22:10:07,083 [MainThread] [LT-BLOB-ML-IP] verification=PASS, ddl=0.03s, ops=950
2026-09-21 22:10:07,083 [MainThread] === Large Table [BIT1-8-IP] BIT(1)->BIT(8) INPLACE 100000 rows ===
2026-09-21 22:10:07,345 [MainThread] Populating 100000 rows...
2026-09-21 22:10:07,400 [MainThread]   t_large: initial 3 rows
2026-09-21 22:10:08,581 [MainThread]   t_large: final 100000 rows
2026-09-21 22:10:08,582 [MainThread] Syncing to Oracle table...
2026-09-21 22:10:12,218 [MainThread] Firing INPLACE ALTER on 100000 row table...
2026-09-21 22:10:12,278 [MainThread] DDL completed in 0.06s (success=False)
2026-09-21 22:10:22,350 [MainThread] [LT-BIT1-8-IP] verification=PASS, ddl=0.06s, ops=1091
2026-09-21 22:10:22,350 [MainThread] === Large Table [BIT1-8-IT] BIT(1)->BIT(8) INSTANT 100000 rows ===
2026-09-21 22:10:22,658 [MainThread] Populating 100000 rows...
2026-09-21 22:10:22,726 [MainThread]   t_large: initial 3 rows
2026-09-21 22:10:23,911 [MainThread]   t_large: final 100000 rows
2026-09-21 22:10:23,911 [MainThread] Syncing to Oracle table...
2026-09-21 22:10:27,482 [MainThread] Firing INSTANT ALTER on 100000 row table...
2026-09-21 22:10:27,527 [MainThread] DDL completed in 0.04s (success=False)
2026-09-21 22:10:37,655 [MainThread] [LT-BIT1-8-IT] verification=PASS, ddl=0.04s, ops=967
2026-09-21 22:10:37,655 [MainThread] === Large Table [BIT8-16-IP] BIT(8)->BIT(16) INPLACE 100000 rows ===
2026-09-21 22:10:37,945 [MainThread] Populating 100000 rows...
2026-09-21 22:10:38,002 [MainThread]   t_large: initial 5 rows
2026-09-21 22:10:39,382 [MainThread]   t_large: final 100000 rows
2026-09-21 22:10:39,382 [MainThread] Syncing to Oracle table...
2026-09-21 22:10:43,078 [MainThread] Firing INPLACE ALTER on 100000 row table...
2026-09-21 22:10:43,117 [MainThread] DDL completed in 0.04s (success=False)
2026-09-21 22:10:52,363 [MainThread] [LT-BIT8-16-IP] verification=PASS, ddl=0.04s, ops=1075
2026-09-21 22:10:52,363 [MainThread] === Large Table [BIT8-16-IT] BIT(8)->BIT(16) INSTANT 100000 rows ===
2026-09-21 22:10:52,656 [MainThread] Populating 100000 rows...
2026-09-21 22:10:52,722 [MainThread]   t_large: initial 5 rows
2026-09-21 22:10:53,810 [MainThread]   t_large: final 100000 rows
2026-09-21 22:10:53,810 [MainThread] Syncing to Oracle table...
2026-09-21 22:10:57,453 [MainThread] Firing INSTANT ALTER on 100000 row table...
2026-09-21 22:10:57,493 [MainThread] DDL completed in 0.04s (success=False)
2026-09-21 22:11:06,681 [MainThread] [LT-BIT8-16-IT] verification=PASS, ddl=0.04s, ops=987
2026-09-21 22:11:06,682 [MainThread] === Large Table [BIT16-32-IP] BIT(16)->BIT(32) INPLACE 100000 rows ===
2026-09-21 22:11:06,991 [MainThread] Populating 100000 rows...
2026-09-21 22:11:07,055 [MainThread]   t_large: initial 5 rows
2026-09-21 22:11:08,335 [MainThread]   t_large: final 100000 rows
2026-09-21 22:11:08,336 [MainThread] Syncing to Oracle table...
2026-09-21 22:11:12,024 [MainThread] Firing INPLACE ALTER on 100000 row table...
2026-09-21 22:11:12,066 [MainThread] DDL completed in 0.04s (success=False)
2026-09-21 22:11:21,271 [MainThread] [LT-BIT16-32-IP] verification=PASS, ddl=0.04s, ops=1096
2026-09-21 22:11:21,271 [MainThread] === Large Table [BIT16-32-IT] BIT(16)->BIT(32) INSTANT 100000 rows ===
2026-09-21 22:11:21,521 [MainThread] Populating 100000 rows...
2026-09-21 22:11:21,602 [MainThread]   t_large: initial 5 rows
2026-09-21 22:11:22,612 [MainThread]   t_large: final 100000 rows
2026-09-21 22:11:22,612 [MainThread] Syncing to Oracle table...
2026-09-21 22:11:26,149 [MainThread] Firing INSTANT ALTER on 100000 row table...
2026-09-21 22:11:26,183 [MainThread] DDL completed in 0.03s (success=False)
2026-09-21 22:11:35,454 [MainThread] [LT-BIT16-32-IT] verification=PASS, ddl=0.03s, ops=909
2026-09-21 22:11:35,454 [MainThread] === Large Table [BIT32-64-IP] BIT(32)->BIT(64) INPLACE 100000 rows ===
2026-09-21 22:11:35,712 [MainThread] Populating 100000 rows...
2026-09-21 22:11:35,765 [MainThread]   t_large: initial 5 rows
2026-09-21 22:11:37,029 [MainThread]   t_large: final 100000 rows
2026-09-21 22:11:37,029 [MainThread] Syncing to Oracle table...
2026-09-21 22:11:40,870 [MainThread] Firing INPLACE ALTER on 100000 row table...
2026-09-21 22:11:40,909 [MainThread] DDL completed in 0.04s (success=False)
2026-09-21 22:11:50,092 [MainThread] [LT-BIT32-64-IP] verification=PASS, ddl=0.04s, ops=1095
2026-09-21 22:11:50,092 [MainThread] === Large Table [BIT32-64-IT] BIT(32)->BIT(64) INSTANT 100000 rows ===
2026-09-21 22:11:50,325 [MainThread] Populating 100000 rows...
2026-09-21 22:11:50,402 [MainThread]   t_large: initial 5 rows
2026-09-21 22:11:51,394 [MainThread]   t_large: final 100000 rows
2026-09-21 22:11:51,394 [MainThread] Syncing to Oracle table...
2026-09-21 22:11:55,011 [MainThread] Firing INSTANT ALTER on 100000 row table...
2026-09-21 22:11:55,046 [MainThread] DDL completed in 0.04s (success=False)
2026-09-21 22:12:04,223 [MainThread] [LT-BIT32-64-IT] verification=PASS, ddl=0.04s, ops=999
2026-09-21 22:12:04,223 [MainThread] Large table summary: 68 total, 67 PASS, 0 FAIL, 1 errors
2026-09-21 22:12:04,238 [MainThread] 
============================================================
2026-09-21 22:12:04,238 [MainThread] LARGE TABLE SUMMARY: 68 total, 67 PASS, 0 FAIL, 1 errors
2026-09-21 22:12:04,238 [MainThread] CSV: /Users/yuyu/PyCharmMiscProject/outputs/ddl_verify_20260919/concurrent_dml/results/large_table_summary.csv
2026-09-21 22:12:04,238 [MainThread] JSON: /Users/yuyu/PyCharmMiscProject/outputs/ddl_verify_20260919/concurrent_dml/results/large_table_detailed.json
2026-09-21 22:12:04,238 [MainThread] ============================================================
