2026-09-21 20:42:40,448 [MainThread] ============================================================
2026-09-21 20:42:40,448 [MainThread] RDS MySQL DDL Large Table Verification Suite (Large Only)
2026-09-21 20:42:40,448 [MainThread] ============================================================
2026-09-21 20:42:40,448 [MainThread] QUICK MODE: reduced to 100K rows per test
2026-09-21 20:42:40,448 [MainThread] 
### Large Table Tests: 41 entries ###
2026-09-21 20:42:40,448 [MainThread] === Large Table Tests: All Types ===
2026-09-21 20:42:40,448 [MainThread] === Large Table [INT-BIGINT-IP] INT->BIGINT INPLACE 100000 rows ===
2026-09-21 20:42:40,712 [MainThread] Populating 100000 rows...
2026-09-21 20:42:40,770 [MainThread]   t_large: initial 9 rows
2026-09-21 20:42:41,924 [MainThread]   t_large: final 100000 rows
2026-09-21 20:42:41,925 [MainThread] Syncing to Oracle table...
2026-09-21 20:42:45,731 [MainThread] Firing INPLACE ALTER on 100000 row table...
2026-09-21 20:42:46,019 [MainThread] DDL completed in 0.29s (success=True)
2026-09-21 20:42:57,213 [MainThread] [LT-INT-BIGINT-IP] verification=PASS, ddl=0.29s, ops=1647
2026-09-21 20:42:57,213 [MainThread] === Large Table [INT-BIGINT-IT] INT->BIGINT INSTANT 100000 rows ===
2026-09-21 20:42:57,438 [MainThread] Populating 100000 rows...
2026-09-21 20:42:57,491 [MainThread]   t_large: initial 9 rows
2026-09-21 20:42:58,362 [MainThread]   t_large: final 100000 rows
2026-09-21 20:42:58,362 [MainThread] Syncing to Oracle table...
2026-09-21 20:43:01,890 [MainThread] Firing INSTANT ALTER on 100000 row table...
2026-09-21 20:43:01,923 [MainThread] DDL completed in 0.03s (success=False)
2026-09-21 20:43:12,045 [MainThread] [LT-INT-BIGINT-IT] verification=FAIL: DDL failed unexpectedly: (1221, 'Incorrect usage of ALGORITHM=INSTANT and LOCK=NONE/SHARED/EXCLUSIVE'), ddl=0.03s, ops=1198
2026-09-21 20:43:12,046 [MainThread] === Large Table [TINY-SMALL-IT] TINYINT->SMALLINT INSTANT 100000 rows ===
2026-09-21 20:43:12,284 [MainThread] Populating 100000 rows...
2026-09-21 20:43:12,338 [MainThread]   t_large: initial 9 rows
2026-09-21 20:43:13,299 [MainThread]   t_large: final 100000 rows
2026-09-21 20:43:13,300 [MainThread] Syncing to Oracle table...
2026-09-21 20:43:16,839 [MainThread] Firing INSTANT ALTER on 100000 row table...
2026-09-21 20:43:16,877 [MainThread] DDL completed in 0.04s (success=False)
2026-09-21 20:43:27,031 [MainThread] [LT-TINY-SMALL-IT] verification=FAIL: DDL failed unexpectedly: (1221, 'Incorrect usage of ALGORITHM=INSTANT and LOCK=NONE/SHARED/EXCLUSIVE'), ddl=0.04s, ops=1207
2026-09-21 20:43:27,032 [MainThread] === Large Table [TINY-INT-IT] TINYINT->INT INSTANT 100000 rows ===
2026-09-21 20:43:27,269 [MainThread] Populating 100000 rows...
2026-09-21 20:43:27,321 [MainThread]   t_large: initial 9 rows
2026-09-21 20:43:28,210 [MainThread]   t_large: final 100000 rows
2026-09-21 20:43:28,210 [MainThread] Syncing to Oracle table...
2026-09-21 20:43:31,683 [MainThread] Firing INSTANT ALTER on 100000 row table...
2026-09-21 20:43:31,717 [MainThread] DDL completed in 0.03s (success=False)
