2026-09-21 20:44:00,294 [MainThread] ============================================================
2026-09-21 20:44:00,294 [MainThread] RDS MySQL DDL Large Table Verification Suite (Large Only)
2026-09-21 20:44:00,294 [MainThread] ============================================================
2026-09-21 20:44:00,294 [MainThread] QUICK MODE: reduced to 100K rows per test
2026-09-21 20:44:00,294 [MainThread] 
### Large Table Tests: 41 entries ###
2026-09-21 20:44:00,294 [MainThread] === Large Table Tests: All Types ===
2026-09-21 20:44:00,294 [MainThread] === Large Table [INT-BIGINT-IP] INT->BIGINT INPLACE 100000 rows ===
2026-09-21 20:44:00,518 [MainThread] Populating 100000 rows...
2026-09-21 20:44:00,569 [MainThread]   t_large: initial 9 rows
2026-09-21 20:44:01,669 [MainThread]   t_large: final 100000 rows
2026-09-21 20:44:01,669 [MainThread] Syncing to Oracle table...
2026-09-21 20:44:05,323 [MainThread] Firing INPLACE ALTER on 100000 row table...
2026-09-21 20:44:05,577 [MainThread] DDL completed in 0.25s (success=True)
2026-09-21 20:44:16,828 [MainThread] [LT-INT-BIGINT-IP] verification=PASS, ddl=0.25s, ops=1515
2026-09-21 20:44:16,828 [MainThread] === Large Table [INT-BIGINT-IT] INT->BIGINT INSTANT 100000 rows ===
2026-09-21 20:44:17,102 [MainThread] Populating 100000 rows...
2026-09-21 20:44:17,165 [MainThread]   t_large: initial 9 rows
2026-09-21 20:44:18,101 [MainThread]   t_large: final 100000 rows
2026-09-21 20:44:18,101 [MainThread] Syncing to Oracle table...
2026-09-21 20:44:21,672 [MainThread] Firing INSTANT ALTER on 100000 row table...
2026-09-21 20:44:21,716 [MainThread] DDL completed in 0.04s (success=True)
2026-09-21 20:44:32,347 [MainThread] [LT-INT-BIGINT-IT] verification=PASS, ddl=0.04s, ops=1329
2026-09-21 20:44:32,347 [MainThread] === Large Table [TINY-SMALL-IT] TINYINT->SMALLINT INSTANT 100000 rows ===
2026-09-21 20:44:32,591 [MainThread] Populating 100000 rows...
2026-09-21 20:44:32,647 [MainThread]   t_large: initial 9 rows
2026-09-21 20:44:33,553 [MainThread]   t_large: final 100000 rows
2026-09-21 20:44:33,553 [MainThread] Syncing to Oracle table...
2026-09-21 20:44:37,029 [MainThread] Firing INSTANT ALTER on 100000 row table...
2026-09-21 20:44:37,072 [MainThread] DDL completed in 0.04s (success=True)
2026-09-21 20:44:47,600 [MainThread] [LT-TINY-SMALL-IT] verification=PASS, ddl=0.04s, ops=1335
2026-09-21 20:44:47,600 [MainThread] === Large Table [TINY-INT-IT] TINYINT->INT INSTANT 100000 rows ===
2026-09-21 20:44:47,855 [MainThread] Populating 100000 rows...
2026-09-21 20:44:47,916 [MainThread]   t_large: initial 9 rows
2026-09-21 20:44:48,860 [MainThread]   t_large: final 100000 rows
2026-09-21 20:44:48,860 [MainThread] Syncing to Oracle table...
2026-09-21 20:44:52,382 [MainThread] Firing INSTANT ALTER on 100000 row table...
2026-09-21 20:44:52,427 [MainThread] DDL completed in 0.04s (success=True)
2026-09-21 20:45:02,958 [MainThread] [LT-TINY-INT-IT] verification=PASS, ddl=0.04s, ops=1386
2026-09-21 20:45:02,958 [MainThread] === Large Table [SMALL-MED-IP] SMALLINT->MEDIUMINT INPLACE 100000 rows ===
2026-09-21 20:45:03,216 [MainThread] Populating 100000 rows...
2026-09-21 20:45:03,272 [MainThread]   t_large: initial 9 rows
2026-09-21 20:45:04,373 [MainThread]   t_large: final 100000 rows
2026-09-21 20:45:04,374 [MainThread] Syncing to Oracle table...
2026-09-21 20:45:08,065 [MainThread] Firing INPLACE ALTER on 100000 row table...
2026-09-21 20:45:08,396 [MainThread] DDL completed in 0.33s (success=True)
2026-09-21 20:45:19,652 [MainThread] [LT-SMALL-MED-IP] verification=PASS, ddl=0.33s, ops=1458
2026-09-21 20:45:19,652 [MainThread] === Large Table [SMALL-MED-IT] SMALLINT->MEDIUMINT INSTANT 100000 rows ===
2026-09-21 20:45:19,906 [MainThread] Populating 100000 rows...
2026-09-21 20:45:19,965 [MainThread]   t_large: initial 9 rows
2026-09-21 20:45:20,917 [MainThread]   t_large: final 100000 rows
2026-09-21 20:45:20,917 [MainThread] Syncing to Oracle table...
2026-09-21 20:45:24,444 [MainThread] Firing INSTANT ALTER on 100000 row table...
2026-09-21 20:45:24,508 [MainThread] DDL completed in 0.06s (success=True)
2026-09-21 20:45:36,054 [MainThread] [LT-SMALL-MED-IT] verification=PASS, ddl=0.06s, ops=1394
2026-09-21 20:45:36,054 [MainThread] === Large Table [MED-INT-IP] MEDIUMINT->INT INPLACE 100000 rows ===
2026-09-21 20:45:36,309 [MainThread] Populating 100000 rows...
2026-09-21 20:45:36,368 [MainThread]   t_large: initial 9 rows
2026-09-21 20:45:37,538 [MainThread]   t_large: final 100000 rows
2026-09-21 20:45:37,539 [MainThread] Syncing to Oracle table...
2026-09-21 20:45:41,289 [MainThread] Firing INPLACE ALTER on 100000 row table...
2026-09-21 20:45:41,657 [MainThread] DDL completed in 0.37s (success=True)
2026-09-21 20:45:52,845 [MainThread] [LT-MED-INT-IP] verification=PASS, ddl=0.37s, ops=1471
2026-09-21 20:45:52,846 [MainThread] === Large Table [MED-INT-IT] MEDIUMINT->INT INSTANT 100000 rows ===
2026-09-21 20:45:53,111 [MainThread] Populating 100000 rows...
2026-09-21 20:45:53,169 [MainThread]   t_large: initial 9 rows
2026-09-21 20:45:54,087 [MainThread]   t_large: final 100000 rows
2026-09-21 20:45:54,087 [MainThread] Syncing to Oracle table...
2026-09-21 20:45:57,575 [MainThread] Firing INSTANT ALTER on 100000 row table...
2026-09-21 20:45:57,641 [MainThread] DDL completed in 0.07s (success=True)
2026-09-21 20:46:08,350 [MainThread] [LT-MED-INT-IT] verification=PASS, ddl=0.07s, ops=1352
2026-09-21 20:46:08,351 [MainThread] === Large Table [INTU-BIGINTU-IP] INT UNSIGNED->BIGINT UNSIGNED INPLACE 100000 rows ===
2026-09-21 20:46:08,594 [MainThread] Populating 100000 rows...
2026-09-21 20:46:08,651 [MainThread]   t_large: initial 0 rows
2026-09-21 20:46:08,669 [MainThread]   t_large: final 0 rows
2026-09-21 20:46:08,669 [MainThread] Syncing to Oracle table...
2026-09-21 20:46:11,751 [MainThread] Firing INPLACE ALTER on 0 row table...
2026-09-21 20:46:11,809 [MainThread] DDL completed in 0.06s (success=True)
2026-09-21 20:46:22,102 [MainThread] [LT-INTU-BIGINTU-IP] verification=PASS, ddl=0.06s, ops=1493
2026-09-21 20:46:22,102 [MainThread] === Large Table [INTU-BIGINTU-IT] INT UNSIGNED->BIGINT UNSIGNED INSTANT 100000 rows ===
2026-09-21 20:46:22,350 [MainThread] Populating 100000 rows...
2026-09-21 20:46:22,408 [MainThread]   t_large: initial 0 rows
2026-09-21 20:46:22,426 [MainThread]   t_large: final 0 rows
2026-09-21 20:46:22,426 [MainThread] Syncing to Oracle table...
2026-09-21 20:46:25,511 [MainThread] Firing INSTANT ALTER on 0 row table...
2026-09-21 20:46:25,554 [MainThread] DDL completed in 0.04s (success=True)
2026-09-21 20:46:35,862 [MainThread] [LT-INTU-BIGINTU-IT] verification=PASS, ddl=0.04s, ops=1487
2026-09-21 20:46:35,862 [MainThread] === Large Table [TINYU-SMALLU-IT] TINYINT UNSIGNED->SMALLINT UNSIGNED INSTANT 100000 rows ===
2026-09-21 20:46:36,207 [MainThread] Populating 100000 rows...
2026-09-21 20:46:36,267 [MainThread]   t_large: initial 0 rows
2026-09-21 20:46:36,288 [MainThread]   t_large: final 0 rows
2026-09-21 20:46:36,288 [MainThread] Syncing to Oracle table...
2026-09-21 20:46:39,371 [MainThread] Firing INSTANT ALTER on 0 row table...
2026-09-21 20:46:39,423 [MainThread] DDL completed in 0.05s (success=True)
2026-09-21 20:46:49,747 [MainThread] [LT-TINYU-SMALLU-IT] verification=PASS, ddl=0.05s, ops=1427
2026-09-21 20:46:49,747 [MainThread] === Large Table [CHAR1-2-IP] CHAR(1)->CHAR(2) INPLACE 100000 rows ===
2026-09-21 20:46:50,002 [MainThread] Populating 100000 rows...
2026-09-21 20:46:50,060 [MainThread]   t_large: initial 5 rows
2026-09-21 20:46:51,207 [MainThread]   t_large: final 100000 rows
2026-09-21 20:46:51,207 [MainThread] Syncing to Oracle table...
