2026-09-21 20:26:12,839 [MainThread] ============================================================
2026-09-21 20:26:12,839 [MainThread] RDS MySQL DDL Large Table Verification Suite (Large Only)
2026-09-21 20:26:12,839 [MainThread] ============================================================
2026-09-21 20:26:12,839 [MainThread] QUICK MODE: reduced to 100K rows per test
2026-09-21 20:26:12,839 [MainThread] 
### Large Table Tests: 41 entries ###
2026-09-21 20:26:12,839 [MainThread] === Large Table Tests: All Types ===
2026-09-21 20:26:12,839 [MainThread] === Large Table [INT-BIGINT-IP] INT->BIGINT INPLACE 100000 rows ===
2026-09-21 20:26:13,082 [MainThread] Populating 100000 rows...
2026-09-21 20:26:13,133 [MainThread]   t_large: initial 9 rows
2026-09-21 20:26:14,145 [MainThread]   t_large: final 100000 rows
2026-09-21 20:26:14,145 [MainThread] Syncing to Oracle table...
2026-09-21 20:26:17,922 [MainThread] Firing INPLACE ALTER on 100000 row table...
2026-09-21 20:26:18,260 [MainThread] DDL completed in 0.34s (success=True)
2026-09-21 20:26:29,447 [MainThread] [LT-INT-BIGINT-IP] verification=PASS, ddl=0.34s, ops=1306
2026-09-21 20:26:29,447 [MainThread] === Large Table [INT-BIGINT-IT] INT->BIGINT INSTANT 100000 rows ===
2026-09-21 20:26:29,676 [MainThread] Populating 100000 rows...
2026-09-21 20:26:29,729 [MainThread]   t_large: initial 9 rows
2026-09-21 20:26:30,689 [MainThread]   t_large: final 100000 rows
2026-09-21 20:26:30,689 [MainThread] Syncing to Oracle table...
2026-09-21 20:26:34,242 [MainThread] Firing INSTANT ALTER on 100000 row table...
2026-09-21 20:26:34,286 [MainThread] DDL completed in 0.04s (success=True)
2026-09-21 20:26:45,816 [MainThread] [LT-INT-BIGINT-IT] verification=PASS, ddl=0.04s, ops=1052
2026-09-21 20:26:45,816 [MainThread] === Large Table [TINY-SMALL-IT] TINYINT->SMALLINT INSTANT 100000 rows ===
2026-09-21 20:26:46,064 [MainThread] Populating 100000 rows...
2026-09-21 20:26:46,120 [MainThread]   t_large: initial 9 rows
2026-09-21 20:26:47,030 [MainThread]   t_large: final 100000 rows
2026-09-21 20:26:47,030 [MainThread] Syncing to Oracle table...
2026-09-21 20:26:50,499 [MainThread] Firing INSTANT ALTER on 100000 row table...
2026-09-21 20:26:50,542 [MainThread] DDL completed in 0.04s (success=True)
2026-09-21 20:27:01,984 [MainThread] [LT-TINY-SMALL-IT] verification=PASS, ddl=0.04s, ops=1066
2026-09-21 20:27:01,985 [MainThread] === Large Table [TINY-INT-IT] TINYINT->INT INSTANT 100000 rows ===
2026-09-21 20:27:02,256 [MainThread] Populating 100000 rows...
2026-09-21 20:27:02,315 [MainThread]   t_large: initial 9 rows
2026-09-21 20:27:03,320 [MainThread]   t_large: final 100000 rows
2026-09-21 20:27:03,320 [MainThread] Syncing to Oracle table...
2026-09-21 20:27:06,834 [MainThread] Firing INSTANT ALTER on 100000 row table...
2026-09-21 20:27:06,889 [MainThread] DDL completed in 0.05s (success=True)
2026-09-21 20:27:18,390 [MainThread] [LT-TINY-INT-IT] verification=PASS, ddl=0.05s, ops=1129
2026-09-21 20:27:18,390 [MainThread] === Large Table [SMALL-MED-IP] SMALLINT->MEDIUMINT INPLACE 100000 rows ===
2026-09-21 20:27:18,619 [MainThread] Populating 100000 rows...
2026-09-21 20:27:18,673 [MainThread]   t_large: initial 9 rows
2026-09-21 20:27:19,685 [MainThread]   t_large: final 100000 rows
2026-09-21 20:27:19,685 [MainThread] Syncing to Oracle table...
2026-09-21 20:27:23,315 [MainThread] Firing INPLACE ALTER on 100000 row table...
2026-09-21 20:27:23,586 [MainThread] DDL completed in 0.27s (success=True)
2026-09-21 20:27:34,786 [MainThread] [LT-SMALL-MED-IP] verification=PASS, ddl=0.27s, ops=1351
2026-09-21 20:27:34,786 [MainThread] === Large Table [SMALL-MED-IT] SMALLINT->MEDIUMINT INSTANT 100000 rows ===
2026-09-21 20:27:35,014 [MainThread] Populating 100000 rows...
2026-09-21 20:27:35,067 [MainThread]   t_large: initial 9 rows
2026-09-21 20:27:36,039 [MainThread]   t_large: final 100000 rows
2026-09-21 20:27:36,040 [MainThread] Syncing to Oracle table...
2026-09-21 20:27:39,574 [MainThread] Firing INSTANT ALTER on 100000 row table...
2026-09-21 20:27:39,615 [MainThread] DDL completed in 0.04s (success=True)
2026-09-21 20:27:50,188 [MainThread] [LT-SMALL-MED-IT] verification=PASS, ddl=0.04s, ops=1084
2026-09-21 20:27:50,189 [MainThread] === Large Table [MED-INT-IP] MEDIUMINT->INT INPLACE 100000 rows ===
2026-09-21 20:27:50,435 [MainThread] Populating 100000 rows...
2026-09-21 20:27:50,489 [MainThread]   t_large: initial 9 rows
2026-09-21 20:27:51,582 [MainThread]   t_large: final 100000 rows
2026-09-21 20:27:51,582 [MainThread] Syncing to Oracle table...
2026-09-21 20:27:55,268 [MainThread] Firing INPLACE ALTER on 100000 row table...
2026-09-21 20:27:55,588 [MainThread] DDL completed in 0.32s (success=True)
2026-09-21 20:28:06,813 [MainThread] [LT-MED-INT-IP] verification=PASS, ddl=0.32s, ops=1286
2026-09-21 20:28:06,813 [MainThread] === Large Table [MED-INT-IT] MEDIUMINT->INT INSTANT 100000 rows ===
2026-09-21 20:28:07,028 [MainThread] Populating 100000 rows...
2026-09-21 20:28:07,078 [MainThread]   t_large: initial 9 rows
2026-09-21 20:28:07,932 [MainThread]   t_large: final 100000 rows
2026-09-21 20:28:07,932 [MainThread] Syncing to Oracle table...
2026-09-21 20:28:11,406 [MainThread] Firing INSTANT ALTER on 100000 row table...
2026-09-21 20:28:11,445 [MainThread] DDL completed in 0.04s (success=True)
2026-09-21 20:28:22,878 [MainThread] [LT-MED-INT-IT] verification=PASS, ddl=0.04s, ops=1108
2026-09-21 20:28:22,878 [MainThread] === Large Table [INTU-BIGINTU-IP] INT UNSIGNED->BIGINT UNSIGNED INPLACE 100000 rows ===
2026-09-21 20:28:23,155 [MainThread] Populating 100000 rows...
2026-09-21 20:28:23,220 [MainThread]   t_large: initial 0 rows
2026-09-21 20:28:23,241 [MainThread]   t_large: final 0 rows
2026-09-21 20:28:23,241 [MainThread] Syncing to Oracle table...
2026-09-21 20:28:26,334 [MainThread] Firing INPLACE ALTER on 0 row table...
2026-09-21 20:28:26,387 [MainThread] DDL completed in 0.05s (success=True)
2026-09-21 20:28:37,651 [MainThread] [LT-INTU-BIGINTU-IP] verification=PASS, ddl=0.05s, ops=1228
2026-09-21 20:28:37,651 [MainThread] === Large Table [INTU-BIGINTU-IT] INT UNSIGNED->BIGINT UNSIGNED INSTANT 100000 rows ===
2026-09-21 20:28:37,885 [MainThread] Populating 100000 rows...
2026-09-21 20:28:37,936 [MainThread]   t_large: initial 0 rows
2026-09-21 20:28:37,952 [MainThread]   t_large: final 0 rows
2026-09-21 20:28:37,952 [MainThread] Syncing to Oracle table...
2026-09-21 20:28:41,020 [MainThread] Firing INSTANT ALTER on 0 row table...
2026-09-21 20:28:41,058 [MainThread] DDL completed in 0.04s (success=True)
2026-09-21 20:28:51,342 [MainThread] [LT-INTU-BIGINTU-IT] verification=PASS, ddl=0.04s, ops=1261
2026-09-21 20:28:51,342 [MainThread] === Large Table [TINYU-SMALLU-IT] TINYINT UNSIGNED->SMALLINT UNSIGNED INSTANT 100000 rows ===
2026-09-21 20:28:51,572 [MainThread] Populating 100000 rows...
2026-09-21 20:28:51,625 [MainThread]   t_large: initial 0 rows
2026-09-21 20:28:51,643 [MainThread]   t_large: final 0 rows
2026-09-21 20:28:51,643 [MainThread] Syncing to Oracle table...
2026-09-21 20:28:54,718 [MainThread] Firing INSTANT ALTER on 0 row table...
2026-09-21 20:28:54,763 [MainThread] DDL completed in 0.04s (success=True)
2026-09-21 20:29:05,997 [MainThread] [LT-TINYU-SMALLU-IT] verification=PASS, ddl=0.04s, ops=1244
2026-09-21 20:29:05,997 [MainThread] === Large Table [CHAR1-2-IP] CHAR(1)->CHAR(2) INPLACE 100000 rows ===
2026-09-21 20:29:06,225 [MainThread] Populating 100000 rows...
2026-09-21 20:29:06,311 [MainThread] [LT-CHAR1-2-IP] verification=None, ddl=Nones, ops=None
2026-09-21 20:29:06,311 [MainThread] === Large Table [CHAR1-2-IT] CHAR(1)->CHAR(2) INSTANT 100000 rows ===
2026-09-21 20:29:06,538 [MainThread] Populating 100000 rows...
2026-09-21 20:29:06,625 [MainThread] [LT-CHAR1-2-IT] verification=None, ddl=Nones, ops=None
2026-09-21 20:29:06,625 [MainThread] === Large Table [CHAR63-64-IT] CHAR(63)->CHAR(64) INSTANT 100000 rows ===
2026-09-21 20:29:06,863 [MainThread] Populating 100000 rows...
2026-09-21 20:29:06,944 [MainThread] [LT-CHAR63-64-IT] verification=None, ddl=Nones, ops=None
2026-09-21 20:29:06,944 [MainThread] === Large Table [CHAR254-255-IP] CHAR(254)->CHAR(255) INPLACE 100000 rows ===
2026-09-21 20:29:07,194 [MainThread] Populating 100000 rows...
2026-09-21 20:29:07,278 [MainThread] [LT-CHAR254-255-IP] verification=None, ddl=Nones, ops=None
2026-09-21 20:29:07,278 [MainThread] === Large Table [VAR254-255-IP] VARCHAR(254)->VARCHAR(255) INPLACE 100000 rows ===
2026-09-21 20:29:07,532 [MainThread] Populating 100000 rows...
2026-09-21 20:29:07,617 [MainThread] [LT-VAR254-255-IP] verification=None, ddl=Nones, ops=None
2026-09-21 20:29:07,617 [MainThread] === Large Table [VAR254-255-IT] VARCHAR(254)->VARCHAR(255) INSTANT 100000 rows ===
2026-09-21 20:29:07,851 [MainThread] Populating 100000 rows...
2026-09-21 20:29:07,928 [MainThread] [LT-VAR254-255-IT] verification=None, ddl=Nones, ops=None
2026-09-21 20:29:07,929 [MainThread] === Large Table [VAR255-256-IP] VARCHAR(255)->VARCHAR(256) INPLACE 100000 rows ===
2026-09-21 20:29:08,151 [MainThread] Populating 100000 rows...
2026-09-21 20:29:08,226 [MainThread] [LT-VAR255-256-IP] verification=None, ddl=Nones, ops=None
2026-09-21 20:29:08,226 [MainThread] === Large Table [VAR255-256-IT] VARCHAR(255)->VARCHAR(256) INSTANT 100000 rows ===
2026-09-21 20:29:08,468 [MainThread] Populating 100000 rows...
2026-09-21 20:29:08,548 [MainThread] [LT-VAR255-256-IT] verification=None, ddl=Nones, ops=None
2026-09-21 20:29:08,548 [MainThread] === Large Table [VAR100-200-IP] VARCHAR(100)->VARCHAR(200) INPLACE 100000 rows ===
2026-09-21 20:29:08,790 [MainThread] Populating 100000 rows...
2026-09-21 20:29:08,869 [MainThread] [LT-VAR100-200-IP] verification=None, ddl=Nones, ops=None
2026-09-21 20:29:08,869 [MainThread] === Large Table [VAR100-200-IT] VARCHAR(100)->VARCHAR(200) INSTANT 100000 rows ===
2026-09-21 20:29:09,078 [MainThread] Populating 100000 rows...
2026-09-21 20:29:09,148 [MainThread] [LT-VAR100-200-IT] verification=None, ddl=Nones, ops=None
2026-09-21 20:29:09,148 [MainThread] === Large Table [BIN10-20-IP] BINARY(10)->BINARY(20) INPLACE 100000 rows ===
2026-09-21 20:29:09,405 [MainThread] Populating 100000 rows...
2026-09-21 20:29:09,467 [MainThread]   t_large: initial 5 rows
2026-09-21 20:29:10,697 [MainThread]   t_large: final 100000 rows
2026-09-21 20:29:10,697 [MainThread] Syncing to Oracle table...
2026-09-21 20:29:14,387 [MainThread] Firing INPLACE ALTER on 100000 row table...
2026-09-21 20:29:14,683 [MainThread] DDL completed in 0.3s (success=True)
2026-09-21 20:29:25,618 [MainThread] [LT-BIN10-20-IP] verification=None, ddl=0.3s, ops=1177
2026-09-21 20:29:25,618 [MainThread] === Large Table [BIN10-20-IT] BINARY(10)->BINARY(20) INSTANT 100000 rows ===
2026-09-21 20:29:25,885 [MainThread] Populating 100000 rows...
2026-09-21 20:29:25,948 [MainThread]   t_large: initial 5 rows
2026-09-21 20:29:27,018 [MainThread]   t_large: final 100000 rows
2026-09-21 20:29:27,018 [MainThread] Syncing to Oracle table...
2026-09-21 20:29:30,588 [MainThread] Firing INSTANT ALTER on 100000 row table...
2026-09-21 20:29:30,660 [MainThread] DDL completed in 0.07s (success=True)
2026-09-21 20:29:41,171 [MainThread] [LT-BIN10-20-IT] verification=FAIL: ddl_match=False, mismatches=0, dml_err=0.00%, new_range=True, count_diff=0, ddl=0.07s, ops=1032
2026-09-21 20:29:41,171 [MainThread] === Large Table [BIN40-80-IP] BINARY(40)->BINARY(80) INPLACE 100000 rows ===
2026-09-21 20:29:41,416 [MainThread] Populating 100000 rows...
2026-09-21 20:29:41,472 [MainThread]   t_large: initial 5 rows
2026-09-21 20:29:42,645 [MainThread]   t_large: final 100000 rows
2026-09-21 20:29:42,645 [MainThread] Syncing to Oracle table...
2026-09-21 20:29:46,574 [MainThread] Firing INPLACE ALTER on 100000 row table...
2026-09-21 20:29:47,111 [MainThread] DDL completed in 0.54s (success=True)
2026-09-21 20:29:57,827 [MainThread] [LT-BIN40-80-IP] verification=FAIL: ddl_match=True, mismatches=0, dml_err=33.16%, new_range=True, count_diff=9913, ddl=0.54s, ops=1149
2026-09-21 20:29:57,828 [MainThread] === Large Table [VBIN20-40-IP] VARBINARY(20)->VARBINARY(40) INPLACE 100000 rows ===
2026-09-21 20:29:58,082 [MainThread] Populating 100000 rows...
2026-09-21 20:29:58,146 [MainThread]   t_large: initial 7 rows
2026-09-21 20:29:59,326 [MainThread]   t_large: final 100008 rows
2026-09-21 20:29:59,326 [MainThread] Syncing to Oracle table...
2026-09-21 20:30:02,439 [MainThread] Firing INPLACE ALTER on 100008 row table...
2026-09-21 20:30:02,480 [MainThread] DDL completed in 0.04s (success=True)
2026-09-21 20:30:12,656 [MainThread] [LT-VBIN20-40-IP] verification=None, ddl=0.04s, ops=347
2026-09-21 20:30:12,656 [MainThread] === Large Table [VBIN20-40-IT] VARBINARY(20)->VARBINARY(40) INSTANT 100000 rows ===
2026-09-21 20:30:12,885 [MainThread] Populating 100000 rows...
2026-09-21 20:30:12,937 [MainThread]   t_large: initial 5 rows
2026-09-21 20:30:13,834 [MainThread]   t_large: final 100000 rows
2026-09-21 20:30:13,834 [MainThread] Syncing to Oracle table...
2026-09-21 20:30:17,325 [MainThread] Firing INSTANT ALTER on 100000 row table...
2026-09-21 20:30:17,365 [MainThread] DDL completed in 0.04s (success=True)
2026-09-21 20:30:28,733 [MainThread] [LT-VBIN20-40-IT] verification=FAIL: ddl_match=False, mismatches=0, dml_err=0.00%, new_range=True, count_diff=0, ddl=0.04s, ops=1069
2026-09-21 20:30:28,733 [MainThread] === Large Table [VBIN100-200-IP] VARBINARY(100)->VARBINARY(200) INPLACE 100000 rows ===
2026-09-21 20:30:28,972 [MainThread] Populating 100000 rows...
2026-09-21 20:30:29,026 [MainThread]   t_large: initial 5 rows
2026-09-21 20:30:30,195 [MainThread]   t_large: final 100000 rows
2026-09-21 20:30:30,195 [MainThread] Syncing to Oracle table...
2026-09-21 20:30:33,863 [MainThread] Firing INPLACE ALTER on 100000 row table...
2026-09-21 20:30:33,902 [MainThread] DDL completed in 0.04s (success=True)
2026-09-21 20:30:45,281 [MainThread] [LT-VBIN100-200-IP] verification=PASS, ddl=0.04s, ops=1169
2026-09-21 20:30:45,281 [MainThread] === Large Table [DEC10-12-IP] DECIMAL(10,2)->DECIMAL(12,2) INPLACE 100000 rows ===
2026-09-21 20:30:45,532 [MainThread] Populating 100000 rows...
2026-09-21 20:30:45,591 [MainThread]   t_large: initial 6 rows
2026-09-21 20:30:46,218 [MainThread]   t_large: final 60 rows
2026-09-21 20:30:46,218 [MainThread] Syncing to Oracle table...
2026-09-21 20:30:49,302 [MainThread] Firing INPLACE ALTER on 60 row table...
2026-09-21 20:30:49,340 [MainThread] DDL completed in 0.04s (success=False)
