2026-09-21 01:11:43,156 [MainThread] ============================================================
2026-09-21 01:11:43,156 [MainThread] RDS MySQL DDL Concurrent DML Verification Suite
2026-09-21 01:11:43,156 [MainThread] ============================================================
2026-09-21 01:11:43,156 [MainThread] 
### Phase 1: Individual Test Cases ###
2026-09-21 01:11:43,156 [MainThread] === Max Column Count Test (1017 columns) ===
2026-09-21 01:11:44,909 [MainThread] Max column test results: {
  "instant": {
    "success": true,
    "duration": 0.3285,
    "error": null,
    "data_check": "(1015,)"
  },
  "inplace": {
    "success": true,
    "duration": 0.1851,
    "error": null,
    "data_check": "(1015,)"
  }
}
2026-09-21 01:11:44,909 [MainThread] === Consecutive INSTANT Performance Test ===
